ASxxxx Linker V03.00 + NoICE + sdld,  page 1.
Hexadecimal  [32-Bits]

Area                                    Addr        Size        Decimal Bytes (Attributes)
--------------------------------        ----        ----        ------- ----- ------------
.  .ABS.                            00000000    00000000 =           0. bytes (ABS,CON)

      Value  Global                              Global Defined In Module
      -----  --------------------------------   ------------------------
     FFFFFFFF  s_SSEG                          
     00000000  .__.ABS.                           
     00000000  l_CABS                          
     00000000  l_DABS                          
     00000000  l__CODE                         
     00000000  s_.debug_abbrev                 
     00000000  s_.debug_frame                  
     00000000  s_.debug_info                   
     00000000  s_.debug_line                   
     00000000  s_.debug_loc                    
     00000000  s_.debug_pubnames               
     00000000  s_CABS                          
     00000000  s_DABS                          
     00000000  s__CODE                         
     00000001  l_SSEG                          
     00000001  s_DATA                          
     00000003  l_GSFINAL                       
     0000000C  l_CONST                         
     0000001A  l_GSINIT                        
     00000020  l_DATA                          
     00000021  s_INITIALIZED                   
     0000002D  l_INITIALIZED                   
     0000002D  l_INITIALIZER                   
     00000057  l_HOME                          
     00000423  l_.debug_pubnames               
     00000510  l_.debug_abbrev                 
     00000E5A  l_CODE                          
     00000F8C  l_.debug_frame                  
     000011D0  l_.debug_loc                    
     00001279  l_.debug_line                   
     000014B5  l_.debug_info                   
     00008000  s_HOME                          
     00008057  s_GSINIT                        
     00008071  s_GSFINAL                       
     00008074  s_CONST                         
     00008080  s_INITIALIZER                   
     000080AD  s_CODE                          

ASxxxx Linker V03.00 + NoICE + sdld,  page 2.
Hexadecimal  [32-Bits]

Area                                    Addr        Size        Decimal Bytes (Attributes)
--------------------------------        ----        ----        ------- ----- ------------
DATA                                00000001    00000020 =          32. bytes (REL,CON)

      Value  Global                              Global Defined In Module
      -----  --------------------------------   ------------------------
     00000001  G$DS3231_TimeSturcture$0_0$0       ds3231
     00000001  _DS3231_TimeSturcture              ds3231
     00000009  G$GPS_TimeDataSturcture$0_0$0      gps
     00000009  _GPS_TimeDataSturcture             gps

ASxxxx Linker V03.00 + NoICE + sdld,  page 3.
Hexadecimal  [32-Bits]

Area                                    Addr        Size        Decimal Bytes (Attributes)
--------------------------------        ----        ----        ------- ----- ------------
INITIALIZED                         00000021    0000002D =          45. bytes (REL,CON)

      Value  Global                              Global Defined In Module
      -----  --------------------------------   ------------------------
     00000021  G$aaaa$0_0$0                       nixie
     00000021  _aaaa                              nixie
     00000023  G$DS3231_Buf$0_0$0                 ds3231
     00000023  _DS3231_Buf                        ds3231
     0000002B  G$GPS_RxBuf$0_0$0                  gps
     0000002B  _GPS_RxBuf                         gps
     0000004D  Fgps$num$0_0$0                     gps

ASxxxx Linker V03.00 + NoICE + sdld,  page 4.
Hexadecimal  [32-Bits]

Area                                    Addr        Size        Decimal Bytes (Attributes)
--------------------------------        ----        ----        ------- ----- ------------
SSEG                                FFFFFFFF    00000001 =           1. bytes (REL,CON)

      Value  Global                              Global Defined In Module
      -----  --------------------------------   ------------------------
ASxxxx Linker V03.00 + NoICE + sdld,  page 5.
Hexadecimal  [32-Bits]

Area                                    Addr        Size        Decimal Bytes (Attributes)
--------------------------------        ----        ----        ------- ----- ------------
HOME                                00008000    00000057 =          87. bytes (REL,CON)

      Value  Global                              Global Defined In Module
      -----  --------------------------------   ------------------------
     00008000  A$maind/Debug/main$51              main
     00008004  A$maind/Debug/main$52              main
     00008008  A$maind/Debug/main$53              main
     0000800C  A$maind/Debug/main$54              main
     00008010  A$maind/Debug/main$55              main
     00008014  A$maind/Debug/main$56              main
     00008018  A$maind/Debug/main$57              main
     0000801C  A$maind/Debug/main$58              main
     00008020  A$maind/Debug/main$59              main
     00008024  A$maind/Debug/main$60              main
     00008028  A$maind/Debug/main$61              main
     0000802C  A$maind/Debug/main$62              main
     00008030  A$maind/Debug/main$63              main
     00008034  A$maind/Debug/main$64              main
     00008038  A$maind/Debug/main$65              main
     0000803C  A$maind/Debug/main$66              main
     00008040  A$maind/Debug/main$67              main
     00008044  A$maind/Debug/main$68              main
     00008048  A$maind/Debug/main$69              main
     0000804C  A$maind/Debug/main$70              main
     00008050  A$maind/Debug/main$71              main
     00008054  A$maind/Debug/main$106             main

ASxxxx Linker V03.00 + NoICE + sdld,  page 6.
Hexadecimal  [32-Bits]

Area                                    Addr        Size        Decimal Bytes (Attributes)
--------------------------------        ----        ----        ------- ----- ------------
GSINIT                              00008057    0000001A =          26. bytes (REL,CON)

      Value  Global                              Global Defined In Module
      -----  --------------------------------   ------------------------
     00008057  A$maind/Debug/main$82              main
     0000805A  A$maind/Debug/main$83              main
     0000805C  A$maind/Debug/main$85              main
     00008060  A$maind/Debug/main$86              main
     00008061  A$maind/Debug/main$87              main
     00008063  A$maind/Debug/main$89              main
     00008066  A$maind/Debug/main$90              main
     00008068  A$maind/Debug/main$92              main
     0000806B  A$maind/Debug/main$93              main
     0000806E  A$maind/Debug/main$94              main
     0000806F  A$maind/Debug/main$95              main

ASxxxx Linker V03.00 + NoICE + sdld,  page 7.
Hexadecimal  [32-Bits]

Area                                    Addr        Size        Decimal Bytes (Attributes)
--------------------------------        ----        ----        ------- ----- ------------
GSFINAL                             00008071    00000003 =           3. bytes (REL,CON)

      Value  Global                              Global Defined In Module
      -----  --------------------------------   ------------------------
     00008071  A$maind/Debug/main$99              main

ASxxxx Linker V03.00 + NoICE + sdld,  page 8.
Hexadecimal  [32-Bits]

Area                                    Addr        Size        Decimal Bytes (Attributes)
--------------------------------        ----        ----        ------- ----- ------------
CONST                               00008074    0000000C =          12. bytes (REL,CON)

      Value  Global                              Global Defined In Module
      -----  --------------------------------   ------------------------
     00008074  G$HSIDivFactor$0_0$0               stm8s_clk
     00008074  _HSIDivFactor                      stm8s_clk
     00008078  G$CLKPrescTable$0_0$0              stm8s_clk
     00008078  _CLKPrescTable                     stm8s_clk

ASxxxx Linker V03.00 + NoICE + sdld,  page 9.
Hexadecimal  [32-Bits]

Area                                    Addr        Size        Decimal Bytes (Attributes)
--------------------------------        ----        ----        ------- ----- ------------
INITIALIZER                         00008080    0000002D =          45. bytes (REL,CON)

      Value  Global                              Global Defined In Module
      -----  --------------------------------   ------------------------
     00008080  Fnixie$__xinit_aaaa$0_0$0          nixie
     00008082  Fds3231$__xinit_DS3231_Buf$0_0$0   ds3231
     0000808A  Fgps$__xinit_GPS_RxBuf$0_0$0       gps
     000080AC  Fgps$__xinit_num$0_0$0             gps

ASxxxx Linker V03.00 + NoICE + sdld,  page 10.
Hexadecimal  [32-Bits]

Area                                    Addr        Size        Decimal Bytes (Attributes)
--------------------------------        ----        ----        ------- ----- ------------
CODE                                000080AD    00000E5A =        3674. bytes (REL,CON)

      Value  Global                              Global Defined In Module
      -----  --------------------------------   ------------------------
     000080AD  A$maind/Debug/main$121             main
     000080AD  Smain$main$0                       main
     000080AD  Smain$main$1                       main
     000080AD  Smain$main$2                       main
     000080AD  _main                              main
     000080B0  A$maind/Debug/main$124             main
     000080B0  Smain$main$3                       main
     000080B1  A$maind/Debug/main$127             main
     000080B1  Smain$main$4                       main
     000080B4  A$maind/Debug/main$130             main
     000080B4  Smain$main$5                       main
     000080B7  A$maind/Debug/main$133             main
     000080B7  Smain$main$6                       main
     000080BA  A$maind/Debug/main$140             main
     000080BA  Smain$main$7                       main
     000080BA  Smain$main$8                       main
     000080BA  Smain$main$9                       main
     000080BC  A$maind/Debug/main$142             main
     000080BC  Smain$main$10                      main
     000080BE  A$maind/Debug/main$144             main
     000080BE  Smain$main$11                      main
     000080C1  A$maind/Debug/main$145             main
     000080C2  A$maind/Debug/main$149             main
     000080C2  Smain$main$12                      main
     000080C2  Smain$main$13                      main
     000080C5  A$maind/Debug/main$151             main
     000080C5  Smain$main$14                      main
     000080C7  A$maind/Debug/main$156             main
     000080C7  Smain$main$15                      main
     000080C7  Smain$main$16                      main
     000080C7  XG$main$0$0                        main
     000080C8  A$stm8s_gpiog/stm8s_gpio$58        stm8s_gpio
     000080C8  Smain$main$17                      main
     000080C8  Sstm8s_gpio$GPIO_Init$0            stm8s_gpio
     000080C8  Sstm8s_gpio$GPIO_Init$1            stm8s_gpio
     000080C8  _GPIO_Init                         stm8s_gpio
     000080CA  A$stm8s_gpiog/stm8s_gpio$62        stm8s_gpio
     000080CA  Sstm8s_gpio$GPIO_Init$2            stm8s_gpio
     000080CA  Sstm8s_gpio$GPIO_Init$3            stm8s_gpio
     000080CC  A$stm8s_gpiog/stm8s_gpio$63        stm8s_gpio
     000080CD  A$stm8s_gpiog/stm8s_gpio$64        stm8s_gpio
     000080D0  A$stm8s_gpiog/stm8s_gpio$65        stm8s_gpio
     000080D2  A$stm8s_gpiog/stm8s_gpio$66        stm8s_gpio
     000080D3  A$stm8s_gpiog/stm8s_gpio$67        stm8s_gpio
     000080D4  A$stm8s_gpiog/stm8s_gpio$69        stm8s_gpio
     000080D4  Sstm8s_gpio$GPIO_Init$4            stm8s_gpio
     000080D6  A$stm8s_gpiog/stm8s_gpio$70        stm8s_gpio
     000080D7  A$stm8s_gpiog/stm8s_gpio$71        stm8s_gpio
     000080D9  A$stm8s_gpiog/stm8s_gpio$72        stm8s_gpio
     000080DA  A$stm8s_gpiog/stm8s_gpio$74        stm8s_gpio
ASxxxx Linker V03.00 + NoICE + sdld,  page 11.
Hexadecimal  [32-Bits]

Area                                    Addr        Size        Decimal Bytes (Attributes)
--------------------------------        ----        ----        ------- ----- ------------
CODE                                000080AD    00000E5A =        3674. bytes (REL,CON)

      Value  Global                              Global Defined In Module
      -----  --------------------------------   ------------------------
     000080DA  Sstm8s_gpio$GPIO_Init$5            stm8s_gpio
     000080DC  A$stm8s_gpiog/stm8s_gpio$75        stm8s_gpio
     000080DE  A$stm8s_gpiog/stm8s_gpio$76        stm8s_gpio
     000080DF  A$stm8s_gpiog/stm8s_gpio$79        stm8s_gpio
     000080DF  Sstm8s_gpio$GPIO_Init$6            stm8s_gpio
     000080E0  A$stm8s_gpiog/stm8s_gpio$80        stm8s_gpio
     000080E1  A$stm8s_gpiog/stm8s_gpio$81        stm8s_gpio
     000080E2  A$stm8s_gpiog/stm8s_gpio$82        stm8s_gpio
     000080E4  A$stm8s_gpiog/stm8s_gpio$85        stm8s_gpio
     000080E4  Sstm8s_gpio$GPIO_Init$7            stm8s_gpio
     000080E6  A$stm8s_gpiog/stm8s_gpio$86        stm8s_gpio
     000080E8  A$stm8s_gpiog/stm8s_gpio$89        stm8s_gpio
     000080E8  Sstm8s_gpio$GPIO_Init$8            stm8s_gpio
     000080EA  A$stm8s_gpiog/stm8s_gpio$93        stm8s_gpio
     000080EA  Sstm8s_gpio$GPIO_Init$10           stm8s_gpio
     000080EA  Sstm8s_gpio$GPIO_Init$9            stm8s_gpio
     000080EB  A$stm8s_gpiog/stm8s_gpio$95        stm8s_gpio
     000080EB  Sstm8s_gpio$GPIO_Init$11           stm8s_gpio
     000080ED  A$stm8s_gpiog/stm8s_gpio$96        stm8s_gpio
     000080EF  A$stm8s_gpiog/stm8s_gpio$97        stm8s_gpio
     000080F0  A$stm8s_gpiog/stm8s_gpio$99        stm8s_gpio
     000080F0  Sstm8s_gpio$GPIO_Init$12           stm8s_gpio
     000080F2  A$stm8s_gpiog/stm8s_gpio$103       stm8s_gpio
     000080F2  Sstm8s_gpio$GPIO_Init$13           stm8s_gpio
     000080F2  Sstm8s_gpio$GPIO_Init$14           stm8s_gpio
     000080F4  A$stm8s_gpiog/stm8s_gpio$104       stm8s_gpio
     000080F6  A$stm8s_gpiog/stm8s_gpio$106       stm8s_gpio
     000080F6  Sstm8s_gpio$GPIO_Init$15           stm8s_gpio
     000080F8  A$stm8s_gpiog/stm8s_gpio$111       stm8s_gpio
     000080F8  Sstm8s_gpio$GPIO_Init$16           stm8s_gpio
     000080F8  Sstm8s_gpio$GPIO_Init$17           stm8s_gpio
     000080FA  A$stm8s_gpiog/stm8s_gpio$112       stm8s_gpio
     000080FC  A$stm8s_gpiog/stm8s_gpio$117       stm8s_gpio
     000080FC  Sstm8s_gpio$GPIO_Init$18           stm8s_gpio
     000080FC  Sstm8s_gpio$GPIO_Init$19           stm8s_gpio
     000080FE  A$stm8s_gpiog/stm8s_gpio$118       stm8s_gpio
     000080FF  A$stm8s_gpiog/stm8s_gpio$119       stm8s_gpio
     00008101  A$stm8s_gpiog/stm8s_gpio$120       stm8s_gpio
     00008103  A$stm8s_gpiog/stm8s_gpio$121       stm8s_gpio
     00008104  A$stm8s_gpiog/stm8s_gpio$123       stm8s_gpio
     00008104  Sstm8s_gpio$GPIO_Init$20           stm8s_gpio
     00008106  A$stm8s_gpiog/stm8s_gpio$128       stm8s_gpio
     00008106  Sstm8s_gpio$GPIO_Init$21           stm8s_gpio
     00008106  Sstm8s_gpio$GPIO_Init$22           stm8s_gpio
     00008108  A$stm8s_gpiog/stm8s_gpio$129       stm8s_gpio
     00008109  A$stm8s_gpiog/stm8s_gpio$130       stm8s_gpio
     0000810B  A$stm8s_gpiog/stm8s_gpio$131       stm8s_gpio
     0000810D  A$stm8s_gpiog/stm8s_gpio$132       stm8s_gpio
     0000810E  A$stm8s_gpiog/stm8s_gpio$137       stm8s_gpio
     0000810E  Sstm8s_gpio$GPIO_Init$23           stm8s_gpio
     0000810E  Sstm8s_gpio$GPIO_Init$24           stm8s_gpio
ASxxxx Linker V03.00 + NoICE + sdld,  page 12.
Hexadecimal  [32-Bits]

Area                                    Addr        Size        Decimal Bytes (Attributes)
--------------------------------        ----        ----        ------- ----- ------------
CODE                                000080AD    00000E5A =        3674. bytes (REL,CON)

      Value  Global                              Global Defined In Module
      -----  --------------------------------   ------------------------
     0000810F  A$stm8s_gpiog/stm8s_gpio$138       stm8s_gpio
     00008112  A$stm8s_gpiog/stm8s_gpio$139       stm8s_gpio
     00008113  A$stm8s_gpiog/stm8s_gpio$142       stm8s_gpio
     00008113  Sstm8s_gpio$GPIO_Init$25           stm8s_gpio
     00008114  A$stm8s_gpiog/stm8s_gpio$144       stm8s_gpio
     00008114  Sstm8s_gpio$GPIO_Init$26           stm8s_gpio
     00008116  A$stm8s_gpiog/stm8s_gpio$145       stm8s_gpio
     00008118  A$stm8s_gpiog/stm8s_gpio$146       stm8s_gpio
     00008119  A$stm8s_gpiog/stm8s_gpio$148       stm8s_gpio
     00008119  Sstm8s_gpio$GPIO_Init$27           stm8s_gpio
     0000811B  A$stm8s_gpiog/stm8s_gpio$152       stm8s_gpio
     0000811B  Sstm8s_gpio$GPIO_Init$28           stm8s_gpio
     0000811B  Sstm8s_gpio$GPIO_Init$29           stm8s_gpio
     0000811D  A$stm8s_gpiog/stm8s_gpio$153       stm8s_gpio
     0000811E  A$stm8s_gpiog/stm8s_gpio$155       stm8s_gpio
     0000811E  Sstm8s_gpio$GPIO_Init$30           stm8s_gpio
     00008120  A$stm8s_gpiog/stm8s_gpio$160       stm8s_gpio
     00008120  Sstm8s_gpio$GPIO_Init$31           stm8s_gpio
     00008120  Sstm8s_gpio$GPIO_Init$32           stm8s_gpio
     00008122  A$stm8s_gpiog/stm8s_gpio$161       stm8s_gpio
     00008123  A$stm8s_gpiog/stm8s_gpio$166       stm8s_gpio
     00008123  Sstm8s_gpio$GPIO_Init$33           stm8s_gpio
     00008123  Sstm8s_gpio$GPIO_Init$34           stm8s_gpio
     00008125  A$stm8s_gpiog/stm8s_gpio$167       stm8s_gpio
     00008126  A$stm8s_gpiog/stm8s_gpio$170       stm8s_gpio
     00008126  Sstm8s_gpio$GPIO_Init$35           stm8s_gpio
     00008127  A$stm8s_gpiog/stm8s_gpio$172       stm8s_gpio
     00008127  Sstm8s_gpio$GPIO_Init$36           stm8s_gpio
     00008129  A$stm8s_gpiog/stm8s_gpio$173       stm8s_gpio
     0000812B  A$stm8s_gpiog/stm8s_gpio$174       stm8s_gpio
     0000812C  A$stm8s_gpiog/stm8s_gpio$176       stm8s_gpio
     0000812C  Sstm8s_gpio$GPIO_Init$37           stm8s_gpio
     0000812E  A$stm8s_gpiog/stm8s_gpio$180       stm8s_gpio
     0000812E  Sstm8s_gpio$GPIO_Init$38           stm8s_gpio
     0000812E  Sstm8s_gpio$GPIO_Init$39           stm8s_gpio
     00008130  A$stm8s_gpiog/stm8s_gpio$181       stm8s_gpio
     00008132  A$stm8s_gpiog/stm8s_gpio$182       stm8s_gpio
     00008133  A$stm8s_gpiog/stm8s_gpio$184       stm8s_gpio
     00008133  Sstm8s_gpio$GPIO_Init$40           stm8s_gpio
     00008135  A$stm8s_gpiog/stm8s_gpio$189       stm8s_gpio
     00008135  Sstm8s_gpio$GPIO_Init$41           stm8s_gpio
     00008135  Sstm8s_gpio$GPIO_Init$42           stm8s_gpio
     00008137  A$stm8s_gpiog/stm8s_gpio$190       stm8s_gpio
     00008139  A$stm8s_gpiog/stm8s_gpio$191       stm8s_gpio
     0000813A  A$stm8s_gpiog/stm8s_gpio$196       stm8s_gpio
     0000813A  Sstm8s_gpio$GPIO_Init$43           stm8s_gpio
     0000813A  Sstm8s_gpio$GPIO_Init$44           stm8s_gpio
     0000813C  A$stm8s_gpiog/stm8s_gpio$200       stm8s_gpio
     0000813C  Sstm8s_gpio$GPIO_Init$45           stm8s_gpio
     0000813C  Sstm8s_gpio$GPIO_Init$46           stm8s_gpio
     0000813C  XG$GPIO_Init$0$0                   stm8s_gpio
ASxxxx Linker V03.00 + NoICE + sdld,  page 13.
Hexadecimal  [32-Bits]

Area                                    Addr        Size        Decimal Bytes (Attributes)
--------------------------------        ----        ----        ------- ----- ------------
CODE                                000080AD    00000E5A =        3674. bytes (REL,CON)

      Value  Global                              Global Defined In Module
      -----  --------------------------------   ------------------------
     0000813D  A$stm8s_gpiog/stm8s_gpio$211       stm8s_gpio
     0000813D  Sstm8s_gpio$GPIO_Init$47           stm8s_gpio
     0000813D  Sstm8s_gpio$GPIO_WriteHigh$48      stm8s_gpio
     0000813D  Sstm8s_gpio$GPIO_WriteHigh$49      stm8s_gpio
     0000813D  Sstm8s_gpio$GPIO_WriteHigh$50      stm8s_gpio
     0000813D  _GPIO_WriteHigh                    stm8s_gpio
     0000813F  A$stm8s_gpiog/stm8s_gpio$212       stm8s_gpio
     00008140  A$stm8s_gpiog/stm8s_gpio$213       stm8s_gpio
     00008142  A$stm8s_gpiog/stm8s_gpio$214       stm8s_gpio
     00008143  A$stm8s_gpiog/stm8s_gpio$219       stm8s_gpio
     00008143  Sstm8s_gpio$GPIO_WriteHigh$51      stm8s_gpio
     00008143  Sstm8s_gpio$GPIO_WriteHigh$52      stm8s_gpio
     00008143  XG$GPIO_WriteHigh$0$0              stm8s_gpio
     00008144  A$stm8s_gpiog/stm8s_gpio$228       stm8s_gpio
     00008144  Sstm8s_gpio$GPIO_WriteHigh$53      stm8s_gpio
     00008144  Sstm8s_gpio$GPIO_WriteLow$54       stm8s_gpio
     00008144  Sstm8s_gpio$GPIO_WriteLow$55       stm8s_gpio
     00008144  _GPIO_WriteLow                     stm8s_gpio
     00008145  A$stm8s_gpiog/stm8s_gpio$232       stm8s_gpio
     00008145  Sstm8s_gpio$GPIO_WriteLow$56       stm8s_gpio
     00008145  Sstm8s_gpio$GPIO_WriteLow$57       stm8s_gpio
     00008147  A$stm8s_gpiog/stm8s_gpio$233       stm8s_gpio
     00008148  A$stm8s_gpiog/stm8s_gpio$234       stm8s_gpio
     0000814A  A$stm8s_gpiog/stm8s_gpio$235       stm8s_gpio
     0000814C  A$stm8s_gpiog/stm8s_gpio$236       stm8s_gpio
     0000814D  A$stm8s_gpiog/stm8s_gpio$237       stm8s_gpio
     0000814F  A$stm8s_gpiog/stm8s_gpio$238       stm8s_gpio
     00008150  A$stm8s_gpiog/stm8s_gpio$241       stm8s_gpio
     00008150  Sstm8s_gpio$GPIO_WriteLow$58       stm8s_gpio
     00008151  A$stm8s_gpiog/stm8s_gpio$245       stm8s_gpio
     00008151  Sstm8s_gpio$GPIO_WriteLow$59       stm8s_gpio
     00008151  Sstm8s_gpio$GPIO_WriteLow$60       stm8s_gpio
     00008151  XG$GPIO_WriteLow$0$0               stm8s_gpio
     00008152  A$stm8s_clkug/stm8s_clk$61         stm8s_clk
     00008152  Sstm8s_clk$CLK_DeInit$0            stm8s_clk
     00008152  Sstm8s_clk$CLK_DeInit$1            stm8s_clk
     00008152  Sstm8s_clk$CLK_DeInit$2            stm8s_clk
     00008152  Sstm8s_gpio$GPIO_WriteLow$61       stm8s_gpio
     00008152  _CLK_DeInit                        stm8s_clk
     00008156  A$stm8s_clkug/stm8s_clk$64         stm8s_clk
     00008156  Sstm8s_clk$CLK_DeInit$3            stm8s_clk
     0000815A  A$stm8s_clkug/stm8s_clk$67         stm8s_clk
     0000815A  Sstm8s_clk$CLK_DeInit$4            stm8s_clk
     0000815E  A$stm8s_clkug/stm8s_clk$70         stm8s_clk
     0000815E  Sstm8s_clk$CLK_DeInit$5            stm8s_clk
     00008162  A$stm8s_clkug/stm8s_clk$73         stm8s_clk
     00008162  Sstm8s_clk$CLK_DeInit$6            stm8s_clk
     00008166  A$stm8s_clkug/stm8s_clk$76         stm8s_clk
     00008166  Sstm8s_clk$CLK_DeInit$7            stm8s_clk
     0000816A  A$stm8s_clkug/stm8s_clk$79         stm8s_clk
     0000816A  Sstm8s_clk$CLK_DeInit$8            stm8s_clk
ASxxxx Linker V03.00 + NoICE + sdld,  page 14.
Hexadecimal  [32-Bits]

Area                                    Addr        Size        Decimal Bytes (Attributes)
--------------------------------        ----        ----        ------- ----- ------------
CODE                                000080AD    00000E5A =        3674. bytes (REL,CON)

      Value  Global                              Global Defined In Module
      -----  --------------------------------   ------------------------
     0000816E  A$stm8s_clkug/stm8s_clk$82         stm8s_clk
     0000816E  Sstm8s_clk$CLK_DeInit$9            stm8s_clk
     00008172  A$stm8s_clkug/stm8s_clk$85         stm8s_clk
     00008172  Sstm8s_clk$CLK_DeInit$10           stm8s_clk
     00008176  A$stm8s_clkug/stm8s_clk$89         stm8s_clk
     00008176  Sstm8s_clk$CLK_DeInit$11           stm8s_clk
     00008179  A$stm8s_clkug/stm8s_clk$90         stm8s_clk
     0000817A  A$stm8s_clkug/stm8s_clk$91         stm8s_clk
     0000817C  A$stm8s_clkug/stm8s_clk$94         stm8s_clk
     0000817C  Sstm8s_clk$CLK_DeInit$12           stm8s_clk
     00008180  A$stm8s_clkug/stm8s_clk$97         stm8s_clk
     00008180  Sstm8s_clk$CLK_DeInit$13           stm8s_clk
     00008184  A$stm8s_clkug/stm8s_clk$100        stm8s_clk
     00008184  Sstm8s_clk$CLK_DeInit$14           stm8s_clk
     00008188  A$stm8s_clkug/stm8s_clk$105        stm8s_clk
     00008188  Sstm8s_clk$CLK_DeInit$15           stm8s_clk
     00008188  Sstm8s_clk$CLK_DeInit$16           stm8s_clk
     00008188  XG$CLK_DeInit$0$0                  stm8s_clk
     00008189  A$stm8s_clkug/stm8s_clk$114        stm8s_clk
     00008189  Sstm8s_clk$CLK_DeInit$17           stm8s_clk
     00008189  Sstm8s_clk$CLK_GetClockFreq$18     stm8s_clk
     00008189  Sstm8s_clk$CLK_GetClockFreq$19     stm8s_clk
     00008189  _CLK_GetClockFreq                  stm8s_clk
     0000818B  A$stm8s_clkug/stm8s_clk$118        stm8s_clk
     0000818B  Sstm8s_clk$CLK_GetClockFreq$20     stm8s_clk
     0000818B  Sstm8s_clk$CLK_GetClockFreq$21     stm8s_clk
     0000818E  A$stm8s_clkug/stm8s_clk$119        stm8s_clk
     00008190  A$stm8s_clkug/stm8s_clk$122        stm8s_clk
     00008190  Sstm8s_clk$CLK_GetClockFreq$22     stm8s_clk
     00008192  A$stm8s_clkug/stm8s_clk$123        stm8s_clk
     00008194  A$stm8s_clkug/stm8s_clk$124        stm8s_clk
     00008196  A$stm8s_clkug/stm8s_clk$129        stm8s_clk
     00008196  Sstm8s_clk$CLK_GetClockFreq$23     stm8s_clk
     00008196  Sstm8s_clk$CLK_GetClockFreq$24     stm8s_clk
     00008196  Sstm8s_clk$CLK_GetClockFreq$25     stm8s_clk
     00008199  A$stm8s_clkug/stm8s_clk$130        stm8s_clk
     0000819B  A$stm8s_clkug/stm8s_clk$133        stm8s_clk
     0000819B  Sstm8s_clk$CLK_GetClockFreq$26     stm8s_clk
     0000819C  A$stm8s_clkug/stm8s_clk$134        stm8s_clk
     0000819D  A$stm8s_clkug/stm8s_clk$135        stm8s_clk
     0000819E  A$stm8s_clkug/stm8s_clk$138        stm8s_clk
     0000819E  Sstm8s_clk$CLK_GetClockFreq$27     stm8s_clk
     0000819F  A$stm8s_clkug/stm8s_clk$139        stm8s_clk
     000081A0  A$stm8s_clkug/stm8s_clk$140        stm8s_clk
     000081A3  A$stm8s_clkug/stm8s_clk$141        stm8s_clk
     000081A4  A$stm8s_clkug/stm8s_clk$144        stm8s_clk
     000081A4  Sstm8s_clk$CLK_GetClockFreq$28     stm8s_clk
     000081A5  A$stm8s_clkug/stm8s_clk$145        stm8s_clk
     000081A6  A$stm8s_clkug/stm8s_clk$146        stm8s_clk
     000081A8  A$stm8s_clkug/stm8s_clk$148        stm8s_clk
     000081A8  Sstm8s_clk$CLK_GetClockFreq$29     stm8s_clk
ASxxxx Linker V03.00 + NoICE + sdld,  page 15.
Hexadecimal  [32-Bits]

Area                                    Addr        Size        Decimal Bytes (Attributes)
--------------------------------        ----        ----        ------- ----- ------------
CODE                                000080AD    00000E5A =        3674. bytes (REL,CON)

      Value  Global                              Global Defined In Module
      -----  --------------------------------   ------------------------
     000081A9  A$stm8s_clkug/stm8s_clk$150        stm8s_clk
     000081A9  Sstm8s_clk$CLK_GetClockFreq$30     stm8s_clk
     000081AB  A$stm8s_clkug/stm8s_clk$152        stm8s_clk
     000081AB  Sstm8s_clk$CLK_GetClockFreq$31     stm8s_clk
     000081AD  A$stm8s_clkug/stm8s_clk$154        stm8s_clk
     000081AD  Sstm8s_clk$CLK_GetClockFreq$32     stm8s_clk
     000081AF  A$stm8s_clkug/stm8s_clk$156        stm8s_clk
     000081AF  Sstm8s_clk$CLK_GetClockFreq$33     stm8s_clk
     000081B1  A$stm8s_clkug/stm8s_clk$158        stm8s_clk
     000081B1  Sstm8s_clk$CLK_GetClockFreq$34     stm8s_clk
     000081B3  A$stm8s_clkug/stm8s_clk$160        stm8s_clk
     000081B3  Sstm8s_clk$CLK_GetClockFreq$35     stm8s_clk
     000081B6  A$stm8s_clkug/stm8s_clk$161        stm8s_clk
     000081B8  A$stm8s_clkug/stm8s_clk$163        stm8s_clk
     000081B8  Sstm8s_clk$CLK_GetClockFreq$36     stm8s_clk
     000081BA  A$stm8s_clkug/stm8s_clk$164        stm8s_clk
     000081BC  A$stm8s_clkug/stm8s_clk$168        stm8s_clk
     000081BC  Sstm8s_clk$CLK_GetClockFreq$37     stm8s_clk
     000081BE  A$stm8s_clkug/stm8s_clk$169        stm8s_clk
     000081C0  A$stm8s_clkug/stm8s_clk$170        stm8s_clk
     000081C2  A$stm8s_clkug/stm8s_clk$175        stm8s_clk
     000081C2  Sstm8s_clk$CLK_GetClockFreq$38     stm8s_clk
     000081C2  Sstm8s_clk$CLK_GetClockFreq$39     stm8s_clk
     000081C2  Sstm8s_clk$CLK_GetClockFreq$40     stm8s_clk
     000081C5  A$stm8s_clkug/stm8s_clk$176        stm8s_clk
     000081C7  A$stm8s_clkug/stm8s_clk$177        stm8s_clk
     000081CB  A$stm8s_clkug/stm8s_clk$179        stm8s_clk
     000081CB  Sstm8s_clk$CLK_GetClockFreq$41     stm8s_clk
     000081CD  A$stm8s_clkug/stm8s_clk$184        stm8s_clk
     000081CD  Sstm8s_clk$CLK_GetClockFreq$42     stm8s_clk
     000081CD  Sstm8s_clk$CLK_GetClockFreq$43     stm8s_clk
     000081D0  A$stm8s_clkug/stm8s_clk$185        stm8s_clk
     000081D2  A$stm8s_clkug/stm8s_clk$186        stm8s_clk
     000081D6  A$stm8s_clkug/stm8s_clk$191        stm8s_clk
     000081D6  Sstm8s_clk$CLK_GetClockFreq$44     stm8s_clk
     000081D6  Sstm8s_clk$CLK_GetClockFreq$45     stm8s_clk
     000081D8  A$stm8s_clkug/stm8s_clk$194        stm8s_clk
     000081D8  Sstm8s_clk$CLK_GetClockFreq$46     stm8s_clk
     000081DA  A$stm8s_clkug/stm8s_clk$198        stm8s_clk
     000081DA  Sstm8s_clk$CLK_GetClockFreq$47     stm8s_clk
     000081DA  Sstm8s_clk$CLK_GetClockFreq$48     stm8s_clk
     000081DA  XG$CLK_GetClockFreq$0$0            stm8s_clk
     000081DB  A$stm8s_spiug/stm8s_spi$63         stm8s_spi
     000081DB  Sstm8s_clk$CLK_GetClockFreq$49     stm8s_clk
     000081DB  Sstm8s_spi$SPI_DeInit$0            stm8s_spi
     000081DB  Sstm8s_spi$SPI_DeInit$1            stm8s_spi
     000081DB  Sstm8s_spi$SPI_DeInit$2            stm8s_spi
     000081DB  _SPI_DeInit                        stm8s_spi
     000081DF  A$stm8s_spiug/stm8s_spi$66         stm8s_spi
     000081DF  Sstm8s_spi$SPI_DeInit$3            stm8s_spi
     000081E3  A$stm8s_spiug/stm8s_spi$69         stm8s_spi
ASxxxx Linker V03.00 + NoICE + sdld,  page 16.
Hexadecimal  [32-Bits]

Area                                    Addr        Size        Decimal Bytes (Attributes)
--------------------------------        ----        ----        ------- ----- ------------
CODE                                000080AD    00000E5A =        3674. bytes (REL,CON)

      Value  Global                              Global Defined In Module
      -----  --------------------------------   ------------------------
     000081E3  Sstm8s_spi$SPI_DeInit$4            stm8s_spi
     000081E7  A$stm8s_spiug/stm8s_spi$72         stm8s_spi
     000081E7  Sstm8s_spi$SPI_DeInit$5            stm8s_spi
     000081EB  A$stm8s_spiug/stm8s_spi$75         stm8s_spi
     000081EB  Sstm8s_spi$SPI_DeInit$6            stm8s_spi
     000081EF  A$stm8s_spiug/stm8s_spi$80         stm8s_spi
     000081EF  Sstm8s_spi$SPI_DeInit$7            stm8s_spi
     000081EF  Sstm8s_spi$SPI_DeInit$8            stm8s_spi
     000081EF  XG$SPI_DeInit$0$0                  stm8s_spi
     000081F0  A$stm8s_spiug/stm8s_spi$89         stm8s_spi
     000081F0  Sstm8s_spi$SPI_DeInit$9            stm8s_spi
     000081F0  Sstm8s_spi$SPI_Init$10             stm8s_spi
     000081F0  Sstm8s_spi$SPI_Init$11             stm8s_spi
     000081F0  _SPI_Init                          stm8s_spi
     000081F1  A$stm8s_spiug/stm8s_spi$93         stm8s_spi
     000081F1  Sstm8s_spi$SPI_Init$12             stm8s_spi
     000081F1  Sstm8s_spi$SPI_Init$13             stm8s_spi
     000081F3  A$stm8s_spiug/stm8s_spi$94         stm8s_spi
     000081F5  A$stm8s_spiug/stm8s_spi$95         stm8s_spi
     000081F7  A$stm8s_spiug/stm8s_spi$98         stm8s_spi
     000081F7  Sstm8s_spi$SPI_Init$14             stm8s_spi
     000081F9  A$stm8s_spiug/stm8s_spi$99         stm8s_spi
     000081FB  A$stm8s_spiug/stm8s_spi$100        stm8s_spi
     000081FD  A$stm8s_spiug/stm8s_spi$101        stm8s_spi
     00008200  A$stm8s_spiug/stm8s_spi$104        stm8s_spi
     00008200  Sstm8s_spi$SPI_Init$15             stm8s_spi
     00008202  A$stm8s_spiug/stm8s_spi$105        stm8s_spi
     00008204  A$stm8s_spiug/stm8s_spi$106        stm8s_spi
     00008207  A$stm8s_spiug/stm8s_spi$109        stm8s_spi
     00008207  Sstm8s_spi$SPI_Init$16             stm8s_spi
     0000820A  A$stm8s_spiug/stm8s_spi$112        stm8s_spi
     0000820A  Sstm8s_spi$SPI_Init$17             stm8s_spi
     0000820B  A$stm8s_spiug/stm8s_spi$114        stm8s_spi
     0000820B  Sstm8s_spi$SPI_Init$18             stm8s_spi
     0000820D  A$stm8s_spiug/stm8s_spi$115        stm8s_spi
     0000820F  A$stm8s_spiug/stm8s_spi$116        stm8s_spi
     00008210  A$stm8s_spiug/stm8s_spi$118        stm8s_spi
     00008210  Sstm8s_spi$SPI_Init$19             stm8s_spi
     00008212  A$stm8s_spiug/stm8s_spi$123        stm8s_spi
     00008212  Sstm8s_spi$SPI_Init$20             stm8s_spi
     00008212  Sstm8s_spi$SPI_Init$21             stm8s_spi
     00008212  Sstm8s_spi$SPI_Init$22             stm8s_spi
     00008214  A$stm8s_spiug/stm8s_spi$124        stm8s_spi
     00008217  A$stm8s_spiug/stm8s_spi$126        stm8s_spi
     00008217  Sstm8s_spi$SPI_Init$23             stm8s_spi
     00008219  A$stm8s_spiug/stm8s_spi$131        stm8s_spi
     00008219  Sstm8s_spi$SPI_Init$24             stm8s_spi
     00008219  Sstm8s_spi$SPI_Init$25             stm8s_spi
     0000821B  A$stm8s_spiug/stm8s_spi$132        stm8s_spi
     0000821E  A$stm8s_spiug/stm8s_spi$137        stm8s_spi
     0000821E  Sstm8s_spi$SPI_Init$26             stm8s_spi
ASxxxx Linker V03.00 + NoICE + sdld,  page 17.
Hexadecimal  [32-Bits]

Area                                    Addr        Size        Decimal Bytes (Attributes)
--------------------------------        ----        ----        ------- ----- ------------
CODE                                000080AD    00000E5A =        3674. bytes (REL,CON)

      Value  Global                              Global Defined In Module
      -----  --------------------------------   ------------------------
     0000821E  Sstm8s_spi$SPI_Init$27             stm8s_spi
     00008221  A$stm8s_spiug/stm8s_spi$138        stm8s_spi
     00008223  A$stm8s_spiug/stm8s_spi$139        stm8s_spi
     00008226  A$stm8s_spiug/stm8s_spi$142        stm8s_spi
     00008226  Sstm8s_spi$SPI_Init$28             stm8s_spi
     00008229  A$stm8s_spiug/stm8s_spi$143        stm8s_spi
     0000822B  A$stm8s_spiug/stm8s_spi$144        stm8s_spi
     0000822C  A$stm8s_spiug/stm8s_spi$147        stm8s_spi
     0000822C  Sstm8s_spi$SPI_Init$29             stm8s_spi
     0000822D  A$stm8s_spiug/stm8s_spi$151        stm8s_spi
     0000822D  Sstm8s_spi$SPI_Init$30             stm8s_spi
     0000822D  Sstm8s_spi$SPI_Init$31             stm8s_spi
     0000822D  XG$SPI_Init$0$0                    stm8s_spi
     0000822E  A$stm8s_spiug/stm8s_spi$162        stm8s_spi
     0000822E  Sstm8s_spi$SPI_Cmd$33              stm8s_spi
     0000822E  Sstm8s_spi$SPI_Cmd$34              stm8s_spi
     0000822E  Sstm8s_spi$SPI_Cmd$35              stm8s_spi
     0000822E  Sstm8s_spi$SPI_Init$32             stm8s_spi
     0000822E  _SPI_Cmd                           stm8s_spi
     00008231  A$stm8s_spiug/stm8s_spi$165        stm8s_spi
     00008231  Sstm8s_spi$SPI_Cmd$36              stm8s_spi
     00008233  A$stm8s_spiug/stm8s_spi$166        stm8s_spi
     00008235  A$stm8s_spiug/stm8s_spi$170        stm8s_spi
     00008235  Sstm8s_spi$SPI_Cmd$37              stm8s_spi
     00008235  Sstm8s_spi$SPI_Cmd$38              stm8s_spi
     00008237  A$stm8s_spiug/stm8s_spi$171        stm8s_spi
     0000823A  A$stm8s_spiug/stm8s_spi$173        stm8s_spi
     0000823A  Sstm8s_spi$SPI_Cmd$39              stm8s_spi
     0000823C  A$stm8s_spiug/stm8s_spi$178        stm8s_spi
     0000823C  Sstm8s_spi$SPI_Cmd$40              stm8s_spi
     0000823C  Sstm8s_spi$SPI_Cmd$41              stm8s_spi
     0000823E  A$stm8s_spiug/stm8s_spi$179        stm8s_spi
     00008241  A$stm8s_spiug/stm8s_spi$186        stm8s_spi
     00008241  Sstm8s_spi$SPI_Cmd$42              stm8s_spi
     00008241  Sstm8s_spi$SPI_Cmd$43              stm8s_spi
     00008241  Sstm8s_spi$SPI_Cmd$44              stm8s_spi
     00008241  XG$SPI_Cmd$0$0                     stm8s_spi
     00008242  A$stm8s_spiug/stm8s_spi$197        stm8s_spi
     00008242  Sstm8s_spi$SPI_Cmd$45              stm8s_spi
     00008242  Sstm8s_spi$SPI_SendData$46         stm8s_spi
     00008242  Sstm8s_spi$SPI_SendData$47         stm8s_spi
     00008242  Sstm8s_spi$SPI_SendData$48         stm8s_spi
     00008242  _SPI_SendData                      stm8s_spi
     00008245  A$stm8s_spiug/stm8s_spi$198        stm8s_spi
     00008247  A$stm8s_spiug/stm8s_spi$199        stm8s_spi
     00008248  A$stm8s_spiug/stm8s_spi$204        stm8s_spi
     00008248  Sstm8s_spi$SPI_SendData$49         stm8s_spi
     00008248  Sstm8s_spi$SPI_SendData$50         stm8s_spi
     00008248  XG$SPI_SendData$0$0                stm8s_spi
     00008249  A$stm8s_spiug/stm8s_spi$215        stm8s_spi
     00008249  Sstm8s_spi$SPI_GetFlagStatus$52    stm8s_spi
ASxxxx Linker V03.00 + NoICE + sdld,  page 18.
Hexadecimal  [32-Bits]

Area                                    Addr        Size        Decimal Bytes (Attributes)
--------------------------------        ----        ----        ------- ----- ------------
CODE                                000080AD    00000E5A =        3674. bytes (REL,CON)

      Value  Global                              Global Defined In Module
      -----  --------------------------------   ------------------------
     00008249  Sstm8s_spi$SPI_GetFlagStatus$53    stm8s_spi
     00008249  Sstm8s_spi$SPI_GetFlagStatus$54    stm8s_spi
     00008249  Sstm8s_spi$SPI_SendData$51         stm8s_spi
     00008249  _SPI_GetFlagStatus                 stm8s_spi
     0000824C  A$stm8s_spiug/stm8s_spi$216        stm8s_spi
     0000824E  A$stm8s_spiug/stm8s_spi$217        stm8s_spi
     00008250  A$stm8s_spiug/stm8s_spi$221        stm8s_spi
     00008250  Sstm8s_spi$SPI_GetFlagStatus$55    stm8s_spi
     00008250  Sstm8s_spi$SPI_GetFlagStatus$56    stm8s_spi
     00008252  A$stm8s_spiug/stm8s_spi$223        stm8s_spi
     00008252  Sstm8s_spi$SPI_GetFlagStatus$57    stm8s_spi
     00008254  A$stm8s_spiug/stm8s_spi$228        stm8s_spi
     00008254  Sstm8s_spi$SPI_GetFlagStatus$58    stm8s_spi
     00008254  Sstm8s_spi$SPI_GetFlagStatus$59    stm8s_spi
     00008255  A$stm8s_spiug/stm8s_spi$237        stm8s_spi
     00008255  Sstm8s_spi$SPI_GetFlagStatus$60    stm8s_spi
     00008255  Sstm8s_spi$SPI_GetFlagStatus$61    stm8s_spi
     00008255  Sstm8s_spi$SPI_GetFlagStatus$62    stm8s_spi
     00008255  Sstm8s_spi$SPI_GetFlagStatus$63    stm8s_spi
     00008255  XG$SPI_GetFlagStatus$0$0           stm8s_spi
     00008256  A$stm8s_spiug/stm8s_spi$248        stm8s_spi
     00008256  Sstm8s_spi$SPI_ClearFlag$65        stm8s_spi
     00008256  Sstm8s_spi$SPI_ClearFlag$66        stm8s_spi
     00008256  Sstm8s_spi$SPI_ClearFlag$67        stm8s_spi
     00008256  Sstm8s_spi$SPI_GetFlagStatus$64    stm8s_spi
     00008256  _SPI_ClearFlag                     stm8s_spi
     00008258  A$stm8s_spiug/stm8s_spi$249        stm8s_spi
     00008259  A$stm8s_spiug/stm8s_spi$250        stm8s_spi
     0000825C  A$stm8s_spiug/stm8s_spi$255        stm8s_spi
     0000825C  Sstm8s_spi$SPI_ClearFlag$68        stm8s_spi
     0000825C  Sstm8s_spi$SPI_ClearFlag$69        stm8s_spi
     0000825C  XG$SPI_ClearFlag$0$0               stm8s_spi
     0000825D  A$stm8s_uart1/stm8s_uart1$67       stm8s_uart1
     0000825D  Sstm8s_spi$SPI_ClearFlag$70        stm8s_spi
     0000825D  Sstm8s_uart1$UART1_DeInit$0        stm8s_uart1
     0000825D  Sstm8s_uart1$UART1_DeInit$1        stm8s_uart1
     0000825D  Sstm8s_uart1$UART1_DeInit$2        stm8s_uart1
     0000825D  _UART1_DeInit                      stm8s_uart1
     00008260  A$stm8s_uart1/stm8s_uart1$70       stm8s_uart1
     00008260  Sstm8s_uart1$UART1_DeInit$3        stm8s_uart1
     00008263  A$stm8s_uart1/stm8s_uart1$73       stm8s_uart1
     00008263  Sstm8s_uart1$UART1_DeInit$4        stm8s_uart1
     00008267  A$stm8s_uart1/stm8s_uart1$76       stm8s_uart1
     00008267  Sstm8s_uart1$UART1_DeInit$5        stm8s_uart1
     0000826B  A$stm8s_uart1/stm8s_uart1$79       stm8s_uart1
     0000826B  Sstm8s_uart1$UART1_DeInit$6        stm8s_uart1
     0000826F  A$stm8s_uart1/stm8s_uart1$82       stm8s_uart1
     0000826F  Sstm8s_uart1$UART1_DeInit$7        stm8s_uart1
     00008273  A$stm8s_uart1/stm8s_uart1$85       stm8s_uart1
     00008273  Sstm8s_uart1$UART1_DeInit$8        stm8s_uart1
     00008277  A$stm8s_uart1/stm8s_uart1$88       stm8s_uart1
ASxxxx Linker V03.00 + NoICE + sdld,  page 19.
Hexadecimal  [32-Bits]

Area                                    Addr        Size        Decimal Bytes (Attributes)
--------------------------------        ----        ----        ------- ----- ------------
CODE                                000080AD    00000E5A =        3674. bytes (REL,CON)

      Value  Global                              Global Defined In Module
      -----  --------------------------------   ------------------------
     00008277  Sstm8s_uart1$UART1_DeInit$9        stm8s_uart1
     0000827B  A$stm8s_uart1/stm8s_uart1$91       stm8s_uart1
     0000827B  Sstm8s_uart1$UART1_DeInit$10       stm8s_uart1
     0000827F  A$stm8s_uart1/stm8s_uart1$94       stm8s_uart1
     0000827F  Sstm8s_uart1$UART1_DeInit$11       stm8s_uart1
     00008283  A$stm8s_uart1/stm8s_uart1$97       stm8s_uart1
     00008283  Sstm8s_uart1$UART1_DeInit$12       stm8s_uart1
     00008287  A$stm8s_uart1/stm8s_uart1$102      stm8s_uart1
     00008287  Sstm8s_uart1$UART1_DeInit$13       stm8s_uart1
     00008287  Sstm8s_uart1$UART1_DeInit$14       stm8s_uart1
     00008287  XG$UART1_DeInit$0$0                stm8s_uart1
     00008288  A$stm8s_uart1/stm8s_uart1$111      stm8s_uart1
     00008288  Sstm8s_uart1$UART1_DeInit$15       stm8s_uart1
     00008288  Sstm8s_uart1$UART1_Init$16         stm8s_uart1
     00008288  Sstm8s_uart1$UART1_Init$17         stm8s_uart1
     00008288  _UART1_Init                        stm8s_uart1
     0000828A  A$stm8s_uart1/stm8s_uart1$115      stm8s_uart1
     0000828A  Sstm8s_uart1$UART1_Init$18         stm8s_uart1
     0000828A  Sstm8s_uart1$UART1_Init$19         stm8s_uart1
     0000828E  A$stm8s_uart1/stm8s_uart1$118      stm8s_uart1
     0000828E  Sstm8s_uart1$UART1_Init$20         stm8s_uart1
     00008291  A$stm8s_uart1/stm8s_uart1$119      stm8s_uart1
     00008293  A$stm8s_uart1/stm8s_uart1$120      stm8s_uart1
     00008296  A$stm8s_uart1/stm8s_uart1$123      stm8s_uart1
     00008296  Sstm8s_uart1$UART1_Init$21         stm8s_uart1
     00008299  A$stm8s_uart1/stm8s_uart1$124      stm8s_uart1
     0000829B  A$stm8s_uart1/stm8s_uart1$125      stm8s_uart1
     0000829E  A$stm8s_uart1/stm8s_uart1$128      stm8s_uart1
     0000829E  Sstm8s_uart1$UART1_Init$22         stm8s_uart1
     000082A1  A$stm8s_uart1/stm8s_uart1$129      stm8s_uart1
     000082A3  A$stm8s_uart1/stm8s_uart1$130      stm8s_uart1
     000082A6  A$stm8s_uart1/stm8s_uart1$133      stm8s_uart1
     000082A6  Sstm8s_uart1$UART1_Init$23         stm8s_uart1
     000082A9  A$stm8s_uart1/stm8s_uart1$134      stm8s_uart1
     000082AB  A$stm8s_uart1/stm8s_uart1$135      stm8s_uart1
     000082AE  A$stm8s_uart1/stm8s_uart1$138      stm8s_uart1
     000082AE  Sstm8s_uart1$UART1_Init$24         stm8s_uart1
     000082B1  A$stm8s_uart1/stm8s_uart1$139      stm8s_uart1
     000082B3  A$stm8s_uart1/stm8s_uart1$140      stm8s_uart1
     000082B6  A$stm8s_uart1/stm8s_uart1$143      stm8s_uart1
     000082B6  Sstm8s_uart1$UART1_Init$25         stm8s_uart1
     000082B9  A$stm8s_uart1/stm8s_uart1$144      stm8s_uart1
     000082BD  A$stm8s_uart1/stm8s_uart1$147      stm8s_uart1
     000082BD  Sstm8s_uart1$UART1_Init$26         stm8s_uart1
     000082C0  A$stm8s_uart1/stm8s_uart1$148      stm8s_uart1
     000082C2  A$stm8s_uart1/stm8s_uart1$149      stm8s_uart1
     000082C5  A$stm8s_uart1/stm8s_uart1$152      stm8s_uart1
     000082C5  Sstm8s_uart1$UART1_Init$27         stm8s_uart1
     000082C8  A$stm8s_uart1/stm8s_uart1$153      stm8s_uart1
     000082CA  A$stm8s_uart1/stm8s_uart1$154      stm8s_uart1
     000082CD  A$stm8s_uart1/stm8s_uart1$157      stm8s_uart1
ASxxxx Linker V03.00 + NoICE + sdld,  page 20.
Hexadecimal  [32-Bits]

Area                                    Addr        Size        Decimal Bytes (Attributes)
--------------------------------        ----        ----        ------- ----- ------------
CODE                                000080AD    00000E5A =        3674. bytes (REL,CON)

      Value  Global                              Global Defined In Module
      -----  --------------------------------   ------------------------
     000082CD  Sstm8s_uart1$UART1_Init$28         stm8s_uart1
     000082D0  A$stm8s_uart1/stm8s_uart1$158      stm8s_uart1
     000082D2  A$stm8s_uart1/stm8s_uart1$159      stm8s_uart1
     000082D4  A$stm8s_uart1/stm8s_uart1$160      stm8s_uart1
     000082D6  A$stm8s_uart1/stm8s_uart1$161      stm8s_uart1
     000082D8  A$stm8s_uart1/stm8s_uart1$162      stm8s_uart1
     000082DA  A$stm8s_uart1/stm8s_uart1$164      stm8s_uart1
     000082DB  A$stm8s_uart1/stm8s_uart1$165      stm8s_uart1
     000082DD  A$stm8s_uart1/stm8s_uart1$166      stm8s_uart1
     000082DF  A$stm8s_uart1/stm8s_uart1$167      stm8s_uart1
     000082E0  A$stm8s_uart1/stm8s_uart1$168      stm8s_uart1
     000082E2  A$stm8s_uart1/stm8s_uart1$169      stm8s_uart1
     000082E4  A$stm8s_uart1/stm8s_uart1$170      stm8s_uart1
     000082E5  A$stm8s_uart1/stm8s_uart1$172      stm8s_uart1
     000082E5  Sstm8s_uart1$UART1_Init$29         stm8s_uart1
     000082E7  A$stm8s_uart1/stm8s_uart1$173      stm8s_uart1
     000082E8  A$stm8s_uart1/stm8s_uart1$175      stm8s_uart1
     000082E8  Sstm8s_uart1$UART1_Init$30         stm8s_uart1
     000082EA  A$stm8s_uart1/stm8s_uart1$176      stm8s_uart1
     000082EB  A$stm8s_uart1/stm8s_uart1$178      stm8s_uart1
     000082EB  Sstm8s_uart1$UART1_Init$31         stm8s_uart1
     000082ED  A$stm8s_uart1/stm8s_uart1$180      stm8s_uart1
     000082ED  Sstm8s_uart1$UART1_Init$32         stm8s_uart1
     000082F0  A$stm8s_uart1/stm8s_uart1$181      stm8s_uart1
     000082F2  A$stm8s_uart1/stm8s_uart1$183      stm8s_uart1
     000082F2  Sstm8s_uart1$UART1_Init$33         stm8s_uart1
     000082F4  A$stm8s_uart1/stm8s_uart1$184      stm8s_uart1
     000082F6  A$stm8s_uart1/stm8s_uart1$185      stm8s_uart1
     000082F8  A$stm8s_uart1/stm8s_uart1$186      stm8s_uart1
     000082FA  A$stm8s_uart1/stm8s_uart1$187      stm8s_uart1
     000082FC  A$stm8s_uart1/stm8s_uart1$188      stm8s_uart1
     000082FE  A$stm8s_uart1/stm8s_uart1$191      stm8s_uart1
     000082FE  Sstm8s_uart1$UART1_Init$34         stm8s_uart1
     00008301  A$stm8s_uart1/stm8s_uart1$192      stm8s_uart1
     00008303  A$stm8s_uart1/stm8s_uart1$193      stm8s_uart1
     00008305  A$stm8s_uart1/stm8s_uart1$194      stm8s_uart1
     00008307  A$stm8s_uart1/stm8s_uart1$195      stm8s_uart1
     00008308  A$stm8s_uart1/stm8s_uart1$197      stm8s_uart1
     00008308  Sstm8s_uart1$UART1_Init$35         stm8s_uart1
     0000830A  A$stm8s_uart1/stm8s_uart1$198      stm8s_uart1
     0000830B  A$stm8s_uart1/stm8s_uart1$200      stm8s_uart1
     0000830B  Sstm8s_uart1$UART1_Init$36         stm8s_uart1
     0000830D  A$stm8s_uart1/stm8s_uart1$202      stm8s_uart1
     0000830D  Sstm8s_uart1$UART1_Init$37         stm8s_uart1
     0000830E  A$stm8s_uart1/stm8s_uart1$203      stm8s_uart1
     0000830F  A$stm8s_uart1/stm8s_uart1$205      stm8s_uart1
     0000830F  Sstm8s_uart1$UART1_Init$38         stm8s_uart1
     00008311  A$stm8s_uart1/stm8s_uart1$207      stm8s_uart1
     00008311  Sstm8s_uart1$UART1_Init$39         stm8s_uart1
     00008314  A$stm8s_uart1/stm8s_uart1$208      stm8s_uart1
     00008316  A$stm8s_uart1/stm8s_uart1$210      stm8s_uart1
ASxxxx Linker V03.00 + NoICE + sdld,  page 21.
Hexadecimal  [32-Bits]

Area                                    Addr        Size        Decimal Bytes (Attributes)
--------------------------------        ----        ----        ------- ----- ------------
CODE                                000080AD    00000E5A =        3674. bytes (REL,CON)

      Value  Global                              Global Defined In Module
      -----  --------------------------------   ------------------------
     00008316  Sstm8s_uart1$UART1_Init$40         stm8s_uart1
     00008318  A$stm8s_uart1/stm8s_uart1$211      stm8s_uart1
     0000831A  A$stm8s_uart1/stm8s_uart1$212      stm8s_uart1
     0000831B  A$stm8s_uart1/stm8s_uart1$214      stm8s_uart1
     0000831B  Sstm8s_uart1$UART1_Init$41         stm8s_uart1
     0000831D  A$stm8s_uart1/stm8s_uart1$215      stm8s_uart1
     0000831E  A$stm8s_uart1/stm8s_uart1$217      stm8s_uart1
     0000831E  Sstm8s_uart1$UART1_Init$42         stm8s_uart1
     00008320  A$stm8s_uart1/stm8s_uart1$218      stm8s_uart1
     00008321  A$stm8s_uart1/stm8s_uart1$220      stm8s_uart1
     00008321  Sstm8s_uart1$UART1_Init$43         stm8s_uart1
     00008323  A$stm8s_uart1/stm8s_uart1$222      stm8s_uart1
     00008323  Sstm8s_uart1$UART1_Init$44         stm8s_uart1
     00008326  A$stm8s_uart1/stm8s_uart1$223      stm8s_uart1
     00008328  A$stm8s_uart1/stm8s_uart1$225      stm8s_uart1
     00008328  Sstm8s_uart1$UART1_Init$45         stm8s_uart1
     0000832A  A$stm8s_uart1/stm8s_uart1$226      stm8s_uart1
     0000832C  A$stm8s_uart1/stm8s_uart1$229      stm8s_uart1
     0000832C  Sstm8s_uart1$UART1_Init$46         stm8s_uart1
     0000832F  A$stm8s_uart1/stm8s_uart1$230      stm8s_uart1
     00008331  A$stm8s_uart1/stm8s_uart1$231      stm8s_uart1
     00008333  A$stm8s_uart1/stm8s_uart1$232      stm8s_uart1
     00008334  A$stm8s_uart1/stm8s_uart1$234      stm8s_uart1
     00008334  Sstm8s_uart1$UART1_Init$47         stm8s_uart1
     00008336  A$stm8s_uart1/stm8s_uart1$235      stm8s_uart1
     00008337  A$stm8s_uart1/stm8s_uart1$237      stm8s_uart1
     00008337  Sstm8s_uart1$UART1_Init$48         stm8s_uart1
     00008339  A$stm8s_uart1/stm8s_uart1$239      stm8s_uart1
     00008339  Sstm8s_uart1$UART1_Init$49         stm8s_uart1
     0000833A  A$stm8s_uart1/stm8s_uart1$240      stm8s_uart1
     0000833B  A$stm8s_uart1/stm8s_uart1$242      stm8s_uart1
     0000833B  Sstm8s_uart1$UART1_Init$50         stm8s_uart1
     0000833D  A$stm8s_uart1/stm8s_uart1$244      stm8s_uart1
     0000833D  Sstm8s_uart1$UART1_Init$51         stm8s_uart1
     00008340  A$stm8s_uart1/stm8s_uart1$245      stm8s_uart1
     00008342  A$stm8s_uart1/stm8s_uart1$247      stm8s_uart1
     00008342  Sstm8s_uart1$UART1_Init$52         stm8s_uart1
     00008344  A$stm8s_uart1/stm8s_uart1$248      stm8s_uart1
     00008346  A$stm8s_uart1/stm8s_uart1$249      stm8s_uart1
     00008348  A$stm8s_uart1/stm8s_uart1$250      stm8s_uart1
     0000834B  A$stm8s_uart1/stm8s_uart1$251      stm8s_uart1
     0000834D  A$stm8s_uart1/stm8s_uart1$252      stm8s_uart1
     0000834F  A$stm8s_uart1/stm8s_uart1$253      stm8s_uart1
     00008351  A$stm8s_uart1/stm8s_uart1$254      stm8s_uart1
     00008353  A$stm8s_uart1/stm8s_uart1$255      stm8s_uart1
     00008355  A$stm8s_uart1/stm8s_uart1$256      stm8s_uart1
     00008357  A$stm8s_uart1/stm8s_uart1$257      stm8s_uart1
     00008359  A$stm8s_uart1/stm8s_uart1$258      stm8s_uart1
     0000835B  A$stm8s_uart1/stm8s_uart1$259      stm8s_uart1
     0000835D  A$stm8s_uart1/stm8s_uart1$260      stm8s_uart1
     0000835F  A$stm8s_uart1/stm8s_uart1$262      stm8s_uart1
ASxxxx Linker V03.00 + NoICE + sdld,  page 22.
Hexadecimal  [32-Bits]

Area                                    Addr        Size        Decimal Bytes (Attributes)
--------------------------------        ----        ----        ------- ----- ------------
CODE                                000080AD    00000E5A =        3674. bytes (REL,CON)

      Value  Global                              Global Defined In Module
      -----  --------------------------------   ------------------------
     00008360  A$stm8s_uart1/stm8s_uart1$263      stm8s_uart1
     00008362  A$stm8s_uart1/stm8s_uart1$264      stm8s_uart1
     00008363  A$stm8s_uart1/stm8s_uart1$265      stm8s_uart1
     00008365  A$stm8s_uart1/stm8s_uart1$266      stm8s_uart1
     00008367  A$stm8s_uart1/stm8s_uart1$268      stm8s_uart1
     00008367  Sstm8s_uart1$UART1_Init$53         stm8s_uart1
     00008369  A$stm8s_uart1/stm8s_uart1$270      stm8s_uart1
     00008369  Sstm8s_uart1$UART1_Init$54         stm8s_uart1
     0000836B  A$stm8s_uart1/stm8s_uart1$272      stm8s_uart1
     0000836B  Sstm8s_uart1$UART1_Init$55         stm8s_uart1
     0000836D  A$stm8s_uart1/stm8s_uart1$274      stm8s_uart1
     0000836D  Sstm8s_uart1$UART1_Init$56         stm8s_uart1
     0000836E  A$stm8s_uart1/stm8s_uart1$276      stm8s_uart1
     0000836E  Sstm8s_uart1$UART1_Init$57         stm8s_uart1
     00008370  A$stm8s_uart1/stm8s_uart1$278      stm8s_uart1
     00008370  Sstm8s_uart1$UART1_Init$58         stm8s_uart1
     00008373  A$stm8s_uart1/stm8s_uart1$279      stm8s_uart1
     00008375  A$stm8s_uart1/stm8s_uart1$281      stm8s_uart1
     00008375  Sstm8s_uart1$UART1_Init$59         stm8s_uart1
     00008376  A$stm8s_uart1/stm8s_uart1$282      stm8s_uart1
     00008378  A$stm8s_uart1/stm8s_uart1$283      stm8s_uart1
     0000837A  A$stm8s_uart1/stm8s_uart1$284      stm8s_uart1
     0000837D  A$stm8s_uart1/stm8s_uart1$287      stm8s_uart1
     0000837D  Sstm8s_uart1$UART1_Init$60         stm8s_uart1
     00008380  A$stm8s_uart1/stm8s_uart1$288      stm8s_uart1
     00008382  A$stm8s_uart1/stm8s_uart1$289      stm8s_uart1
     00008384  A$stm8s_uart1/stm8s_uart1$290      stm8s_uart1
     00008386  A$stm8s_uart1/stm8s_uart1$291      stm8s_uart1
     00008387  A$stm8s_uart1/stm8s_uart1$292      stm8s_uart1
     00008388  A$stm8s_uart1/stm8s_uart1$293      stm8s_uart1
     0000838A  A$stm8s_uart1/stm8s_uart1$294      stm8s_uart1
     0000838C  A$stm8s_uart1/stm8s_uart1$295      stm8s_uart1
     0000838F  A$stm8s_uart1/stm8s_uart1$298      stm8s_uart1
     0000838F  Sstm8s_uart1$UART1_Init$61         stm8s_uart1
     00008392  A$stm8s_uart1/stm8s_uart1$299      stm8s_uart1
     00008394  A$stm8s_uart1/stm8s_uart1$300      stm8s_uart1
     00008396  A$stm8s_uart1/stm8s_uart1$301      stm8s_uart1
     00008398  A$stm8s_uart1/stm8s_uart1$302      stm8s_uart1
     0000839B  A$stm8s_uart1/stm8s_uart1$305      stm8s_uart1
     0000839B  Sstm8s_uart1$UART1_Init$62         stm8s_uart1
     0000839E  A$stm8s_uart1/stm8s_uart1$306      stm8s_uart1
     000083A0  A$stm8s_uart1/stm8s_uart1$307      stm8s_uart1
     000083A3  A$stm8s_uart1/stm8s_uart1$310      stm8s_uart1
     000083A3  Sstm8s_uart1$UART1_Init$63         stm8s_uart1
     000083A6  A$stm8s_uart1/stm8s_uart1$311      stm8s_uart1
     000083A8  A$stm8s_uart1/stm8s_uart1$312      stm8s_uart1
     000083AB  A$stm8s_uart1/stm8s_uart1$315      stm8s_uart1
     000083AB  Sstm8s_uart1$UART1_Init$64         stm8s_uart1
     000083AE  A$stm8s_uart1/stm8s_uart1$316      stm8s_uart1
     000083B0  A$stm8s_uart1/stm8s_uart1$317      stm8s_uart1
     000083B2  A$stm8s_uart1/stm8s_uart1$318      stm8s_uart1
ASxxxx Linker V03.00 + NoICE + sdld,  page 23.
Hexadecimal  [32-Bits]

Area                                    Addr        Size        Decimal Bytes (Attributes)
--------------------------------        ----        ----        ------- ----- ------------
CODE                                000080AD    00000E5A =        3674. bytes (REL,CON)

      Value  Global                              Global Defined In Module
      -----  --------------------------------   ------------------------
     000083B4  A$stm8s_uart1/stm8s_uart1$319      stm8s_uart1
     000083B6  A$stm8s_uart1/stm8s_uart1$320      stm8s_uart1
     000083B9  A$stm8s_uart1/stm8s_uart1$323      stm8s_uart1
     000083B9  Sstm8s_uart1$UART1_Init$65         stm8s_uart1
     000083BC  A$stm8s_uart1/stm8s_uart1$326      stm8s_uart1
     000083BC  Sstm8s_uart1$UART1_Init$66         stm8s_uart1
     000083BD  A$stm8s_uart1/stm8s_uart1$328      stm8s_uart1
     000083BD  Sstm8s_uart1$UART1_Init$67         stm8s_uart1
     000083BF  A$stm8s_uart1/stm8s_uart1$329      stm8s_uart1
     000083C1  A$stm8s_uart1/stm8s_uart1$330      stm8s_uart1
     000083C2  A$stm8s_uart1/stm8s_uart1$332      stm8s_uart1
     000083C2  Sstm8s_uart1$UART1_Init$68         stm8s_uart1
     000083C4  A$stm8s_uart1/stm8s_uart1$336      stm8s_uart1
     000083C4  Sstm8s_uart1$UART1_Init$69         stm8s_uart1
     000083C4  Sstm8s_uart1$UART1_Init$70         stm8s_uart1
     000083C6  A$stm8s_uart1/stm8s_uart1$337      stm8s_uart1
     000083C9  A$stm8s_uart1/stm8s_uart1$339      stm8s_uart1
     000083C9  Sstm8s_uart1$UART1_Init$71         stm8s_uart1
     000083CB  A$stm8s_uart1/stm8s_uart1$344      stm8s_uart1
     000083CB  Sstm8s_uart1$UART1_Init$72         stm8s_uart1
     000083CB  Sstm8s_uart1$UART1_Init$73         stm8s_uart1
     000083CD  A$stm8s_uart1/stm8s_uart1$345      stm8s_uart1
     000083D0  A$stm8s_uart1/stm8s_uart1$350      stm8s_uart1
     000083D0  Sstm8s_uart1$UART1_Init$74         stm8s_uart1
     000083D0  Sstm8s_uart1$UART1_Init$75         stm8s_uart1
     000083D3  A$stm8s_uart1/stm8s_uart1$353      stm8s_uart1
     000083D3  Sstm8s_uart1$UART1_Init$76         stm8s_uart1
     000083D4  A$stm8s_uart1/stm8s_uart1$355      stm8s_uart1
     000083D4  Sstm8s_uart1$UART1_Init$77         stm8s_uart1
     000083D6  A$stm8s_uart1/stm8s_uart1$356      stm8s_uart1
     000083D8  A$stm8s_uart1/stm8s_uart1$357      stm8s_uart1
     000083D9  A$stm8s_uart1/stm8s_uart1$359      stm8s_uart1
     000083D9  Sstm8s_uart1$UART1_Init$78         stm8s_uart1
     000083DB  A$stm8s_uart1/stm8s_uart1$363      stm8s_uart1
     000083DB  Sstm8s_uart1$UART1_Init$79         stm8s_uart1
     000083DB  Sstm8s_uart1$UART1_Init$80         stm8s_uart1
     000083DD  A$stm8s_uart1/stm8s_uart1$364      stm8s_uart1
     000083E0  A$stm8s_uart1/stm8s_uart1$366      stm8s_uart1
     000083E0  Sstm8s_uart1$UART1_Init$81         stm8s_uart1
     000083E2  A$stm8s_uart1/stm8s_uart1$371      stm8s_uart1
     000083E2  Sstm8s_uart1$UART1_Init$82         stm8s_uart1
     000083E2  Sstm8s_uart1$UART1_Init$83         stm8s_uart1
     000083E4  A$stm8s_uart1/stm8s_uart1$372      stm8s_uart1
     000083E7  A$stm8s_uart1/stm8s_uart1$377      stm8s_uart1
     000083E7  Sstm8s_uart1$UART1_Init$84         stm8s_uart1
     000083E7  Sstm8s_uart1$UART1_Init$85         stm8s_uart1
     000083EA  A$stm8s_uart1/stm8s_uart1$380      stm8s_uart1
     000083EA  Sstm8s_uart1$UART1_Init$86         stm8s_uart1
     000083EC  A$stm8s_uart1/stm8s_uart1$381      stm8s_uart1
     000083EE  A$stm8s_uart1/stm8s_uart1$385      stm8s_uart1
     000083EE  Sstm8s_uart1$UART1_Init$87         stm8s_uart1
ASxxxx Linker V03.00 + NoICE + sdld,  page 24.
Hexadecimal  [32-Bits]

Area                                    Addr        Size        Decimal Bytes (Attributes)
--------------------------------        ----        ----        ------- ----- ------------
CODE                                000080AD    00000E5A =        3674. bytes (REL,CON)

      Value  Global                              Global Defined In Module
      -----  --------------------------------   ------------------------
     000083EE  Sstm8s_uart1$UART1_Init$88         stm8s_uart1
     000083F0  A$stm8s_uart1/stm8s_uart1$386      stm8s_uart1
     000083F3  A$stm8s_uart1/stm8s_uart1$388      stm8s_uart1
     000083F3  Sstm8s_uart1$UART1_Init$89         stm8s_uart1
     000083F5  A$stm8s_uart1/stm8s_uart1$393      stm8s_uart1
     000083F5  Sstm8s_uart1$UART1_Init$90         stm8s_uart1
     000083F5  Sstm8s_uart1$UART1_Init$91         stm8s_uart1
     000083F6  A$stm8s_uart1/stm8s_uart1$395      stm8s_uart1
     000083F6  Sstm8s_uart1$UART1_Init$92         stm8s_uart1
     000083F8  A$stm8s_uart1/stm8s_uart1$396      stm8s_uart1
     000083FA  A$stm8s_uart1/stm8s_uart1$397      stm8s_uart1
     000083FC  A$stm8s_uart1/stm8s_uart1$398      stm8s_uart1
     000083FD  A$stm8s_uart1/stm8s_uart1$400      stm8s_uart1
     000083FD  Sstm8s_uart1$UART1_Init$93         stm8s_uart1
     000083FF  A$stm8s_uart1/stm8s_uart1$401      stm8s_uart1
     00008402  A$stm8s_uart1/stm8s_uart1$406      stm8s_uart1
     00008402  Sstm8s_uart1$UART1_Init$94         stm8s_uart1
     00008402  Sstm8s_uart1$UART1_Init$95         stm8s_uart1
     00008404  A$stm8s_uart1/stm8s_uart1$410      stm8s_uart1
     00008404  Sstm8s_uart1$UART1_Init$96         stm8s_uart1
     00008404  Sstm8s_uart1$UART1_Init$97         stm8s_uart1
     00008404  XG$UART1_Init$0$0                  stm8s_uart1
     00008405  A$stm8s_uart1/stm8s_uart1$421      stm8s_uart1
     00008405  Sstm8s_uart1$UART1_Cmd$100         stm8s_uart1
     00008405  Sstm8s_uart1$UART1_Cmd$101         stm8s_uart1
     00008405  Sstm8s_uart1$UART1_Cmd$99          stm8s_uart1
     00008405  Sstm8s_uart1$UART1_Init$98         stm8s_uart1
     00008405  _UART1_Cmd                         stm8s_uart1
     00008408  A$stm8s_uart1/stm8s_uart1$424      stm8s_uart1
     00008408  Sstm8s_uart1$UART1_Cmd$102         stm8s_uart1
     0000840A  A$stm8s_uart1/stm8s_uart1$425      stm8s_uart1
     0000840C  A$stm8s_uart1/stm8s_uart1$429      stm8s_uart1
     0000840C  Sstm8s_uart1$UART1_Cmd$103         stm8s_uart1
     0000840C  Sstm8s_uart1$UART1_Cmd$104         stm8s_uart1
     0000840E  A$stm8s_uart1/stm8s_uart1$430      stm8s_uart1
     00008411  A$stm8s_uart1/stm8s_uart1$432      stm8s_uart1
     00008411  Sstm8s_uart1$UART1_Cmd$105         stm8s_uart1
     00008413  A$stm8s_uart1/stm8s_uart1$437      stm8s_uart1
     00008413  Sstm8s_uart1$UART1_Cmd$106         stm8s_uart1
     00008413  Sstm8s_uart1$UART1_Cmd$107         stm8s_uart1
     00008415  A$stm8s_uart1/stm8s_uart1$438      stm8s_uart1
     00008418  A$stm8s_uart1/stm8s_uart1$445      stm8s_uart1
     00008418  Sstm8s_uart1$UART1_Cmd$108         stm8s_uart1
     00008418  Sstm8s_uart1$UART1_Cmd$109         stm8s_uart1
     00008418  Sstm8s_uart1$UART1_Cmd$110         stm8s_uart1
     00008418  XG$UART1_Cmd$0$0                   stm8s_uart1
     00008419  A$stm8s_uart1/stm8s_uart1$454      stm8s_uart1
     00008419  Sstm8s_uart1$UART1_Cmd$111         stm8s_uart1
     00008419  Sstm8s_uart1$UART1_ITConfig$112    stm8s_uart1
     00008419  Sstm8s_uart1$UART1_ITConfig$113    stm8s_uart1
     00008419  _UART1_ITConfig                    stm8s_uart1
ASxxxx Linker V03.00 + NoICE + sdld,  page 25.
Hexadecimal  [32-Bits]

Area                                    Addr        Size        Decimal Bytes (Attributes)
--------------------------------        ----        ----        ------- ----- ------------
CODE                                000080AD    00000E5A =        3674. bytes (REL,CON)

      Value  Global                              Global Defined In Module
      -----  --------------------------------   ------------------------
     0000841A  A$stm8s_uart1/stm8s_uart1$458      stm8s_uart1
     0000841A  Sstm8s_uart1$UART1_ITConfig$114    stm8s_uart1
     0000841A  Sstm8s_uart1$UART1_ITConfig$115    stm8s_uart1
     0000841C  A$stm8s_uart1/stm8s_uart1$461      stm8s_uart1
     0000841C  Sstm8s_uart1$UART1_ITConfig$116    stm8s_uart1
     0000841E  A$stm8s_uart1/stm8s_uart1$462      stm8s_uart1
     00008420  A$stm8s_uart1/stm8s_uart1$463      stm8s_uart1
     00008421  A$stm8s_uart1/stm8s_uart1$465      stm8s_uart1
     00008421  Sstm8s_uart1$UART1_ITConfig$117    stm8s_uart1
     00008423  A$stm8s_uart1/stm8s_uart1$466      stm8s_uart1
     00008425  A$stm8s_uart1/stm8s_uart1$467      stm8s_uart1
     00008426  A$stm8s_uart1/stm8s_uart1$469      stm8s_uart1
     00008426  Sstm8s_uart1$UART1_ITConfig$118    stm8s_uart1
     00008427  A$stm8s_uart1/stm8s_uart1$470      stm8s_uart1
     00008429  A$stm8s_uart1/stm8s_uart1$472      stm8s_uart1
     0000842B  A$stm8s_uart1/stm8s_uart1$473      stm8s_uart1
     0000842C  A$stm8s_uart1/stm8s_uart1$474      stm8s_uart1
     0000842E  A$stm8s_uart1/stm8s_uart1$478      stm8s_uart1
     0000842E  Sstm8s_uart1$UART1_ITConfig$119    stm8s_uart1
     0000842F  A$stm8s_uart1/stm8s_uart1$479      stm8s_uart1
     00008430  A$stm8s_uart1/stm8s_uart1$480      stm8s_uart1
     00008432  A$stm8s_uart1/stm8s_uart1$481      stm8s_uart1
     00008434  A$stm8s_uart1/stm8s_uart1$482      stm8s_uart1
     00008437  A$stm8s_uart1/stm8s_uart1$485      stm8s_uart1
     00008439  A$stm8s_uart1/stm8s_uart1$490      stm8s_uart1
     00008439  Sstm8s_uart1$UART1_ITConfig$120    stm8s_uart1
     00008439  Sstm8s_uart1$UART1_ITConfig$121    stm8s_uart1
     0000843A  A$stm8s_uart1/stm8s_uart1$491      stm8s_uart1
     0000843C  A$stm8s_uart1/stm8s_uart1$492      stm8s_uart1
     0000843E  A$stm8s_uart1/stm8s_uart1$493      stm8s_uart1
     00008440  A$stm8s_uart1/stm8s_uart1$496      stm8s_uart1
     00008441  A$stm8s_uart1/stm8s_uart1$501      stm8s_uart1
     00008441  Sstm8s_uart1$UART1_ITConfig$122    stm8s_uart1
     00008441  Sstm8s_uart1$UART1_ITConfig$123    stm8s_uart1
     00008443  A$stm8s_uart1/stm8s_uart1$502      stm8s_uart1
     00008445  A$stm8s_uart1/stm8s_uart1$506      stm8s_uart1
     00008445  Sstm8s_uart1$UART1_ITConfig$124    stm8s_uart1
     00008445  Sstm8s_uart1$UART1_ITConfig$125    stm8s_uart1
     00008447  A$stm8s_uart1/stm8s_uart1$507      stm8s_uart1
     00008449  A$stm8s_uart1/stm8s_uart1$511      stm8s_uart1
     00008449  Sstm8s_uart1$UART1_ITConfig$126    stm8s_uart1
     00008449  Sstm8s_uart1$UART1_ITConfig$127    stm8s_uart1
     0000844C  A$stm8s_uart1/stm8s_uart1$512      stm8s_uart1
     0000844E  A$stm8s_uart1/stm8s_uart1$513      stm8s_uart1
     00008451  A$stm8s_uart1/stm8s_uart1$515      stm8s_uart1
     00008451  Sstm8s_uart1$UART1_ITConfig$128    stm8s_uart1
     00008454  A$stm8s_uart1/stm8s_uart1$519      stm8s_uart1
     00008454  Sstm8s_uart1$UART1_ITConfig$129    stm8s_uart1
     00008455  A$stm8s_uart1/stm8s_uart1$520      stm8s_uart1
     00008457  A$stm8s_uart1/stm8s_uart1$524      stm8s_uart1
     00008457  Sstm8s_uart1$UART1_ITConfig$130    stm8s_uart1
ASxxxx Linker V03.00 + NoICE + sdld,  page 26.
Hexadecimal  [32-Bits]

Area                                    Addr        Size        Decimal Bytes (Attributes)
--------------------------------        ----        ----        ------- ----- ------------
CODE                                000080AD    00000E5A =        3674. bytes (REL,CON)

      Value  Global                              Global Defined In Module
      -----  --------------------------------   ------------------------
     00008457  Sstm8s_uart1$UART1_ITConfig$131    stm8s_uart1
     0000845A  A$stm8s_uart1/stm8s_uart1$525      stm8s_uart1
     0000845C  A$stm8s_uart1/stm8s_uart1$526      stm8s_uart1
     0000845F  A$stm8s_uart1/stm8s_uart1$528      stm8s_uart1
     0000845F  Sstm8s_uart1$UART1_ITConfig$132    stm8s_uart1
     00008462  A$stm8s_uart1/stm8s_uart1$533      stm8s_uart1
     00008462  Sstm8s_uart1$UART1_ITConfig$133    stm8s_uart1
     00008462  Sstm8s_uart1$UART1_ITConfig$134    stm8s_uart1
     00008465  A$stm8s_uart1/stm8s_uart1$534      stm8s_uart1
     00008467  A$stm8s_uart1/stm8s_uart1$535      stm8s_uart1
     0000846A  A$stm8s_uart1/stm8s_uart1$537      stm8s_uart1
     0000846A  Sstm8s_uart1$UART1_ITConfig$135    stm8s_uart1
     0000846C  A$stm8s_uart1/stm8s_uart1$541      stm8s_uart1
     0000846C  Sstm8s_uart1$UART1_ITConfig$136    stm8s_uart1
     0000846E  A$stm8s_uart1/stm8s_uart1$545      stm8s_uart1
     0000846E  Sstm8s_uart1$UART1_ITConfig$137    stm8s_uart1
     0000846E  Sstm8s_uart1$UART1_ITConfig$138    stm8s_uart1
     00008470  A$stm8s_uart1/stm8s_uart1$546      stm8s_uart1
     00008472  A$stm8s_uart1/stm8s_uart1$550      stm8s_uart1
     00008472  Sstm8s_uart1$UART1_ITConfig$139    stm8s_uart1
     00008472  Sstm8s_uart1$UART1_ITConfig$140    stm8s_uart1
     00008475  A$stm8s_uart1/stm8s_uart1$551      stm8s_uart1
     00008477  A$stm8s_uart1/stm8s_uart1$552      stm8s_uart1
     0000847A  A$stm8s_uart1/stm8s_uart1$554      stm8s_uart1
     0000847A  Sstm8s_uart1$UART1_ITConfig$141    stm8s_uart1
     0000847C  A$stm8s_uart1/stm8s_uart1$558      stm8s_uart1
     0000847C  Sstm8s_uart1$UART1_ITConfig$142    stm8s_uart1
     0000847D  A$stm8s_uart1/stm8s_uart1$559      stm8s_uart1
     0000847F  A$stm8s_uart1/stm8s_uart1$563      stm8s_uart1
     0000847F  Sstm8s_uart1$UART1_ITConfig$143    stm8s_uart1
     0000847F  Sstm8s_uart1$UART1_ITConfig$144    stm8s_uart1
     00008482  A$stm8s_uart1/stm8s_uart1$564      stm8s_uart1
     00008484  A$stm8s_uart1/stm8s_uart1$565      stm8s_uart1
     00008487  A$stm8s_uart1/stm8s_uart1$567      stm8s_uart1
     00008487  Sstm8s_uart1$UART1_ITConfig$145    stm8s_uart1
     00008489  A$stm8s_uart1/stm8s_uart1$572      stm8s_uart1
     00008489  Sstm8s_uart1$UART1_ITConfig$146    stm8s_uart1
     00008489  Sstm8s_uart1$UART1_ITConfig$147    stm8s_uart1
     0000848C  A$stm8s_uart1/stm8s_uart1$573      stm8s_uart1
     0000848E  A$stm8s_uart1/stm8s_uart1$574      stm8s_uart1
     00008491  A$stm8s_uart1/stm8s_uart1$579      stm8s_uart1
     00008491  Sstm8s_uart1$UART1_ITConfig$148    stm8s_uart1
     00008491  Sstm8s_uart1$UART1_ITConfig$149    stm8s_uart1
     00008492  A$stm8s_uart1/stm8s_uart1$583      stm8s_uart1
     00008492  Sstm8s_uart1$UART1_ITConfig$150    stm8s_uart1
     00008492  Sstm8s_uart1$UART1_ITConfig$151    stm8s_uart1
     00008492  XG$UART1_ITConfig$0$0              stm8s_uart1
     00008493  A$stm8s_uart1/stm8s_uart1$594      stm8s_uart1
     00008493  Sstm8s_uart1$UART1_ITConfig$152    stm8s_uart1
     00008493  Sstm8s_uart1$UART1_ReceiveData8$   stm8s_uart1
     00008493  Sstm8s_uart1$UART1_ReceiveData8$   stm8s_uart1
ASxxxx Linker V03.00 + NoICE + sdld,  page 27.
Hexadecimal  [32-Bits]

Area                                    Addr        Size        Decimal Bytes (Attributes)
--------------------------------        ----        ----        ------- ----- ------------
CODE                                000080AD    00000E5A =        3674. bytes (REL,CON)

      Value  Global                              Global Defined In Module
      -----  --------------------------------   ------------------------
     00008493  Sstm8s_uart1$UART1_ReceiveData8$   stm8s_uart1
     00008493  _UART1_ReceiveData8                stm8s_uart1
     00008496  A$stm8s_uart1/stm8s_uart1$599      stm8s_uart1
     00008496  Sstm8s_uart1$UART1_ReceiveData8$   stm8s_uart1
     00008496  Sstm8s_uart1$UART1_ReceiveData8$   stm8s_uart1
     00008496  XG$UART1_ReceiveData8$0$0          stm8s_uart1
     00008497  A$stm8s_uart1/stm8s_uart1$610      stm8s_uart1
     00008497  Sstm8s_uart1$UART1_ReceiveData8$   stm8s_uart1
     00008497  Sstm8s_uart1$UART1_SendData8$159   stm8s_uart1
     00008497  Sstm8s_uart1$UART1_SendData8$160   stm8s_uart1
     00008497  Sstm8s_uart1$UART1_SendData8$161   stm8s_uart1
     00008497  _UART1_SendData8                   stm8s_uart1
     0000849A  A$stm8s_uart1/stm8s_uart1$611      stm8s_uart1
     0000849C  A$stm8s_uart1/stm8s_uart1$612      stm8s_uart1
     0000849D  A$stm8s_uart1/stm8s_uart1$617      stm8s_uart1
     0000849D  Sstm8s_uart1$UART1_SendData8$162   stm8s_uart1
     0000849D  Sstm8s_uart1$UART1_SendData8$163   stm8s_uart1
     0000849D  XG$UART1_SendData8$0$0             stm8s_uart1
     0000849E  A$stm8s_uart1/stm8s_uart1$626      stm8s_uart1
     0000849E  Sstm8s_uart1$UART1_GetFlagStatus   stm8s_uart1
     0000849E  Sstm8s_uart1$UART1_GetFlagStatus   stm8s_uart1
     0000849E  Sstm8s_uart1$UART1_SendData8$164   stm8s_uart1
     0000849E  _UART1_GetFlagStatus               stm8s_uart1
     000084A0  A$stm8s_uart1/stm8s_uart1$630      stm8s_uart1
     000084A0  Sstm8s_uart1$UART1_GetFlagStatus   stm8s_uart1
     000084A0  Sstm8s_uart1$UART1_GetFlagStatus   stm8s_uart1
     000084A2  A$stm8s_uart1/stm8s_uart1$631      stm8s_uart1
     000084A4  A$stm8s_uart1/stm8s_uart1$634      stm8s_uart1
     000084A4  Sstm8s_uart1$UART1_GetFlagStatus   stm8s_uart1
     000084A6  A$stm8s_uart1/stm8s_uart1$635      stm8s_uart1
     000084A8  A$stm8s_uart1/stm8s_uart1$638      stm8s_uart1
     000084A8  Sstm8s_uart1$UART1_GetFlagStatus   stm8s_uart1
     000084AA  A$stm8s_uart1/stm8s_uart1$639      stm8s_uart1
     000084AD  A$stm8s_uart1/stm8s_uart1$640      stm8s_uart1
     000084AF  A$stm8s_uart1/stm8s_uart1$645      stm8s_uart1
     000084AF  Sstm8s_uart1$UART1_GetFlagStatus   stm8s_uart1
     000084AF  Sstm8s_uart1$UART1_GetFlagStatus   stm8s_uart1
     000084AF  Sstm8s_uart1$UART1_GetFlagStatus   stm8s_uart1
     000084B2  A$stm8s_uart1/stm8s_uart1$646      stm8s_uart1
     000084B4  A$stm8s_uart1/stm8s_uart1$647      stm8s_uart1
     000084B6  A$stm8s_uart1/stm8s_uart1$651      stm8s_uart1
     000084B6  Sstm8s_uart1$UART1_GetFlagStatus   stm8s_uart1
     000084B6  Sstm8s_uart1$UART1_GetFlagStatus   stm8s_uart1
     000084B8  A$stm8s_uart1/stm8s_uart1$653      stm8s_uart1
     000084B8  Sstm8s_uart1$UART1_GetFlagStatus   stm8s_uart1
     000084BB  A$stm8s_uart1/stm8s_uart1$658      stm8s_uart1
     000084BB  Sstm8s_uart1$UART1_GetFlagStatus   stm8s_uart1
     000084BB  Sstm8s_uart1$UART1_GetFlagStatus   stm8s_uart1
     000084BC  A$stm8s_uart1/stm8s_uart1$660      stm8s_uart1
     000084BC  Sstm8s_uart1$UART1_GetFlagStatus   stm8s_uart1
     000084BE  A$stm8s_uart1/stm8s_uart1$664      stm8s_uart1
ASxxxx Linker V03.00 + NoICE + sdld,  page 28.
Hexadecimal  [32-Bits]

Area                                    Addr        Size        Decimal Bytes (Attributes)
--------------------------------        ----        ----        ------- ----- ------------
CODE                                000080AD    00000E5A =        3674. bytes (REL,CON)

      Value  Global                              Global Defined In Module
      -----  --------------------------------   ------------------------
     000084BE  Sstm8s_uart1$UART1_GetFlagStatus   stm8s_uart1
     000084C0  A$stm8s_uart1/stm8s_uart1$665      stm8s_uart1
     000084C3  A$stm8s_uart1/stm8s_uart1$666      stm8s_uart1
     000084C5  A$stm8s_uart1/stm8s_uart1$671      stm8s_uart1
     000084C5  Sstm8s_uart1$UART1_GetFlagStatus   stm8s_uart1
     000084C5  Sstm8s_uart1$UART1_GetFlagStatus   stm8s_uart1
     000084C5  Sstm8s_uart1$UART1_GetFlagStatus   stm8s_uart1
     000084C8  A$stm8s_uart1/stm8s_uart1$672      stm8s_uart1
     000084CA  A$stm8s_uart1/stm8s_uart1$673      stm8s_uart1
     000084CC  A$stm8s_uart1/stm8s_uart1$677      stm8s_uart1
     000084CC  Sstm8s_uart1$UART1_GetFlagStatus   stm8s_uart1
     000084CC  Sstm8s_uart1$UART1_GetFlagStatus   stm8s_uart1
     000084CE  A$stm8s_uart1/stm8s_uart1$679      stm8s_uart1
     000084CE  Sstm8s_uart1$UART1_GetFlagStatus   stm8s_uart1
     000084D0  A$stm8s_uart1/stm8s_uart1$684      stm8s_uart1
     000084D0  Sstm8s_uart1$UART1_GetFlagStatus   stm8s_uart1
     000084D0  Sstm8s_uart1$UART1_GetFlagStatus   stm8s_uart1
     000084D1  A$stm8s_uart1/stm8s_uart1$686      stm8s_uart1
     000084D1  Sstm8s_uart1$UART1_GetFlagStatus   stm8s_uart1
     000084D3  A$stm8s_uart1/stm8s_uart1$691      stm8s_uart1
     000084D3  Sstm8s_uart1$UART1_GetFlagStatus   stm8s_uart1
     000084D3  Sstm8s_uart1$UART1_GetFlagStatus   stm8s_uart1
     000084D6  A$stm8s_uart1/stm8s_uart1$692      stm8s_uart1
     000084D8  A$stm8s_uart1/stm8s_uart1$693      stm8s_uart1
     000084DA  A$stm8s_uart1/stm8s_uart1$697      stm8s_uart1
     000084DA  Sstm8s_uart1$UART1_GetFlagStatus   stm8s_uart1
     000084DA  Sstm8s_uart1$UART1_GetFlagStatus   stm8s_uart1
     000084DC  A$stm8s_uart1/stm8s_uart1$699      stm8s_uart1
     000084DC  Sstm8s_uart1$UART1_GetFlagStatus   stm8s_uart1
     000084DE  A$stm8s_uart1/stm8s_uart1$704      stm8s_uart1
     000084DE  Sstm8s_uart1$UART1_GetFlagStatus   stm8s_uart1
     000084DE  Sstm8s_uart1$UART1_GetFlagStatus   stm8s_uart1
     000084DF  A$stm8s_uart1/stm8s_uart1$711      stm8s_uart1
     000084DF  Sstm8s_uart1$UART1_GetFlagStatus   stm8s_uart1
     000084DF  Sstm8s_uart1$UART1_GetFlagStatus   stm8s_uart1
     000084DF  Sstm8s_uart1$UART1_GetFlagStatus   stm8s_uart1
     000084E1  A$stm8s_uart1/stm8s_uart1$715      stm8s_uart1
     000084E1  Sstm8s_uart1$UART1_GetFlagStatus   stm8s_uart1
     000084E1  Sstm8s_uart1$UART1_GetFlagStatus   stm8s_uart1
     000084E1  XG$UART1_GetFlagStatus$0$0         stm8s_uart1
     000084E2  A$stm8s_uart1/stm8s_uart1$724      stm8s_uart1
     000084E2  Sstm8s_uart1$UART1_GetFlagStatus   stm8s_uart1
     000084E2  Sstm8s_uart1$UART1_GetITStatus$2   stm8s_uart1
     000084E2  Sstm8s_uart1$UART1_GetITStatus$2   stm8s_uart1
     000084E2  _UART1_GetITStatus                 stm8s_uart1
     000084E4  A$stm8s_uart1/stm8s_uart1$728      stm8s_uart1
     000084E4  Sstm8s_uart1$UART1_GetITStatus$2   stm8s_uart1
     000084E4  Sstm8s_uart1$UART1_GetITStatus$2   stm8s_uart1
     000084E6  A$stm8s_uart1/stm8s_uart1$729      stm8s_uart1
     000084E7  A$stm8s_uart1/stm8s_uart1$730      stm8s_uart1
     000084E9  A$stm8s_uart1/stm8s_uart1$731      stm8s_uart1
ASxxxx Linker V03.00 + NoICE + sdld,  page 29.
Hexadecimal  [32-Bits]

Area                                    Addr        Size        Decimal Bytes (Attributes)
--------------------------------        ----        ----        ------- ----- ------------
CODE                                000080AD    00000E5A =        3674. bytes (REL,CON)

      Value  Global                              Global Defined In Module
      -----  --------------------------------   ------------------------
     000084EA  A$stm8s_uart1/stm8s_uart1$733      stm8s_uart1
     000084EA  Sstm8s_uart1$UART1_GetITStatus$2   stm8s_uart1
     000084EC  A$stm8s_uart1/stm8s_uart1$734      stm8s_uart1
     000084EE  A$stm8s_uart1/stm8s_uart1$735      stm8s_uart1
     000084EF  A$stm8s_uart1/stm8s_uart1$737      stm8s_uart1
     000084EF  Sstm8s_uart1$UART1_GetITStatus$2   stm8s_uart1
     000084F0  A$stm8s_uart1/stm8s_uart1$738      stm8s_uart1
     000084F2  A$stm8s_uart1/stm8s_uart1$740      stm8s_uart1
     000084F4  A$stm8s_uart1/stm8s_uart1$741      stm8s_uart1
     000084F5  A$stm8s_uart1/stm8s_uart1$742      stm8s_uart1
     000084F7  A$stm8s_uart1/stm8s_uart1$746      stm8s_uart1
     000084F7  Sstm8s_uart1$UART1_GetITStatus$2   stm8s_uart1
     000084F8  A$stm8s_uart1/stm8s_uart1$747      stm8s_uart1
     000084F9  A$stm8s_uart1/stm8s_uart1$748      stm8s_uart1
     000084FB  A$stm8s_uart1/stm8s_uart1$751      stm8s_uart1
     000084FB  Sstm8s_uart1$UART1_GetITStatus$2   stm8s_uart1
     000084FC  A$stm8s_uart1/stm8s_uart1$753      stm8s_uart1
     000084FC  Sstm8s_uart1$UART1_GetITStatus$2   stm8s_uart1
     000084FE  A$stm8s_uart1/stm8s_uart1$754      stm8s_uart1
     00008500  A$stm8s_uart1/stm8s_uart1$755      stm8s_uart1
     00008501  A$stm8s_uart1/stm8s_uart1$757      stm8s_uart1
     00008501  Sstm8s_uart1$UART1_GetITStatus$2   stm8s_uart1
     00008502  A$stm8s_uart1/stm8s_uart1$758      stm8s_uart1
     00008504  A$stm8s_uart1/stm8s_uart1$760      stm8s_uart1
     00008506  A$stm8s_uart1/stm8s_uart1$761      stm8s_uart1
     00008507  A$stm8s_uart1/stm8s_uart1$762      stm8s_uart1
     00008509  A$stm8s_uart1/stm8s_uart1$766      stm8s_uart1
     00008509  Sstm8s_uart1$UART1_GetITStatus$2   stm8s_uart1
     0000850B  A$stm8s_uart1/stm8s_uart1$767      stm8s_uart1
     0000850D  A$stm8s_uart1/stm8s_uart1$768      stm8s_uart1
     0000850E  A$stm8s_uart1/stm8s_uart1$769      stm8s_uart1
[...]
     00008C6D  A$gpsld/Debug/gps$309              gps
     00008C71  A$gpsld/Debug/gps$310              gps
     00008C74  A$gpsld/Debug/gps$311              gps
     00008C76  A$gpsld/Debug/gps$312              gps
     00008C77  A$gpsld/Debug/gps$313              gps
     00008C79  A$gpsld/Debug/gps$314              gps
     00008C7B  A$gpsld/Debug/gps$315              gps
     00008C7D  A$gpsld/Debug/gps$316              gps
     00008C80  A$gpsld/Debug/gps$317              gps
     00008C81  A$gpsld/Debug/gps$318              gps
     00008C83  A$gpsld/Debug/gps$319              gps
     00008C85  A$gpsld/Debug/gps$320              gps
     00008C86  A$gpsld/Debug/gps$321              gps
     00008C87  A$gpsld/Debug/gps$322              gps
     00008C88  A$gpsld/Debug/gps$323              gps
     00008C8A  A$gpsld/Debug/gps$324              gps
     00008C8C  A$gpsld/Debug/gps$325              gps
ASxxxx Linker V03.00 + NoICE + sdld,  page 63.
Hexadecimal  [32-Bits]

Area                                    Addr        Size        Decimal Bytes (Attributes)
--------------------------------        ----        ----        ------- ----- ------------
CODE                                000080AD    00000E5A =        3674. bytes (REL,CON)

      Value  Global                              Global Defined In Module
      -----  --------------------------------   ------------------------
     00008C8E  A$gpsld/Debug/gps$326              gps
     00008C8F  A$gpsld/Debug/gps$327              gps
     00008C91  A$gpsld/Debug/gps$328              gps
     00008C93  A$gpsld/Debug/gps$329              gps
     00008C94  A$gpsld/Debug/gps$330              gps
     00008C96  A$gpsld/Debug/gps$331              gps
     00008C98  A$gpsld/Debug/gps$332              gps
     00008C9A  A$gpsld/Debug/gps$333              gps
     00008C9C  A$gpsld/Debug/gps$334              gps
     00008C9D  A$gpsld/Debug/gps$335              gps
     00008C9F  A$gpsld/Debug/gps$336              gps
     00008CA0  A$gpsld/Debug/gps$337              gps
     00008CA2  A$gpsld/Debug/gps$338              gps
     00008CA4  A$gpsld/Debug/gps$339              gps
     00008CA6  A$gpsld/Debug/gps$340              gps
     00008CA7  A$gpsld/Debug/gps$341              gps
     00008CA9  A$gpsld/Debug/gps$342              gps
     00008CAA  A$gpsld/Debug/gps$343              gps
     00008CAC  A$gpsld/Debug/gps$344              gps
     00008CAD  A$gpsld/Debug/gps$345              gps
     00008CAE  A$gpsld/Debug/gps$346              gps
     00008CB0  A$gpsld/Debug/gps$347              gps
     00008CB2  A$gpsld/Debug/gps$348              gps
     00008CB4  A$gpsld/Debug/gps$349              gps
     00008CB6  A$gpsld/Debug/gps$352              gps
     00008CB8  A$gpsld/Debug/gps$354              gps
     00008CB9  A$gpsld/Debug/gps$355              gps
     00008CBB  A$gpsld/Debug/gps$356              gps
     00008CBD  A$gpsld/Debug/gps$357              gps
     00008CBF  A$gpsld/Debug/gps$358              gps
     00008CC1  A$gpsld/Debug/gps$359              gps
     00008CC3  A$gpsld/Debug/gps$363              gps
     00008CC3  Sgps$checksum$81                   gps
     00008CC3  Sgps$checksum$82                   gps
     00008CC5  A$gpsld/Debug/gps$364              gps
     00008CC7  A$gpsld/Debug/gps$365              gps
     00008CC9  A$gpsld/Debug/gps$367              gps
     00008CC9  Sgps$checksum$83                   gps
     00008CCA  A$gpsld/Debug/gps$368              gps
     00008CCC  A$gpsld/Debug/gps$370              gps
     00008CCE  A$gpsld/Debug/gps$371              gps
     00008CCF  A$gpsld/Debug/gps$372              gps
     00008CD0  A$gpsld/Debug/gps$373              gps
     00008CD1  A$gpsld/Debug/gps$374              gps
     00008CD2  A$gpsld/Debug/gps$375              gps
     00008CD3  A$gpsld/Debug/gps$376              gps
     00008CD5  A$gpsld/Debug/gps$377              gps
     00008CD7  A$gpsld/Debug/gps$378              gps
     00008CD8  A$gpsld/Debug/gps$379              gps
     00008CD9  A$gpsld/Debug/gps$380              gps
     00008CDA  A$gpsld/Debug/gps$381              gps
ASxxxx Linker V03.00 + NoICE + sdld,  page 64.
Hexadecimal  [32-Bits]

Area                                    Addr        Size        Decimal Bytes (Attributes)
--------------------------------        ----        ----        ------- ----- ------------
CODE                                000080AD    00000E5A =        3674. bytes (REL,CON)

      Value  Global                              Global Defined In Module
      -----  --------------------------------   ------------------------
     00008CDC  A$gpsld/Debug/gps$382              gps
     00008CDE  A$gpsld/Debug/gps$385              gps
     00008CE0  A$gpsld/Debug/gps$387              gps
     00008CE1  A$gpsld/Debug/gps$388              gps
     00008CE2  A$gpsld/Debug/gps$389              gps
     00008CE4  A$gpsld/Debug/gps$391              gps
     00008CE4  Sgps$checksum$84                   gps
     00008CE6  A$gpsld/Debug/gps$393              gps
     00008CE6  Sgps$checksum$85                   gps
     00008CE7  A$gpsld/Debug/gps$395              gps
     00008CE7  Sgps$checksum$86                   gps
     00008CEA  A$gpsld/Debug/gps$396              gps
     00008CEC  A$gpsld/Debug/gps$398              gps
     00008CEC  Sgps$checksum$87                   gps
     00008CEE  A$gpsld/Debug/gps$399              gps
     00008CF0  A$gpsld/Debug/gps$400              gps
     00008CF1  A$gpsld/Debug/gps$401              gps
     00008CF3  A$gpsld/Debug/gps$402              gps
     00008CF5  A$gpsld/Debug/gps$403              gps
     00008CF8  A$gpsld/Debug/gps$407              gps
     00008CF8  Sgps$checksum$88                   gps
     00008CFA  A$gpsld/Debug/gps$408              gps
     00008CFB  A$gpsld/Debug/gps$409              gps
     00008CFC  A$gpsld/Debug/gps$410              gps
     00008CFE  A$gpsld/Debug/gps$411              gps
     00008D00  A$gpsld/Debug/gps$412              gps
     00008D01  A$gpsld/Debug/gps$413              gps
     00008D02  A$gpsld/Debug/gps$414              gps
     00008D03  A$gpsld/Debug/gps$415              gps
     00008D05  A$gpsld/Debug/gps$416              gps
     00008D06  A$gpsld/Debug/gps$417              gps
     00008D09  A$gpsld/Debug/gps$418              gps
     00008D0A  A$gpsld/Debug/gps$419              gps
     00008D0C  A$gpsld/Debug/gps$420              gps
     00008D0E  A$gpsld/Debug/gps$421              gps
     00008D0F  A$gpsld/Debug/gps$422              gps
     00008D11  A$gpsld/Debug/gps$423              gps
     00008D13  A$gpsld/Debug/gps$424              gps
     00008D15  A$gpsld/Debug/gps$425              gps
     00008D17  A$gpsld/Debug/gps$426              gps
     00008D19  A$gpsld/Debug/gps$427              gps
     00008D1B  A$gpsld/Debug/gps$428              gps
     00008D1D  A$gpsld/Debug/gps$429              gps
     00008D1F  A$gpsld/Debug/gps$430              gps
     00008D20  A$gpsld/Debug/gps$431              gps
     00008D21  A$gpsld/Debug/gps$432              gps
     00008D22  A$gpsld/Debug/gps$433              gps
     00008D24  A$gpsld/Debug/gps$434              gps
     00008D25  A$gpsld/Debug/gps$435              gps
     00008D28  A$gpsld/Debug/gps$436              gps
     00008D29  A$gpsld/Debug/gps$437              gps
ASxxxx Linker V03.00 + NoICE + sdld,  page 65.
Hexadecimal  [32-Bits]

Area                                    Addr        Size        Decimal Bytes (Attributes)
--------------------------------        ----        ----        ------- ----- ------------
CODE                                000080AD    00000E5A =        3674. bytes (REL,CON)

      Value  Global                              Global Defined In Module
      -----  --------------------------------   ------------------------
     00008D2A  A$gpsld/Debug/gps$438              gps
     00008D2B  A$gpsld/Debug/gps$439              gps
     00008D2D  A$gpsld/Debug/gps$440              gps
     00008D2F  A$gpsld/Debug/gps$441              gps
     00008D31  A$gpsld/Debug/gps$442              gps
     00008D32  A$gpsld/Debug/gps$443              gps
     00008D34  A$gpsld/Debug/gps$446              gps
     00008D34  Sgps$checksum$89                   gps
     00008D36  A$gpsld/Debug/gps$447              gps
     00008D38  A$gpsld/Debug/gps$448              gps
     00008D39  A$gpsld/Debug/gps$449              gps
     00008D3A  A$gpsld/Debug/gps$450              gps
     00008D3B  A$gpsld/Debug/gps$451              gps
     00008D3D  A$gpsld/Debug/gps$452              gps
     00008D3E  A$gpsld/Debug/gps$453              gps
     00008D41  A$gpsld/Debug/gps$454              gps
     00008D42  A$gpsld/Debug/gps$455              gps
     00008D44  A$gpsld/Debug/gps$456              gps
     00008D45  A$gpsld/Debug/gps$457              gps
     00008D46  A$gpsld/Debug/gps$458              gps
     00008D47  A$gpsld/Debug/gps$459              gps
     00008D48  A$gpsld/Debug/gps$460              gps
     00008D4A  A$gpsld/Debug/gps$461              gps
     00008D4C  A$gpsld/Debug/gps$462              gps
     00008D4E  A$gpsld/Debug/gps$463              gps
     00008D50  A$gpsld/Debug/gps$464              gps
     00008D52  A$gpsld/Debug/gps$465              gps
     00008D53  A$gpsld/Debug/gps$466              gps
     00008D54  A$gpsld/Debug/gps$467              gps
     00008D55  A$gpsld/Debug/gps$468              gps
     00008D57  A$gpsld/Debug/gps$469              gps
     00008D58  A$gpsld/Debug/gps$470              gps
     00008D5B  A$gpsld/Debug/gps$471              gps
     00008D5C  A$gpsld/Debug/gps$472              gps
     00008D5D  A$gpsld/Debug/gps$473              gps
     00008D5E  A$gpsld/Debug/gps$474              gps
     00008D60  A$gpsld/Debug/gps$475              gps
     00008D61  A$gpsld/Debug/gps$476              gps
     00008D63  A$gpsld/Debug/gps$477              gps
     00008D65  A$gpsld/Debug/gps$478              gps
     00008D67  A$gpsld/Debug/gps$480              gps
     00008D69  A$gpsld/Debug/gps$481              gps
     00008D6B  A$gpsld/Debug/gps$483              gps
     00008D6C  A$gpsld/Debug/gps$484              gps
     00008D6D  A$gpsld/Debug/gps$485              gps
     00008D6E  A$gpsld/Debug/gps$486              gps
     00008D70  A$gpsld/Debug/gps$487              gps
     00008D71  A$gpsld/Debug/gps$489              gps
     00008D73  A$gpsld/Debug/gps$490              gps
     00008D76  A$gpsld/Debug/gps$491              gps
     00008D77  A$gpsld/Debug/gps$492              gps
ASxxxx Linker V03.00 + NoICE + sdld,  page 66.
Hexadecimal  [32-Bits]

Area                                    Addr        Size        Decimal Bytes (Attributes)
--------------------------------        ----        ----        ------- ----- ------------
CODE                                000080AD    00000E5A =        3674. bytes (REL,CON)

      Value  Global                              Global Defined In Module
      -----  --------------------------------   ------------------------
     00008D79  A$gpsld/Debug/gps$493              gps
     00008D7A  A$gpsld/Debug/gps$494              gps
     00008D7C  A$gpsld/Debug/gps$495              gps
     00008D7D  A$gpsld/Debug/gps$496              gps
     00008D7F  A$gpsld/Debug/gps$497              gps
     00008D81  A$gpsld/Debug/gps$500              gps
     00008D81  Sgps$checksum$90                   gps
     00008D83  A$gpsld/Debug/gps$501              gps
     00008D84  A$gpsld/Debug/gps$502              gps
     00008D86  A$gpsld/Debug/gps$503              gps
     00008D89  A$gpsld/Debug/gps$507              gps
     00008D89  Sgps$checksum$91                   gps
     00008D8C  A$gpsld/Debug/gps$508              gps
     00008D8E  A$gpsld/Debug/gps$509              gps
     00008D90  A$gpsld/Debug/gps$510              gps
     00008D91  A$gpsld/Debug/gps$511              gps
     00008D93  A$gpsld/Debug/gps$512              gps
     00008D94  A$gpsld/Debug/gps$513              gps
     00008D96  A$gpsld/Debug/gps$514              gps
     00008D98  A$gpsld/Debug/gps$515              gps
     00008D9A  A$gpsld/Debug/gps$516              gps
     00008D9D  A$gpsld/Debug/gps$517              gps
     00008D9E  A$gpsld/Debug/gps$518              gps
     00008D9F  A$gpsld/Debug/gps$519              gps
     00008DA1  A$gpsld/Debug/gps$520              gps
     00008DA3  A$gpsld/Debug/gps$521              gps
     00008DA5  A$gpsld/Debug/gps$522              gps
     00008DA6  A$gpsld/Debug/gps$523              gps
     00008DA8  A$gpsld/Debug/gps$526              gps
     00008DA8  Sgps$checksum$92                   gps
     00008DAB  A$gpsld/Debug/gps$527              gps
     00008DAC  A$gpsld/Debug/gps$528              gps
     00008DAE  A$gpsld/Debug/gps$529              gps
     00008DB0  A$gpsld/Debug/gps$530              gps
     00008DB1  A$gpsld/Debug/gps$531              gps
     00008DB3  A$gpsld/Debug/gps$532              gps
     00008DB5  A$gpsld/Debug/gps$533              gps
     00008DB7  A$gpsld/Debug/gps$534              gps
     00008DB8  A$gpsld/Debug/gps$535              gps
     00008DBA  A$gpsld/Debug/gps$536              gps
     00008DBD  A$gpsld/Debug/gps$537              gps
     00008DBE  A$gpsld/Debug/gps$538              gps
     00008DC0  A$gpsld/Debug/gps$539              gps
     00008DC1  A$gpsld/Debug/gps$540              gps
     00008DC2  A$gpsld/Debug/gps$541              gps
     00008DC4  A$gpsld/Debug/gps$542              gps
     00008DC6  A$gpsld/Debug/gps$543              gps
     00008DC8  A$gpsld/Debug/gps$544              gps
     00008DCA  A$gpsld/Debug/gps$547              gps
     00008DCC  A$gpsld/Debug/gps$549              gps
     00008DCD  A$gpsld/Debug/gps$550              gps
ASxxxx Linker V03.00 + NoICE + sdld,  page 67.
Hexadecimal  [32-Bits]

Area                                    Addr        Size        Decimal Bytes (Attributes)
--------------------------------        ----        ----        ------- ----- ------------
CODE                                000080AD    00000E5A =        3674. bytes (REL,CON)

      Value  Global                              Global Defined In Module
      -----  --------------------------------   ------------------------
     00008DCF  A$gpsld/Debug/gps$551              gps
     00008DD0  A$gpsld/Debug/gps$552              gps
     00008DD2  A$gpsld/Debug/gps$553              gps
     00008DD4  A$gpsld/Debug/gps$554              gps
     00008DD5  A$gpsld/Debug/gps$555              gps
     00008DD7  A$gpsld/Debug/gps$556              gps
     00008DD9  A$gpsld/Debug/gps$560              gps
     00008DD9  Sgps$checksum$93                   gps
     00008DD9  Sgps$checksum$94                   gps
     00008DDB  A$gpsld/Debug/gps$561              gps
     00008DDD  A$gpsld/Debug/gps$565              gps
     00008DDD  Sgps$checksum$95                   gps
     00008DDE  A$gpsld/Debug/gps$569              gps
     00008DDE  Sgps$checksum$96                   gps
     00008DE0  A$gpsld/Debug/gps$573              gps
     00008DE0  Sgps$checksum$97                   gps
     00008DE0  Sgps$checksum$98                   gps
     00008DE0  XFgps$checksum$0$0                 gps
     00008DE1  Sgps$checksum$99                   gps
     00008DE1  __divulong                         
     00008E3B  _strchr                            _strchr
     00008E61  __modsint                          
     00008E77  __mullong                          
     00008EF3  __divsint                          

ASxxxx Linker V03.00 + NoICE + sdld,  page 68.
Hexadecimal  [32-Bits]

Area                                    Addr        Size        Decimal Bytes (Attributes)
--------------------------------        ----        ----        ------- ----- ------------
.debug_line                         00000000    00001279 =        4729. bytes (REL,CON)

      Value  Global                              Global Defined In Module
      -----  --------------------------------   ------------------------
ASxxxx Linker V03.00 + NoICE + sdld,  page 69.
Hexadecimal  [32-Bits]

Area                                    Addr        Size        Decimal Bytes (Attributes)
--------------------------------        ----        ----        ------- ----- ------------
.debug_loc                          00000000    000011D0 =        4560. bytes (REL,CON)

      Value  Global                              Global Defined In Module
      -----  --------------------------------   ------------------------
ASxxxx Linker V03.00 + NoICE + sdld,  page 70.
Hexadecimal  [32-Bits]

Area                                    Addr        Size        Decimal Bytes (Attributes)
--------------------------------        ----        ----        ------- ----- ------------
.debug_abbrev                       00000000    00000510 =        1296. bytes (REL,CON)

      Value  Global                              Global Defined In Module
      -----  --------------------------------   ------------------------
ASxxxx Linker V03.00 + NoICE + sdld,  page 71.
Hexadecimal  [32-Bits]

Area                                    Addr        Size        Decimal Bytes (Attributes)
--------------------------------        ----        ----        ------- ----- ------------
.debug_info                         00000000    000014B5 =        5301. bytes (REL,CON)

      Value  Global                              Global Defined In Module
      -----  --------------------------------   ------------------------
ASxxxx Linker V03.00 + NoICE + sdld,  page 72.
Hexadecimal  [32-Bits]

Area                                    Addr        Size        Decimal Bytes (Attributes)
--------------------------------        ----        ----        ------- ----- ------------
.debug_pubnames                     00000000    00000423 =        1059. bytes (REL,CON)

      Value  Global                              Global Defined In Module
      -----  --------------------------------   ------------------------
ASxxxx Linker V03.00 + NoICE + sdld,  page 73.
Hexadecimal  [32-Bits]

Area                                    Addr        Size        Decimal Bytes (Attributes)
--------------------------------        ----        ----        ------- ----- ------------
.debug_frame                        00000000    00000F8C =        3980. bytes (REL,CON)

      Value  Global                              Global Defined In Module
      -----  --------------------------------   ------------------------
ASxxxx Linker V03.00 + NoICE + sdld,  page 74.

Files Linked                              [ module(s) ]

Build/Debug/main.rel                      [ main ]
Build/Debug/stm8s_gpio.rel                [ stm8s_gpio ]
Build/Debug/stm8s_clk.rel                 [ stm8s_clk ]
Build/Debug/stm8s_spi.rel                 [ stm8s_spi ]
Build/Debug/stm8s_uart1.rel               [ stm8s_uart1 ]
Build/Debug/stm8s_beep.rel                [ stm8s_beep ]
Build/Debug/soft_i2c.rel                  [ soft_i2c ]
Build/Debug/nixie.rel                     [ nixie ]
Build/Debug/ds3231.rel                    [ ds3231 ]
Build/Debug/gps.rel                       [ gps ]


Libraries Linked                          [ object file ]

C:\Program Files\SDCC\bin\..\lib\stm8/stm8.lib
                                          [ _divulong.rel ]
C:\Program Files\SDCC\bin\..\lib\stm8/stm8.lib
                                          [ _strchr.rel ]
C:\Program Files\SDCC\bin\..\lib\stm8/stm8.lib
                                          [ _modsint.rel ]
C:\Program Files\SDCC\bin\..\lib\stm8/stm8.lib
                                          [ _mullong.rel ]
C:\Program Files\SDCC\bin\..\lib\stm8/stm8.lib
                                          [ _divsint.rel ]

ASxxxx Linker V03.00 + NoICE + sdld,  page 75.

User Base Address Definitions

HOME = 0x8000
DATA = 0x0001
SSEG = 0xffffffff

