ASxxxx Linker V03.00 + NoICE + sdld,  page 1.
Hexadecimal  [32-Bits]

Area                                    Addr        Size        Decimal Bytes (Attributes)
--------------------------------        ----        ----        ------- ----- ------------
.  .ABS.                            00000000    00000000 =           0. bytes (ABS,CON)

      Value  Global                              Global Defined In Module
      -----  --------------------------------   ------------------------
     FFFFFFFF  s_SSEG                          
     00000000  .__.ABS.                           
     00000000  l_CABS                          
     00000000  l_DABS                          
     00000000  l__CODE                         
     00000000  s_.debug_abbrev                 
     00000000  s_.debug_frame                  
     00000000  s_.debug_info                   
     00000000  s_.debug_line                   
     00000000  s_.debug_loc                    
     00000000  s_.debug_pubnames               
     00000000  s_CABS                          
     00000000  s_DABS                          
     00000000  s__CODE                         
     00000001  l_SSEG                          
     00000001  s_DATA                          
     00000003  l_GSFINAL                       
     0000000C  l_CONST                         
     0000001A  l_GSINIT                        
     00000025  l_DATA                          
     00000026  s_INITIALIZED                   
     0000002E  l_INITIALIZED                   
     0000002E  l_INITIALIZER                   
     0000006B  l_HOME                          
     000006A6  l_.debug_pubnames               
     000006D2  l_.debug_abbrev                 
     00001419  l_CODE                          
     00001599  l_.debug_frame                  
     00001874  l_.debug_loc                    
     00001A40  l_.debug_line                   
     00001EF3  l_.debug_info                   
     00008000  s_HOME                          
     0000806B  s_GSINIT                        
     00008085  s_GSFINAL                       
     00008088  s_CONST                         
     00008094  s_INITIALIZER                   
     000080C2  s_CODE                          

ASxxxx Linker V03.00 + NoICE + sdld,  page 2.
Hexadecimal  [32-Bits]

Area                                    Addr        Size        Decimal Bytes (Attributes)
--------------------------------        ----        ----        ------- ----- ------------
DATA                                00000001    00000025 =          37. bytes (REL,CON)

      Value  Global                              Global Defined In Module
      -----  --------------------------------   ------------------------
     00000001  G$ir_delay$0_0$0                   main
     00000001  _ir_delay                          main
     00000003  G$ir_double_click_delay$0_0$0      main
     00000003  _ir_double_click_delay             main
     00000004  G$key_delay_2s$0_0$0               main
     00000004  _key_delay_2s                      main
     00000006  G$DS3231_TimeSturcture$0_0$0       ds3231
     00000006  _DS3231_TimeSturcture              ds3231
     0000000E  G$GPS_TimeDataSturcture$0_0$0      gps
     0000000E  _GPS_TimeDataSturcture             gps

ASxxxx Linker V03.00 + NoICE + sdld,  page 3.
Hexadecimal  [32-Bits]

Area                                    Addr        Size        Decimal Bytes (Attributes)
--------------------------------        ----        ----        ------- ----- ------------
INITIALIZED                         00000026    0000002E =          46. bytes (REL,CON)

      Value  Global                              Global Defined In Module
      -----  --------------------------------   ------------------------
     00000026  G$ir_always_on$0_0$0               main
     00000026  _ir_always_on                      main
     00000027  G$KEY_StateMachine_Enumeration$0   main
     00000027  _KEY_StateMachine_Enumeration      main
     00000028  G$tube_state$0_0$0                 nixie
     00000028  _tube_state                        nixie
     00000029  G$DS3231_Buf$0_0$0                 ds3231
     00000029  _DS3231_Buf                        ds3231
     00000031  G$GPS_RxBuf$0_0$0                  gps
     00000031  _GPS_RxBuf                         gps
     00000053  Fgps$num$0_0$0                     gps

ASxxxx Linker V03.00 + NoICE + sdld,  page 4.
Hexadecimal  [32-Bits]

Area                                    Addr        Size        Decimal Bytes (Attributes)
--------------------------------        ----        ----        ------- ----- ------------
SSEG                                FFFFFFFF    00000001 =           1. bytes (REL,CON)

      Value  Global                              Global Defined In Module
      -----  --------------------------------   ------------------------
ASxxxx Linker V03.00 + NoICE + sdld,  page 5.
Hexadecimal  [32-Bits]

Area                                    Addr        Size        Decimal Bytes (Attributes)
--------------------------------        ----        ----        ------- ----- ------------
HOME                                00008000    0000006B =         107. bytes (REL,CON)

      Value  Global                              Global Defined In Module
      -----  --------------------------------   ------------------------
     00008000  A$maind/Debug/main$86              main
     00008004  A$maind/Debug/main$87              main
     00008008  A$maind/Debug/main$88              main
     0000800C  A$maind/Debug/main$89              main
     00008010  A$maind/Debug/main$90              main
     00008014  A$maind/Debug/main$91              main
     00008018  A$maind/Debug/main$92              main
     0000801C  A$maind/Debug/main$93              main
     00008020  A$maind/Debug/main$94              main
     00008024  A$maind/Debug/main$95              main
     00008028  A$maind/Debug/main$96              main
     0000802C  A$maind/Debug/main$97              main
     00008030  A$maind/Debug/main$98              main
     00008034  A$maind/Debug/main$99              main
     00008038  A$maind/Debug/main$100             main
     0000803C  A$maind/Debug/main$101             main
     00008040  A$maind/Debug/main$102             main
     00008044  A$maind/Debug/main$103             main
     00008048  A$maind/Debug/main$104             main
     0000804C  A$maind/Debug/main$105             main
     00008050  A$maind/Debug/main$106             main
     00008054  A$maind/Debug/main$107             main
     00008058  A$maind/Debug/main$108             main
     0000805C  A$maind/Debug/main$109             main
     00008060  A$maind/Debug/main$110             main
     00008064  A$maind/Debug/main$111             main
     00008068  A$maind/Debug/main$146             main
ASxxxx Linker V03.00 + NoICE + sdld,  page 6.
Hexadecimal  [32-Bits]

Area                                    Addr        Size        Decimal Bytes (Attributes)
--------------------------------        ----        ----        ------- ----- ------------
GSINIT                              0000806B    0000001A =          26. bytes (REL,CON)

      Value  Global                              Global Defined In Module
      -----  --------------------------------   ------------------------
     0000806B  A$maind/Debug/main$122             main
     0000806E  A$maind/Debug/main$123             main
     00008070  A$maind/Debug/main$125             main
     00008074  A$maind/Debug/main$126             main
     00008075  A$maind/Debug/main$127             main
     00008077  A$maind/Debug/main$129             main
     0000807A  A$maind/Debug/main$130             main
     0000807C  A$maind/Debug/main$132             main
     0000807F  A$maind/Debug/main$133             main
     00008082  A$maind/Debug/main$134             main
     00008083  A$maind/Debug/main$135             main

ASxxxx Linker V03.00 + NoICE + sdld,  page 7.
Hexadecimal  [32-Bits]

Area                                    Addr        Size        Decimal Bytes (Attributes)
--------------------------------        ----        ----        ------- ----- ------------
GSFINAL                             00008085    00000003 =           3. bytes (REL,CON)

      Value  Global                              Global Defined In Module
      -----  --------------------------------   ------------------------
     00008085  A$maind/Debug/main$139             main

ASxxxx Linker V03.00 + NoICE + sdld,  page 8.
Hexadecimal  [32-Bits]

Area                                    Addr        Size        Decimal Bytes (Attributes)
--------------------------------        ----        ----        ------- ----- ------------
CONST                               00008088    0000000C =          12. bytes (REL,CON)

      Value  Global                              Global Defined In Module
      -----  --------------------------------   ------------------------
     00008088  G$HSIDivFactor$0_0$0               stm8s_clk
     00008088  _HSIDivFactor                      stm8s_clk
     0000808C  G$CLKPrescTable$0_0$0              stm8s_clk
     0000808C  _CLKPrescTable                     stm8s_clk

ASxxxx Linker V03.00 + NoICE + sdld,  page 9.
Hexadecimal  [32-Bits]

Area                                    Addr        Size        Decimal Bytes (Attributes)
--------------------------------        ----        ----        ------- ----- ------------
INITIALIZER                         00008094    0000002E =          46. bytes (REL,CON)

      Value  Global                              Global Defined In Module
      -----  --------------------------------   ------------------------
     00008094  Fmain$__xinit_ir_always_on$0_0$0   main
     00008095  Fmain$__xinit_KEY_StateMachine_E   main
     00008096  Fnixie$__xinit_tube_state$0_0$0    nixie
     00008097  Fds3231$__xinit_DS3231_Buf$0_0$0   ds3231
     0000809F  Fgps$__xinit_GPS_RxBuf$0_0$0       gps
     000080C1  Fgps$__xinit_num$0_0$0             gps
ASxxxx Linker V03.00 + NoICE + sdld,  page 10.
Hexadecimal  [32-Bits]

Area                                    Addr        Size        Decimal Bytes (Attributes)
--------------------------------        ----        ----        ------- ----- ------------
CODE                                000080C2    00001419 =        5145. bytes (REL,CON)

      Value  Global                              Global Defined In Module
      -----  --------------------------------   ------------------------
     000080C2  A$maind/Debug/main$159             main
     000080C2  Smain$main$0                       main
     000080C2  Smain$main$1                       main
     000080C2  _main                              main
     000080C4  A$maind/Debug/main$163             main
     000080C4  Smain$main$2                       main
     000080C4  Smain$main$3                       main
     000080C6  A$maind/Debug/main$165             main
     000080C6  Smain$main$4                       main
     000080C9  A$maind/Debug/main$166             main
     000080CA  A$maind/Debug/main$170             main
     000080CA  Smain$main$5                       main
     000080CA  Smain$main$6                       main
     000080CC  A$maind/Debug/main$172             main
     000080CC  Smain$main$7                       main
     000080CE  A$maind/Debug/main$174             main
     000080CE  Smain$main$8                       main
     000080D0  A$maind/Debug/main$176             main
     000080D0  Smain$main$9                       main
     000080D2  A$maind/Debug/main$178             main
     000080D2  Smain$main$10                      main
     000080D5  A$maind/Debug/main$179             main
     000080D7  A$maind/Debug/main$183             main
     000080D7  Smain$main$11                      main
     000080D7  Smain$main$12                      main
     000080D9  A$maind/Debug/main$185             main
     000080D9  Smain$main$13                      main
     000080DB  A$maind/Debug/main$187             main
     000080DB  Smain$main$14                      main
     000080DE  A$maind/Debug/main$188             main
     000080DF  A$maind/Debug/main$192             main
     000080DF  Smain$main$15                      main
     000080DF  Smain$main$16                      main
     000080E1  A$maind/Debug/main$194             main
     000080E1  Smain$main$17                      main
     000080E3  A$maind/Debug/main$196             main
     000080E3  Smain$main$18                      main
     000080E6  A$maind/Debug/main$197             main
     000080E7  A$maind/Debug/main$201             main
     000080E7  Smain$main$19                      main
     000080E7  Smain$main$20                      main
     000080E9  A$maind/Debug/main$203             main
     000080E9  Smain$main$21                      main
     000080EB  A$maind/Debug/main$205             main
     000080EB  Smain$main$22                      main
     000080ED  A$maind/Debug/main$207             main
     000080ED  Smain$main$23                      main
     000080EF  A$maind/Debug/main$209             main
     000080EF  Smain$main$24                      main
     000080F2  A$maind/Debug/main$210             main
ASxxxx Linker V03.00 + NoICE + sdld,  page 11.
Hexadecimal  [32-Bits]

Area                                    Addr        Size        Decimal Bytes (Attributes)
--------------------------------        ----        ----        ------- ----- ------------
CODE                                000080C2    00001419 =        5145. bytes (REL,CON)

      Value  Global                              Global Defined In Module
      -----  --------------------------------   ------------------------
     000080F4  A$maind/Debug/main$214             main
     000080F4  Smain$main$25                      main
     000080F4  Smain$main$26                      main
     000080F6  A$maind/Debug/main$216             main
     000080F6  Smain$main$27                      main
     000080F8  A$maind/Debug/main$218             main
     000080F8  Smain$main$28                      main
     000080FA  A$maind/Debug/main$220             main
     000080FA  Smain$main$29                      main
     000080FC  A$maind/Debug/main$222             main
     000080FC  Smain$main$30                      main
     000080FF  A$maind/Debug/main$223             main
     00008101  A$maind/Debug/main$227             main
     00008101  Smain$main$31                      main
     00008101  Smain$main$32                      main
     00008103  A$maind/Debug/main$229             main
     00008103  Smain$main$33                      main
     00008105  A$maind/Debug/main$231             main
     00008105  Smain$main$34                      main
     00008108  A$maind/Debug/main$232             main
     00008109  A$maind/Debug/main$236             main
     00008109  Smain$main$35                      main
     00008109  Smain$main$36                      main
     0000810A  A$maind/Debug/main$239             main
     0000810A  Smain$main$37                      main
     0000810D  A$maind/Debug/main$242             main
     0000810D  Smain$main$38                      main
     00008110  A$maind/Debug/main$245             main
     00008110  Smain$main$39                      main
     00008112  A$maind/Debug/main$248             main
     00008112  Smain$main$40                      main
     00008114  A$maind/Debug/main$249             main
     00008116  A$maind/Debug/main$250             main
     00008118  A$maind/Debug/main$251             main
     0000811B  A$maind/Debug/main$256             main
     0000811B  Smain$main$41                      main
     0000811B  Smain$main$42                      main
     0000811F  A$maind/Debug/main$259             main
     0000811F  Smain$main$43                      main
     00008121  A$maind/Debug/main$260             main
     00008122  A$maind/Debug/main$261             main
     00008124  A$maind/Debug/main$262             main
     00008125  A$maind/Debug/main$263             main
     00008127  A$maind/Debug/main$264             main
     00008128  A$maind/Debug/main$266             main
     00008128  Smain$main$44                      main
     0000812A  A$maind/Debug/main$267             main
     0000812B  A$maind/Debug/main$269             main
     0000812B  Smain$main$45                      main
     0000812C  A$maind/Debug/main$271             main
     0000812C  Smain$main$46                      main
ASxxxx Linker V03.00 + NoICE + sdld,  page 12.
Hexadecimal  [32-Bits]

Area                                    Addr        Size        Decimal Bytes (Attributes)
--------------------------------        ----        ----        ------- ----- ------------
CODE                                000080C2    00001419 =        5145. bytes (REL,CON)

      Value  Global                              Global Defined In Module
      -----  --------------------------------   ------------------------
     0000812D  A$maind/Debug/main$273             main
     0000812D  Smain$main$47                      main
     00008130  A$maind/Debug/main$274             main
     00008131  A$maind/Debug/main$279             main
     00008131  Smain$main$48                      main
     00008131  Smain$main$49                      main
     00008131  Smain$main$50                      main
     00008132  A$maind/Debug/main$280             main
     00008134  A$maind/Debug/main$283             main
     00008134  Smain$main$51                      main
     00008136  A$maind/Debug/main$284             main
     00008139  A$maind/Debug/main$285             main
     0000813B  A$maind/Debug/main$289             main
     0000813B  Smain$main$52                      main
     0000813B  Smain$main$53                      main
     0000813C  A$maind/Debug/main$292             main
     0000813C  Smain$main$54                      main
     0000813E  A$maind/Debug/main$293             main
     00008142  A$maind/Debug/main$294             main
     00008144  A$maind/Debug/main$295             main
     00008145  A$maind/Debug/main$296             main
     00008147  A$maind/Debug/main$301             main
     00008147  Smain$main$55                      main
     00008147  Smain$main$56                      main
     00008149  A$maind/Debug/main$302             main
     0000814A  A$maind/Debug/main$303             main
     0000814C  A$maind/Debug/main$304             main
     0000814E  A$maind/Debug/main$309             main
     0000814E  Smain$main$57                      main
     0000814E  Smain$main$58                      main
     00008150  A$maind/Debug/main$310             main
     00008153  A$maind/Debug/main$315             main
     00008153  Smain$main$59                      main
     00008153  Smain$main$60                      main
     00008156  A$maind/Debug/main$316             main
     00008159  A$maind/Debug/main$319             main
     00008159  Smain$main$61                      main
     0000815C  A$maind/Debug/main$322             main
     0000815C  Smain$main$62                      main
     0000815E  A$maind/Debug/main$324             main
     0000815E  Smain$main$63                      main
     00008160  A$maind/Debug/main$326             main
     00008160  Smain$main$64                      main
     00008163  A$maind/Debug/main$327             main
     00008164  A$maind/Debug/main$331             main
     00008164  Smain$main$65                      main
     00008164  Smain$main$66                      main
     00008166  A$maind/Debug/main$333             main
     00008166  Smain$main$67                      main
     00008168  A$maind/Debug/main$335             main
     00008168  Smain$main$68                      main
ASxxxx Linker V03.00 + NoICE + sdld,  page 13.
Hexadecimal  [32-Bits]

Area                                    Addr        Size        Decimal Bytes (Attributes)
--------------------------------        ----        ----        ------- ----- ------------
CODE                                000080C2    00001419 =        5145. bytes (REL,CON)

      Value  Global                              Global Defined In Module
      -----  --------------------------------   ------------------------
     0000816B  A$maind/Debug/main$336             main
     0000816C  A$maind/Debug/main$340             main
     0000816C  Smain$main$69                      main
     0000816C  Smain$main$70                      main
     0000816E  A$maind/Debug/main$342             main
     0000816E  Smain$main$71                      main
     00008171  A$maind/Debug/main$343             main
     00008172  A$maind/Debug/main$347             main
     00008172  Smain$main$72                      main
     00008172  Smain$main$73                      main
     00008174  A$maind/Debug/main$349             main
     00008174  Smain$main$74                      main
     00008176  A$maind/Debug/main$351             main
     00008176  Smain$main$75                      main
     00008179  A$maind/Debug/main$352             main
     0000817A  A$maind/Debug/main$356             main
     0000817A  Smain$main$76                      main
     0000817A  Smain$main$77                      main
     0000817C  A$maind/Debug/main$358             main
     0000817C  Smain$main$78                      main
     0000817F  A$maind/Debug/main$359             main
     00008180  A$maind/Debug/main$367             main
     00008180  Smain$main$79                      main
     00008180  Smain$main$80                      main
     00008180  Smain$main$81                      main
     00008180  Smain$main$82                      main
     00008183  A$maind/Debug/main$368             main
     00008184  A$maind/Debug/main$369             main
     00008187  A$maind/Debug/main$370             main
     00008188  A$maind/Debug/main$372             main
     00008188  Smain$main$83                      main
     0000818A  A$maind/Debug/main$374             main
     0000818A  Smain$main$84                      main
     0000818B  A$maind/Debug/main$376             main
     0000818B  Smain$main$85                      main
     0000818E  A$maind/Debug/main$377             main
     0000818F  A$maind/Debug/main$381             main
     0000818F  Smain$main$86                      main
     0000818F  Smain$main$87                      main
     00008192  A$maind/Debug/main$383             main
     00008192  Smain$main$88                      main
     00008194  A$maind/Debug/main$386             main
     00008194  Smain$main$89                      main
     00008196  A$maind/Debug/main$390             main
     00008196  Smain$main$90                      main
     00008196  Smain$main$91                      main
     00008196  XG$main$0$0                        main
     00008197  A$maind/Debug/main$398             main
     00008197  Smain$TIM4_UPD_OVF_IRQHandler$93   main
     00008197  Smain$main$92                      main
     00008197  _TIM4_UPD_OVF_IRQHandler           main
ASxxxx Linker V03.00 + NoICE + sdld,  page 14.
Hexadecimal  [32-Bits]

Area                                    Addr        Size        Decimal Bytes (Attributes)
--------------------------------        ----        ----        ------- ----- ------------
CODE                                000080C2    00001419 =        5145. bytes (REL,CON)

      Value  Global                              Global Defined In Module
      -----  --------------------------------   ------------------------
     00008198  A$maind/Debug/main$402             main
     00008198  Smain$TIM4_UPD_OVF_IRQHandler$94   main
     00008198  Smain$TIM4_UPD_OVF_IRQHandler$95   main
     0000819A  A$maind/Debug/main$404             main
     0000819A  Smain$TIM4_UPD_OVF_IRQHandler$96   main
     0000819D  A$maind/Debug/main$405             main
     0000819F  A$maind/Debug/main$407             main
     0000819F  Smain$TIM4_UPD_OVF_IRQHandler$97   main
     000081A0  A$maind/Debug/main$408             main
     000081A2  A$maind/Debug/main$413             main
     000081A2  Smain$TIM4_UPD_OVF_IRQHandler$10   main
     000081A2  Smain$TIM4_UPD_OVF_IRQHandler$98   main
     000081A2  Smain$TIM4_UPD_OVF_IRQHandler$99   main
     000081A6  A$maind/Debug/main$414             main
     000081A8  A$maind/Debug/main$417             main
     000081A8  Smain$TIM4_UPD_OVF_IRQHandler$10   main
     000081AC  A$maind/Debug/main$421             main
     000081AC  Smain$TIM4_UPD_OVF_IRQHandler$10   main
     000081AF  A$maind/Debug/main$422             main
     000081B1  A$maind/Debug/main$425             main
     000081B1  Smain$TIM4_UPD_OVF_IRQHandler$10   main
     000081B4  A$maind/Debug/main$426             main
     000081B5  A$maind/Debug/main$427             main
     000081B8  A$maind/Debug/main$431             main
     000081B8  Smain$TIM4_UPD_OVF_IRQHandler$10   main
     000081BB  A$maind/Debug/main$432             main
     000081BD  A$maind/Debug/main$433             main
     000081C1  A$maind/Debug/main$434             main
     000081C3  A$maind/Debug/main$438             main
     000081C3  Smain$TIM4_UPD_OVF_IRQHandler$10   main
     000081C3  Smain$TIM4_UPD_OVF_IRQHandler$10   main
     000081C7  A$maind/Debug/main$443             main
     000081C7  Smain$TIM4_UPD_OVF_IRQHandler$10   main
     000081C7  Smain$TIM4_UPD_OVF_IRQHandler$10   main
     000081C9  A$maind/Debug/main$445             main
     000081C9  Smain$TIM4_UPD_OVF_IRQHandler$10   main
     000081CC  A$maind/Debug/main$446             main
     000081CD  A$maind/Debug/main$454             main
     000081CD  Smain$TIM4_UPD_OVF_IRQHandler$11   main
     000081CD  Smain$TIM4_UPD_OVF_IRQHandler$11   main
     000081CD  Smain$TIM4_UPD_OVF_IRQHandler$11   main
     000081CD  Smain$TIM4_UPD_OVF_IRQHandler$11   main
     000081CD  XG$TIM4_UPD_OVF_IRQHandler$0$0     main
     000081CE  A$maind/Debug/main$467             main
     000081CE  Smain$EXTI_PORTA_IRQHandler$115    main
     000081CE  Smain$EXTI_PORTA_IRQHandler$116    main
     000081CE  Smain$EXTI_PORTA_IRQHandler$117    main
     000081CE  Smain$EXTI_PORTA_IRQHandler$118    main
     000081CE  Smain$TIM4_UPD_OVF_IRQHandler$11   main
     000081CE  XG$EXTI_PORTA_IRQHandler$0$0       main
     000081CE  _EXTI_PORTA_IRQHandler             main
ASxxxx Linker V03.00 + NoICE + sdld,  page 15.
Hexadecimal  [32-Bits]

Area                                    Addr        Size        Decimal Bytes (Attributes)
--------------------------------        ----        ----        ------- ----- ------------
CODE                                000080C2    00001419 =        5145. bytes (REL,CON)

      Value  Global                              Global Defined In Module
      -----  --------------------------------   ------------------------
     000081CF  A$maind/Debug/main$475             main
     000081CF  Smain$EXTI_PORTA_IRQHandler$119    main
     000081CF  Smain$EXTI_PORTC_IRQHandler$120    main
     000081CF  _EXTI_PORTC_IRQHandler             main
     000081D0  A$maind/Debug/main$479             main
     000081D0  Smain$EXTI_PORTC_IRQHandler$121    main
     000081D0  Smain$EXTI_PORTC_IRQHandler$122    main
     000081D2  A$maind/Debug/main$481             main
     000081D2  Smain$EXTI_PORTC_IRQHandler$123    main
     000081D4  A$maind/Debug/main$483             main
     000081D4  Smain$EXTI_PORTC_IRQHandler$124    main
     000081D6  A$maind/Debug/main$485             main
     000081D6  Smain$EXTI_PORTC_IRQHandler$125    main
     000081D9  A$maind/Debug/main$486             main
     000081DB  A$maind/Debug/main$488             main
     000081DB  Smain$EXTI_PORTC_IRQHandler$126    main
     000081DC  A$maind/Debug/main$489             main
     000081DE  A$maind/Debug/main$493             main
     000081DE  Smain$EXTI_PORTC_IRQHandler$127    main
     000081DE  Smain$EXTI_PORTC_IRQHandler$128    main
     000081E1  A$maind/Debug/main$494             main
     000081E4  A$maind/Debug/main$496             main
     000081E4  Smain$EXTI_PORTC_IRQHandler$129    main
     000081E6  A$maind/Debug/main$500             main
     000081E6  Smain$EXTI_PORTC_IRQHandler$130    main
     000081E8  A$maind/Debug/main$502             main
     000081E8  Smain$EXTI_PORTC_IRQHandler$131    main
     000081EA  A$maind/Debug/main$504             main
     000081EA  Smain$EXTI_PORTC_IRQHandler$132    main
     000081EC  A$maind/Debug/main$506             main
     000081EC  Smain$EXTI_PORTC_IRQHandler$133    main
     000081EF  A$maind/Debug/main$507             main
     000081F1  A$maind/Debug/main$509             main
     000081F1  Smain$EXTI_PORTC_IRQHandler$134    main
     000081F2  A$maind/Debug/main$510             main
     000081F4  A$maind/Debug/main$514             main
     000081F4  Smain$EXTI_PORTC_IRQHandler$135    main
     000081F4  Smain$EXTI_PORTC_IRQHandler$136    main
     000081F7  A$maind/Debug/main$515             main
     000081FA  A$maind/Debug/main$522             main
     000081FA  Smain$EXTI_PORTC_IRQHandler$137    main
     000081FA  Smain$EXTI_PORTC_IRQHandler$138    main
     000081FA  Smain$EXTI_PORTC_IRQHandler$139    main
     000081FA  XG$EXTI_PORTC_IRQHandler$0$0       main
     000081FB  A$maind/Debug/main$530             main
     000081FB  Smain$EXTI_PORTC_IRQHandler$140    main
     000081FB  Smain$EXTI_PORTD_IRQHandler$141    main
     000081FB  _EXTI_PORTD_IRQHandler             main
     000081FC  A$maind/Debug/main$534             main
     000081FC  Smain$EXTI_PORTD_IRQHandler$142    main
     000081FC  Smain$EXTI_PORTD_IRQHandler$143    main
ASxxxx Linker V03.00 + NoICE + sdld,  page 16.
Hexadecimal  [32-Bits]

Area                                    Addr        Size        Decimal Bytes (Attributes)
--------------------------------        ----        ----        ------- ----- ------------
CODE                                000080C2    00001419 =        5145. bytes (REL,CON)

      Value  Global                              Global Defined In Module
      -----  --------------------------------   ------------------------
     000081FE  A$maind/Debug/main$536             main
     000081FE  Smain$EXTI_PORTD_IRQHandler$144    main
     00008200  A$maind/Debug/main$538             main
     00008200  Smain$EXTI_PORTD_IRQHandler$145    main
     00008202  A$maind/Debug/main$540             main
     00008202  Smain$EXTI_PORTD_IRQHandler$146    main
     00008205  A$maind/Debug/main$541             main
     00008207  A$maind/Debug/main$543             main
     00008207  Smain$EXTI_PORTD_IRQHandler$147    main
     00008208  A$maind/Debug/main$544             main
     0000820A  A$maind/Debug/main$548             main
     0000820A  Smain$EXTI_PORTD_IRQHandler$148    main
     0000820A  Smain$EXTI_PORTD_IRQHandler$149    main
     0000820E  A$maind/Debug/main$551             main
     0000820E  Smain$EXTI_PORTD_IRQHandler$150    main
     00008211  A$maind/Debug/main$552             main
     00008214  A$maind/Debug/main$555             main
     00008214  Smain$EXTI_PORTD_IRQHandler$151    main
     00008218  A$maind/Debug/main$556             main
     0000821A  A$maind/Debug/main$560             main
     0000821A  Smain$EXTI_PORTD_IRQHandler$152    main
     0000821A  Smain$EXTI_PORTD_IRQHandler$153    main
     0000821E  A$maind/Debug/main$563             main
     0000821E  Smain$EXTI_PORTD_IRQHandler$154    main
     00008222  A$maind/Debug/main$565             main
     00008222  Smain$EXTI_PORTD_IRQHandler$155    main
     00008224  A$maind/Debug/main$569             main
     00008224  Smain$EXTI_PORTD_IRQHandler$156    main
     00008228  A$maind/Debug/main$571             main
     00008228  Smain$EXTI_PORTD_IRQHandler$157    main
     0000822A  A$maind/Debug/main$575             main
     0000822A  Smain$EXTI_PORTD_IRQHandler$158    main
     0000822C  A$maind/Debug/main$577             main
     0000822C  Smain$EXTI_PORTD_IRQHandler$159    main
     0000822E  A$maind/Debug/main$579             main
     0000822E  Smain$EXTI_PORTD_IRQHandler$160    main
     00008230  A$maind/Debug/main$581             main
     00008230  Smain$EXTI_PORTD_IRQHandler$161    main
     00008233  A$maind/Debug/main$582             main
     00008235  A$maind/Debug/main$589             main
     00008235  Smain$EXTI_PORTD_IRQHandler$162    main
     00008235  Smain$EXTI_PORTD_IRQHandler$163    main
     00008235  Smain$EXTI_PORTD_IRQHandler$164    main
     00008235  XG$EXTI_PORTD_IRQHandler$0$0       main
     00008236  A$stm8s_gpiog/stm8s_gpio$59        stm8s_gpio
     00008236  Smain$EXTI_PORTD_IRQHandler$165    main
     00008236  Sstm8s_gpio$GPIO_Init$0            stm8s_gpio
     00008236  Sstm8s_gpio$GPIO_Init$1            stm8s_gpio
     00008236  _GPIO_Init                         stm8s_gpio
     00008238  A$stm8s_gpiog/stm8s_gpio$63        stm8s_gpio
     00008238  Sstm8s_gpio$GPIO_Init$2            stm8s_gpio
ASxxxx Linker V03.00 + NoICE + sdld,  page 17.
Hexadecimal  [32-Bits]

Area                                    Addr        Size        Decimal Bytes (Attributes)
--------------------------------        ----        ----        ------- ----- ------------
CODE                                000080C2    00001419 =        5145. bytes (REL,CON)

      Value  Global                              Global Defined In Module
      -----  --------------------------------   ------------------------
     00008238  Sstm8s_gpio$GPIO_Init$3            stm8s_gpio
     0000823A  A$stm8s_gpiog/stm8s_gpio$64        stm8s_gpio
     0000823B  A$stm8s_gpiog/stm8s_gpio$65        stm8s_gpio
     0000823E  A$stm8s_gpiog/stm8s_gpio$66        stm8s_gpio
     00008240  A$stm8s_gpiog/stm8s_gpio$67        stm8s_gpio
     00008241  A$stm8s_gpiog/stm8s_gpio$68        stm8s_gpio
     00008242  A$stm8s_gpiog/stm8s_gpio$70        stm8s_gpio
     00008242  Sstm8s_gpio$GPIO_Init$4            stm8s_gpio
     00008244  A$stm8s_gpiog/stm8s_gpio$71        stm8s_gpio
     00008245  A$stm8s_gpiog/stm8s_gpio$72        stm8s_gpio
     00008247  A$stm8s_gpiog/stm8s_gpio$73        stm8s_gpio
     00008248  A$stm8s_gpiog/stm8s_gpio$75        stm8s_gpio
     00008248  Sstm8s_gpio$GPIO_Init$5            stm8s_gpio
     0000824A  A$stm8s_gpiog/stm8s_gpio$76        stm8s_gpio
     0000824C  A$stm8s_gpiog/stm8s_gpio$77        stm8s_gpio
     0000824D  A$stm8s_gpiog/stm8s_gpio$80        stm8s_gpio
     0000824D  Sstm8s_gpio$GPIO_Init$6            stm8s_gpio
     0000824E  A$stm8s_gpiog/stm8s_gpio$81        stm8s_gpio
     0000824F  A$stm8s_gpiog/stm8s_gpio$82        stm8s_gpio
     00008250  A$stm8s_gpiog/stm8s_gpio$83        stm8s_gpio
     00008252  A$stm8s_gpiog/stm8s_gpio$86        stm8s_gpio
     00008252  Sstm8s_gpio$GPIO_Init$7            stm8s_gpio
     00008254  A$stm8s_gpiog/stm8s_gpio$87        stm8s_gpio
     00008256  A$stm8s_gpiog/stm8s_gpio$90        stm8s_gpio
     00008256  Sstm8s_gpio$GPIO_Init$8            stm8s_gpio
     00008258  A$stm8s_gpiog/stm8s_gpio$94        stm8s_gpio
     00008258  Sstm8s_gpio$GPIO_Init$10           stm8s_gpio
     00008258  Sstm8s_gpio$GPIO_Init$9            stm8s_gpio
     00008259  A$stm8s_gpiog/stm8s_gpio$96        stm8s_gpio
     00008259  Sstm8s_gpio$GPIO_Init$11           stm8s_gpio
     0000825B  A$stm8s_gpiog/stm8s_gpio$97        stm8s_gpio
     0000825D  A$stm8s_gpiog/stm8s_gpio$98        stm8s_gpio
     0000825E  A$stm8s_gpiog/stm8s_gpio$100       stm8s_gpio
     0000825E  Sstm8s_gpio$GPIO_Init$12           stm8s_gpio
     00008260  A$stm8s_gpiog/stm8s_gpio$104       stm8s_gpio
     00008260  Sstm8s_gpio$GPIO_Init$13           stm8s_gpio
     00008260  Sstm8s_gpio$GPIO_Init$14           stm8s_gpio
     00008262  A$stm8s_gpiog/stm8s_gpio$105       stm8s_gpio
     00008264  A$stm8s_gpiog/stm8s_gpio$107       stm8s_gpio
     00008264  Sstm8s_gpio$GPIO_Init$15           stm8s_gpio
     00008266  A$stm8s_gpiog/stm8s_gpio$112       stm8s_gpio
     00008266  Sstm8s_gpio$GPIO_Init$16           stm8s_gpio
     00008266  Sstm8s_gpio$GPIO_Init$17           stm8s_gpio
     00008268  A$stm8s_gpiog/stm8s_gpio$113       stm8s_gpio
     0000826A  A$stm8s_gpiog/stm8s_gpio$118       stm8s_gpio
     0000826A  Sstm8s_gpio$GPIO_Init$18           stm8s_gpio
     0000826A  Sstm8s_gpio$GPIO_Init$19           stm8s_gpio
     0000826C  A$stm8s_gpiog/stm8s_gpio$119       stm8s_gpio
     0000826D  A$stm8s_gpiog/stm8s_gpio$120       stm8s_gpio
     0000826F  A$stm8s_gpiog/stm8s_gpio$121       stm8s_gpio
     00008271  A$stm8s_gpiog/stm8s_gpio$122       stm8s_gpio
ASxxxx Linker V03.00 + NoICE + sdld,  page 18.
Hexadecimal  [32-Bits]

Area                                    Addr        Size        Decimal Bytes (Attributes)
--------------------------------        ----        ----        ------- ----- ------------
CODE                                000080C2    00001419 =        5145. bytes (REL,CON)

      Value  Global                              Global Defined In Module
      -----  --------------------------------   ------------------------
     00008272  A$stm8s_gpiog/stm8s_gpio$124       stm8s_gpio
     00008272  Sstm8s_gpio$GPIO_Init$20           stm8s_gpio
     00008274  A$stm8s_gpiog/stm8s_gpio$129       stm8s_gpio
     00008274  Sstm8s_gpio$GPIO_Init$21           stm8s_gpio
     00008274  Sstm8s_gpio$GPIO_Init$22           stm8s_gpio
     00008276  A$stm8s_gpiog/stm8s_gpio$130       stm8s_gpio
     00008277  A$stm8s_gpiog/stm8s_gpio$131       stm8s_gpio
     00008279  A$stm8s_gpiog/stm8s_gpio$132       stm8s_gpio
     0000827B  A$stm8s_gpiog/stm8s_gpio$133       stm8s_gpio
     0000827C  A$stm8s_gpiog/stm8s_gpio$138       stm8s_gpio
     0000827C  Sstm8s_gpio$GPIO_Init$23           stm8s_gpio
     0000827C  Sstm8s_gpio$GPIO_Init$24           stm8s_gpio
     0000827D  A$stm8s_gpiog/stm8s_gpio$139       stm8s_gpio
     00008280  A$stm8s_gpiog/stm8s_gpio$140       stm8s_gpio
     00008281  A$stm8s_gpiog/stm8s_gpio$143       stm8s_gpio
     00008281  Sstm8s_gpio$GPIO_Init$25           stm8s_gpio
     00008282  A$stm8s_gpiog/stm8s_gpio$145       stm8s_gpio
     00008282  Sstm8s_gpio$GPIO_Init$26           stm8s_gpio
     00008284  A$stm8s_gpiog/stm8s_gpio$146       stm8s_gpio
     00008286  A$stm8s_gpiog/stm8s_gpio$147       stm8s_gpio
     00008287  A$stm8s_gpiog/stm8s_gpio$149       stm8s_gpio
     00008287  Sstm8s_gpio$GPIO_Init$27           stm8s_gpio
     00008289  A$stm8s_gpiog/stm8s_gpio$153       stm8s_gpio
     00008289  Sstm8s_gpio$GPIO_Init$28           stm8s_gpio
     00008289  Sstm8s_gpio$GPIO_Init$29           stm8s_gpio
     0000828B  A$stm8s_gpiog/stm8s_gpio$154       stm8s_gpio
     0000828C  A$stm8s_gpiog/stm8s_gpio$156       stm8s_gpio
     0000828C  Sstm8s_gpio$GPIO_Init$30           stm8s_gpio
     0000828E  A$stm8s_gpiog/stm8s_gpio$161       stm8s_gpio
     0000828E  Sstm8s_gpio$GPIO_Init$31           stm8s_gpio
     0000828E  Sstm8s_gpio$GPIO_Init$32           stm8s_gpio
     00008290  A$stm8s_gpiog/stm8s_gpio$162       stm8s_gpio
     00008291  A$stm8s_gpiog/stm8s_gpio$167       stm8s_gpio
     00008291  Sstm8s_gpio$GPIO_Init$33           stm8s_gpio
     00008291  Sstm8s_gpio$GPIO_Init$34           stm8s_gpio
     00008293  A$stm8s_gpiog/stm8s_gpio$168       stm8s_gpio
     00008294  A$stm8s_gpiog/stm8s_gpio$171       stm8s_gpio
     00008294  Sstm8s_gpio$GPIO_Init$35           stm8s_gpio
     00008295  A$stm8s_gpiog/stm8s_gpio$173       stm8s_gpio
     00008295  Sstm8s_gpio$GPIO_Init$36           stm8s_gpio
     00008297  A$stm8s_gpiog/stm8s_gpio$174       stm8s_gpio
     00008299  A$stm8s_gpiog/stm8s_gpio$175       stm8s_gpio
     0000829A  A$stm8s_gpiog/stm8s_gpio$177       stm8s_gpio
     0000829A  Sstm8s_gpio$GPIO_Init$37           stm8s_gpio
     0000829C  A$stm8s_gpiog/stm8s_gpio$181       stm8s_gpio
     0000829C  Sstm8s_gpio$GPIO_Init$38           stm8s_gpio
     0000829C  Sstm8s_gpio$GPIO_Init$39           stm8s_gpio
     0000829E  A$stm8s_gpiog/stm8s_gpio$182       stm8s_gpio
     000082A0  A$stm8s_gpiog/stm8s_gpio$183       stm8s_gpio
     000082A1  A$stm8s_gpiog/stm8s_gpio$185       stm8s_gpio
     000082A1  Sstm8s_gpio$GPIO_Init$40           stm8s_gpio
ASxxxx Linker V03.00 + NoICE + sdld,  page 19.
Hexadecimal  [32-Bits]

Area                                    Addr        Size        Decimal Bytes (Attributes)
--------------------------------        ----        ----        ------- ----- ------------
CODE                                000080C2    00001419 =        5145. bytes (REL,CON)

      Value  Global                              Global Defined In Module
      -----  --------------------------------   ------------------------
     000082A3  A$stm8s_gpiog/stm8s_gpio$190       stm8s_gpio
     000082A3  Sstm8s_gpio$GPIO_Init$41           stm8s_gpio
     000082A3  Sstm8s_gpio$GPIO_Init$42           stm8s_gpio
     000082A5  A$stm8s_gpiog/stm8s_gpio$191       stm8s_gpio
     000082A7  A$stm8s_gpiog/stm8s_gpio$192       stm8s_gpio
     000082A8  A$stm8s_gpiog/stm8s_gpio$197       stm8s_gpio
     000082A8  Sstm8s_gpio$GPIO_Init$43           stm8s_gpio
     000082A8  Sstm8s_gpio$GPIO_Init$44           stm8s_gpio
     000082AA  A$stm8s_gpiog/stm8s_gpio$201       stm8s_gpio
     000082AA  Sstm8s_gpio$GPIO_Init$45           stm8s_gpio
     000082AA  Sstm8s_gpio$GPIO_Init$46           stm8s_gpio
     000082AA  XG$GPIO_Init$0$0                   stm8s_gpio
     000082AB  A$stm8s_gpiog/stm8s_gpio$212       stm8s_gpio
     000082AB  Sstm8s_gpio$GPIO_Init$47           stm8s_gpio
     000082AB  Sstm8s_gpio$GPIO_WriteHigh$48      stm8s_gpio
     000082AB  Sstm8s_gpio$GPIO_WriteHigh$49      stm8s_gpio
     000082AB  Sstm8s_gpio$GPIO_WriteHigh$50      stm8s_gpio
     000082AB  _GPIO_WriteHigh                    stm8s_gpio
     000082AD  A$stm8s_gpiog/stm8s_gpio$213       stm8s_gpio
     000082AE  A$stm8s_gpiog/stm8s_gpio$214       stm8s_gpio
     000082B0  A$stm8s_gpiog/stm8s_gpio$215       stm8s_gpio
     000082B1  A$stm8s_gpiog/stm8s_gpio$220       stm8s_gpio
     000082B1  Sstm8s_gpio$GPIO_WriteHigh$51      stm8s_gpio
     000082B1  Sstm8s_gpio$GPIO_WriteHigh$52      stm8s_gpio
     000082B1  XG$GPIO_WriteHigh$0$0              stm8s_gpio
     000082B2  A$stm8s_gpiog/stm8s_gpio$229       stm8s_gpio
     000082B2  Sstm8s_gpio$GPIO_WriteHigh$53      stm8s_gpio
     000082B2  Sstm8s_gpio$GPIO_WriteLow$54       stm8s_gpio
     000082B2  Sstm8s_gpio$GPIO_WriteLow$55       stm8s_gpio
     000082B2  _GPIO_WriteLow                     stm8s_gpio
     000082B3  A$stm8s_gpiog/stm8s_gpio$233       stm8s_gpio
     000082B3  Sstm8s_gpio$GPIO_WriteLow$56       stm8s_gpio
     000082B3  Sstm8s_gpio$GPIO_WriteLow$57       stm8s_gpio
     000082B5  A$stm8s_gpiog/stm8s_gpio$234       stm8s_gpio
     000082B6  A$stm8s_gpiog/stm8s_gpio$235       stm8s_gpio
     000082B8  A$stm8s_gpiog/stm8s_gpio$236       stm8s_gpio
     000082BA  A$stm8s_gpiog/stm8s_gpio$237       stm8s_gpio
     000082BB  A$stm8s_gpiog/stm8s_gpio$238       stm8s_gpio
     000082BD  A$stm8s_gpiog/stm8s_gpio$239       stm8s_gpio
     000082BE  A$stm8s_gpiog/stm8s_gpio$242       stm8s_gpio
     000082BE  Sstm8s_gpio$GPIO_WriteLow$58       stm8s_gpio
     000082BF  A$stm8s_gpiog/stm8s_gpio$246       stm8s_gpio
     000082BF  Sstm8s_gpio$GPIO_WriteLow$59       stm8s_gpio
     000082BF  Sstm8s_gpio$GPIO_WriteLow$60       stm8s_gpio
     000082BF  XG$GPIO_WriteLow$0$0               stm8s_gpio
     000082C0  A$stm8s_gpiog/stm8s_gpio$257       stm8s_gpio
     000082C0  Sstm8s_gpio$GPIO_ReadInputPin$62   stm8s_gpio
     000082C0  Sstm8s_gpio$GPIO_ReadInputPin$63   stm8s_gpio
     000082C0  Sstm8s_gpio$GPIO_ReadInputPin$64   stm8s_gpio
     000082C0  Sstm8s_gpio$GPIO_WriteLow$61       stm8s_gpio
     000082C0  _GPIO_ReadInputPin                 stm8s_gpio
ASxxxx Linker V03.00 + NoICE + sdld,  page 20.
Hexadecimal  [32-Bits]

Area                                    Addr        Size        Decimal Bytes (Attributes)
--------------------------------        ----        ----        ------- ----- ------------
CODE                                000080C2    00001419 =        5145. bytes (REL,CON)

      Value  Global                              Global Defined In Module
      -----  --------------------------------   ------------------------
     000082C2  A$stm8s_gpiog/stm8s_gpio$258       stm8s_gpio
     000082C4  A$stm8s_gpiog/stm8s_gpio$259       stm8s_gpio
     000082C6  A$stm8s_gpiog/stm8s_gpio$264       stm8s_gpio
     000082C6  Sstm8s_gpio$GPIO_ReadInputPin$65   stm8s_gpio
     000082C6  Sstm8s_gpio$GPIO_ReadInputPin$66   stm8s_gpio
     000082C6  XG$GPIO_ReadInputPin$0$0           stm8s_gpio
     000082C7  A$stm8s_clkug/stm8s_clk$62         stm8s_clk
     000082C7  Sstm8s_clk$CLK_HSECmd$0            stm8s_clk
     000082C7  Sstm8s_clk$CLK_HSECmd$1            stm8s_clk
     000082C7  Sstm8s_clk$CLK_HSECmd$2            stm8s_clk
     000082C7  Sstm8s_gpio$GPIO_ReadInputPin$67   stm8s_gpio
     000082C7  _CLK_HSECmd                        stm8s_clk
     000082CA  A$stm8s_clkug/stm8s_clk$65         stm8s_clk
     000082CA  Sstm8s_clk$CLK_HSECmd$3            stm8s_clk
     000082CC  A$stm8s_clkug/stm8s_clk$66         stm8s_clk
     000082CE  A$stm8s_clkug/stm8s_clk$70         stm8s_clk
     000082CE  Sstm8s_clk$CLK_HSECmd$4            stm8s_clk
     000082CE  Sstm8s_clk$CLK_HSECmd$5            stm8s_clk
     000082D0  A$stm8s_clkug/stm8s_clk$71         stm8s_clk
     000082D3  A$stm8s_clkug/stm8s_clk$73         stm8s_clk
     000082D3  Sstm8s_clk$CLK_HSECmd$6            stm8s_clk
     000082D5  A$stm8s_clkug/stm8s_clk$78         stm8s_clk
     000082D5  Sstm8s_clk$CLK_HSECmd$7            stm8s_clk
     000082D5  Sstm8s_clk$CLK_HSECmd$8            stm8s_clk
     000082D7  A$stm8s_clkug/stm8s_clk$79         stm8s_clk
     000082DA  A$stm8s_clkug/stm8s_clk$86         stm8s_clk
     000082DA  Sstm8s_clk$CLK_HSECmd$10           stm8s_clk
     000082DA  Sstm8s_clk$CLK_HSECmd$11           stm8s_clk
     000082DA  Sstm8s_clk$CLK_HSECmd$9            stm8s_clk
     000082DA  XG$CLK_HSECmd$0$0                  stm8s_clk
     000082DB  A$stm8s_clkug/stm8s_clk$97         stm8s_clk
     000082DB  Sstm8s_clk$CLK_ClockSwitchConfig   stm8s_clk
     000082DB  Sstm8s_clk$CLK_ClockSwitchConfig   stm8s_clk
     000082DB  Sstm8s_clk$CLK_ClockSwitchConfig   stm8s_clk
     000082DB  Sstm8s_clk$CLK_HSECmd$12           stm8s_clk
     000082DB  _CLK_ClockSwitchConfig             stm8s_clk
     000082DE  A$stm8s_clkug/stm8s_clk$98         stm8s_clk
     000082E0  A$stm8s_clkug/stm8s_clk$101        stm8s_clk
     000082E0  Sstm8s_clk$CLK_ClockSwitchConfig   stm8s_clk
     000082E3  A$stm8s_clkug/stm8s_clk$104        stm8s_clk
     000082E3  Sstm8s_clk$CLK_ClockSwitchConfig   stm8s_clk
     000082E4  A$stm8s_clkug/stm8s_clk$106        stm8s_clk
     000082E4  Sstm8s_clk$CLK_ClockSwitchConfig   stm8s_clk
     000082E6  A$stm8s_clkug/stm8s_clk$107        stm8s_clk
     000082E7  A$stm8s_clkug/stm8s_clk$108        stm8s_clk
     000082E8  A$stm8s_clkug/stm8s_clk$110        stm8s_clk
     000082E8  Sstm8s_clk$CLK_ClockSwitchConfig   stm8s_clk
     000082EA  A$stm8s_clkug/stm8s_clk$111        stm8s_clk
     000082ED  A$stm8s_clkug/stm8s_clk$117        stm8s_clk
     000082ED  Sstm8s_clk$CLK_ClockSwitchConfig   stm8s_clk
     000082ED  Sstm8s_clk$CLK_ClockSwitchConfig   stm8s_clk
ASxxxx Linker V03.00 + NoICE + sdld,  page 21.
Hexadecimal  [32-Bits]

Area                                    Addr        Size        Decimal Bytes (Attributes)
--------------------------------        ----        ----        ------- ----- ------------
CODE                                000080C2    00001419 =        5145. bytes (REL,CON)

      Value  Global                              Global Defined In Module
      -----  --------------------------------   ------------------------
     000082ED  Sstm8s_clk$CLK_ClockSwitchConfig   stm8s_clk
     000082EF  A$stm8s_clkug/stm8s_clk$118        stm8s_clk
     000082F2  A$stm8s_clkug/stm8s_clk$120        stm8s_clk
     000082F2  Sstm8s_clk$CLK_ClockSwitchConfig   stm8s_clk
     000082F5  A$stm8s_clkug/stm8s_clk$123        stm8s_clk
     000082F5  Sstm8s_clk$CLK_ClockSwitchConfig   stm8s_clk
     000082F7  A$stm8s_clkug/stm8s_clk$124        stm8s_clk
     000082F9  A$stm8s_clkug/stm8s_clk$128        stm8s_clk
     000082F9  Sstm8s_clk$CLK_ClockSwitchConfig   stm8s_clk
     000082F9  Sstm8s_clk$CLK_ClockSwitchConfig   stm8s_clk
     000082FB  A$stm8s_clkug/stm8s_clk$129        stm8s_clk
     000082FE  A$stm8s_clkug/stm8s_clk$131        stm8s_clk
     000082FE  Sstm8s_clk$CLK_ClockSwitchConfig   stm8s_clk
     00008300  A$stm8s_clkug/stm8s_clk$136        stm8s_clk
     00008300  Sstm8s_clk$CLK_ClockSwitchConfig   stm8s_clk
     00008300  Sstm8s_clk$CLK_ClockSwitchConfig   stm8s_clk
     00008302  A$stm8s_clkug/stm8s_clk$137        stm8s_clk
     00008305  A$stm8s_clkug/stm8s_clk$142        stm8s_clk
     00008305  Sstm8s_clk$CLK_ClockSwitchConfig   stm8s_clk
     00008305  Sstm8s_clk$CLK_ClockSwitchConfig   stm8s_clk
     00008308  A$stm8s_clkug/stm8s_clk$143        stm8s_clk
     0000830A  A$stm8s_clkug/stm8s_clk$144        stm8s_clk
     0000830B  A$stm8s_clkug/stm8s_clk$148        stm8s_clk
     0000830B  Sstm8s_clk$CLK_ClockSwitchConfig   stm8s_clk
     0000830B  Sstm8s_clk$CLK_ClockSwitchConfig   stm8s_clk
     0000830C  A$stm8s_clkug/stm8s_clk$149        stm8s_clk
     0000830D  A$stm8s_clkug/stm8s_clk$151        stm8s_clk
     00008310  A$stm8s_clkug/stm8s_clk$152        stm8s_clk
     00008311  A$stm8s_clkug/stm8s_clk$153        stm8s_clk
     00008313  A$stm8s_clkug/stm8s_clk$154        stm8s_clk
     00008314  A$stm8s_clkug/stm8s_clk$155        stm8s_clk
     00008316  A$stm8s_clkug/stm8s_clk$159        stm8s_clk
     00008316  Sstm8s_clk$CLK_ClockSwitchConfig   stm8s_clk
     00008316  Sstm8s_clk$CLK_ClockSwitchConfig   stm8s_clk
     00008317  A$stm8s_clkug/stm8s_clk$161        stm8s_clk
     00008317  Sstm8s_clk$CLK_ClockSwitchConfig   stm8s_clk
     00008319  A$stm8s_clkug/stm8s_clk$165        stm8s_clk
     00008319  Sstm8s_clk$CLK_ClockSwitchConfig   stm8s_clk
     0000831A  A$stm8s_clkug/stm8s_clk$166        stm8s_clk
     0000831C  A$stm8s_clkug/stm8s_clk$170        stm8s_clk
     0000831C  Sstm8s_clk$CLK_ClockSwitchConfig   stm8s_clk
     0000831C  Sstm8s_clk$CLK_ClockSwitchConfig   stm8s_clk
     0000831E  A$stm8s_clkug/stm8s_clk$171        stm8s_clk
     0000831F  A$stm8s_clkug/stm8s_clk$173        stm8s_clk
     0000831F  Sstm8s_clk$CLK_ClockSwitchConfig   stm8s_clk
     00008322  A$stm8s_clkug/stm8s_clk$178        stm8s_clk
     00008322  Sstm8s_clk$CLK_ClockSwitchConfig   stm8s_clk
     00008322  Sstm8s_clk$CLK_ClockSwitchConfig   stm8s_clk
     00008323  A$stm8s_clkug/stm8s_clk$180        stm8s_clk
     00008323  Sstm8s_clk$CLK_ClockSwitchConfig   stm8s_clk
     00008326  A$stm8s_clkug/stm8s_clk$185        stm8s_clk
ASxxxx Linker V03.00 + NoICE + sdld,  page 22.
Hexadecimal  [32-Bits]

Area                                    Addr        Size        Decimal Bytes (Attributes)
--------------------------------        ----        ----        ------- ----- ------------
CODE                                000080C2    00001419 =        5145. bytes (REL,CON)

      Value  Global                              Global Defined In Module
      -----  --------------------------------   ------------------------
     00008326  Sstm8s_clk$CLK_ClockSwitchConfig   stm8s_clk
     00008326  Sstm8s_clk$CLK_ClockSwitchConfig   stm8s_clk
     00008328  A$stm8s_clkug/stm8s_clk$186        stm8s_clk
     0000832A  A$stm8s_clkug/stm8s_clk$190        stm8s_clk
     0000832A  Sstm8s_clk$CLK_ClockSwitchConfig   stm8s_clk
     0000832A  Sstm8s_clk$CLK_ClockSwitchConfig   stm8s_clk
     0000832C  A$stm8s_clkug/stm8s_clk$191        stm8s_clk
     0000832F  A$stm8s_clkug/stm8s_clk$193        stm8s_clk
     0000832F  Sstm8s_clk$CLK_ClockSwitchConfig   stm8s_clk
     00008331  A$stm8s_clkug/stm8s_clk$198        stm8s_clk
     00008331  Sstm8s_clk$CLK_ClockSwitchConfig   stm8s_clk
     00008331  Sstm8s_clk$CLK_ClockSwitchConfig   stm8s_clk
     00008333  A$stm8s_clkug/stm8s_clk$199        stm8s_clk
     00008336  A$stm8s_clkug/stm8s_clk$204        stm8s_clk
     00008336  Sstm8s_clk$CLK_ClockSwitchConfig   stm8s_clk
     00008336  Sstm8s_clk$CLK_ClockSwitchConfig   stm8s_clk
     00008339  A$stm8s_clkug/stm8s_clk$205        stm8s_clk
     0000833B  A$stm8s_clkug/stm8s_clk$206        stm8s_clk
     0000833C  A$stm8s_clkug/stm8s_clk$210        stm8s_clk
     0000833C  Sstm8s_clk$CLK_ClockSwitchConfig   stm8s_clk
     0000833C  Sstm8s_clk$CLK_ClockSwitchConfig   stm8s_clk
     0000833D  A$stm8s_clkug/stm8s_clk$211        stm8s_clk
     0000833E  A$stm8s_clkug/stm8s_clk$213        stm8s_clk
     00008341  A$stm8s_clkug/stm8s_clk$214        stm8s_clk
     00008343  A$stm8s_clkug/stm8s_clk$215        stm8s_clk
     00008345  A$stm8s_clkug/stm8s_clk$216        stm8s_clk
     00008346  A$stm8s_clkug/stm8s_clk$217        stm8s_clk
     00008348  A$stm8s_clkug/stm8s_clk$221        stm8s_clk
     00008348  Sstm8s_clk$CLK_ClockSwitchConfig   stm8s_clk
     00008348  Sstm8s_clk$CLK_ClockSwitchConfig   stm8s_clk
     00008349  A$stm8s_clkug/stm8s_clk$223        stm8s_clk
     00008349  Sstm8s_clk$CLK_ClockSwitchConfig   stm8s_clk
     0000834B  A$stm8s_clkug/stm8s_clk$227        stm8s_clk
     0000834B  Sstm8s_clk$CLK_ClockSwitchConfig   stm8s_clk
     0000834C  A$stm8s_clkug/stm8s_clk$228        stm8s_clk
     0000834E  A$stm8s_clkug/stm8s_clk$232        stm8s_clk
     0000834E  Sstm8s_clk$CLK_ClockSwitchConfig   stm8s_clk
     0000834E  Sstm8s_clk$CLK_ClockSwitchConfig   stm8s_clk
     00008352  A$stm8s_clkug/stm8s_clk$235        stm8s_clk
     00008352  Sstm8s_clk$CLK_ClockSwitchConfig   stm8s_clk
     00008354  A$stm8s_clkug/stm8s_clk$236        stm8s_clk
     00008355  A$stm8s_clkug/stm8s_clk$238        stm8s_clk
     00008355  Sstm8s_clk$CLK_ClockSwitchConfig   stm8s_clk
     00008357  A$stm8s_clkug/stm8s_clk$243        stm8s_clk
     00008357  Sstm8s_clk$CLK_ClockSwitchConfig   stm8s_clk
     00008357  Sstm8s_clk$CLK_ClockSwitchConfig   stm8s_clk
     00008358  A$stm8s_clkug/stm8s_clk$248        stm8s_clk
     00008358  Sstm8s_clk$CLK_ClockSwitchConfig   stm8s_clk
     00008358  Sstm8s_clk$CLK_ClockSwitchConfig   stm8s_clk
     00008359  A$stm8s_clkug/stm8s_clk$249        stm8s_clk
     0000835A  A$stm8s_clkug/stm8s_clk$250        stm8s_clk
ASxxxx Linker V03.00 + NoICE + sdld,  page 23.
Hexadecimal  [32-Bits]

Area                                    Addr        Size        Decimal Bytes (Attributes)
--------------------------------        ----        ----        ------- ----- ------------
CODE                                000080C2    00001419 =        5145. bytes (REL,CON)

      Value  Global                              Global Defined In Module
      -----  --------------------------------   ------------------------
     0000835C  A$stm8s_clkug/stm8s_clk$251        stm8s_clk
     0000835F  A$stm8s_clkug/stm8s_clk$256        stm8s_clk
     0000835F  Sstm8s_clk$CLK_ClockSwitchConfig   stm8s_clk
     0000835F  Sstm8s_clk$CLK_ClockSwitchConfig   stm8s_clk
     00008361  A$stm8s_clkug/stm8s_clk$257        stm8s_clk
     00008363  A$stm8s_clkug/stm8s_clk$258        stm8s_clk
     00008365  A$stm8s_clkug/stm8s_clk$259        stm8s_clk
     00008367  A$stm8s_clkug/stm8s_clk$260        stm8s_clk
     00008369  A$stm8s_clkug/stm8s_clk$265        stm8s_clk
     00008369  Sstm8s_clk$CLK_ClockSwitchConfig   stm8s_clk
     00008369  Sstm8s_clk$CLK_ClockSwitchConfig   stm8s_clk
     00008369  Sstm8s_clk$CLK_ClockSwitchConfig   stm8s_clk
     0000836D  A$stm8s_clkug/stm8s_clk$267        stm8s_clk
     0000836D  Sstm8s_clk$CLK_ClockSwitchConfig   stm8s_clk
     0000836F  A$stm8s_clkug/stm8s_clk$271        stm8s_clk
     0000836F  Sstm8s_clk$CLK_ClockSwitchConfig   stm8s_clk
     00008371  A$stm8s_clkug/stm8s_clk$272        stm8s_clk
     00008373  A$stm8s_clkug/stm8s_clk$273        stm8s_clk
     00008375  A$stm8s_clkug/stm8s_clk$274        stm8s_clk
     00008377  A$stm8s_clkug/stm8s_clk$275        stm8s_clk
     00008379  A$stm8s_clkug/stm8s_clk$280        stm8s_clk
     00008379  Sstm8s_clk$CLK_ClockSwitchConfig   stm8s_clk
     00008379  Sstm8s_clk$CLK_ClockSwitchConfig   stm8s_clk
     00008379  Sstm8s_clk$CLK_ClockSwitchConfig   stm8s_clk
     0000837D  A$stm8s_clkug/stm8s_clk$282        stm8s_clk
     0000837D  Sstm8s_clk$CLK_ClockSwitchConfig   stm8s_clk
     0000837F  A$stm8s_clkug/stm8s_clk$286        stm8s_clk
     0000837F  Sstm8s_clk$CLK_ClockSwitchConfig   stm8s_clk
     00008381  A$stm8s_clkug/stm8s_clk$287        stm8s_clk
     00008383  A$stm8s_clkug/stm8s_clk$288        stm8s_clk
     00008385  A$stm8s_clkug/stm8s_clk$289        stm8s_clk
     00008387  A$stm8s_clkug/stm8s_clk$290        stm8s_clk
     00008389  A$stm8s_clkug/stm8s_clk$295        stm8s_clk
     00008389  Sstm8s_clk$CLK_ClockSwitchConfig   stm8s_clk
     00008389  Sstm8s_clk$CLK_ClockSwitchConfig   stm8s_clk
     00008389  Sstm8s_clk$CLK_ClockSwitchConfig   stm8s_clk
     0000838D  A$stm8s_clkug/stm8s_clk$300        stm8s_clk
     0000838D  Sstm8s_clk$CLK_ClockSwitchConfig   stm8s_clk
     0000838D  Sstm8s_clk$CLK_ClockSwitchConfig   stm8s_clk
     0000838E  A$stm8s_clkug/stm8s_clk$305        stm8s_clk
     0000838E  Sstm8s_clk$CLK_ClockSwitchConfig   stm8s_clk
     0000838E  Sstm8s_clk$CLK_ClockSwitchConfig   stm8s_clk
     0000838E  XG$CLK_ClockSwitchConfig$0$0       stm8s_clk
     0000838F  A$stm8s_clkug/stm8s_clk$314        stm8s_clk
     0000838F  Sstm8s_clk$CLK_ClockSwitchConfig   stm8s_clk
     0000838F  Sstm8s_clk$CLK_GetClockFreq$87     stm8s_clk
     0000838F  Sstm8s_clk$CLK_GetClockFreq$88     stm8s_clk
     0000838F  _CLK_GetClockFreq                  stm8s_clk
     00008391  A$stm8s_clkug/stm8s_clk$318        stm8s_clk
     00008391  Sstm8s_clk$CLK_GetClockFreq$89     stm8s_clk
     00008391  Sstm8s_clk$CLK_GetClockFreq$90     stm8s_clk
ASxxxx Linker V03.00 + NoICE + sdld,  page 24.
Hexadecimal  [32-Bits]

Area                                    Addr        Size        Decimal Bytes (Attributes)
--------------------------------        ----        ----        ------- ----- ------------
CODE                                000080C2    00001419 =        5145. bytes (REL,CON)

      Value  Global                              Global Defined In Module
      -----  --------------------------------   ------------------------
     00008394  A$stm8s_clkug/stm8s_clk$319        stm8s_clk
     00008396  A$stm8s_clkug/stm8s_clk$322        stm8s_clk
     00008396  Sstm8s_clk$CLK_GetClockFreq$91     stm8s_clk
     00008398  A$stm8s_clkug/stm8s_clk$323        stm8s_clk
     0000839A  A$stm8s_clkug/stm8s_clk$324        stm8s_clk
     0000839C  A$stm8s_clkug/stm8s_clk$329        stm8s_clk
     0000839C  Sstm8s_clk$CLK_GetClockFreq$92     stm8s_clk
     0000839C  Sstm8s_clk$CLK_GetClockFreq$93     stm8s_clk
     0000839C  Sstm8s_clk$CLK_GetClockFreq$94     stm8s_clk
     0000839F  A$stm8s_clkug/stm8s_clk$330        stm8s_clk
     000083A1  A$stm8s_clkug/stm8s_clk$333        stm8s_clk
     000083A1  Sstm8s_clk$CLK_GetClockFreq$95     stm8s_clk
     000083A2  A$stm8s_clkug/stm8s_clk$334        stm8s_clk
     000083A3  A$stm8s_clkug/stm8s_clk$335        stm8s_clk
     000083A4  A$stm8s_clkug/stm8s_clk$338        stm8s_clk
     000083A4  Sstm8s_clk$CLK_GetClockFreq$96     stm8s_clk
     000083A5  A$stm8s_clkug/stm8s_clk$339        stm8s_clk
     000083A6  A$stm8s_clkug/stm8s_clk$340        stm8s_clk
     000083A9  A$stm8s_clkug/stm8s_clk$341        stm8s_clk
     000083AA  A$stm8s_clkug/stm8s_clk$344        stm8s_clk
     000083AA  Sstm8s_clk$CLK_GetClockFreq$97     stm8s_clk
     000083AB  A$stm8s_clkug/stm8s_clk$345        stm8s_clk
     000083AC  A$stm8s_clkug/stm8s_clk$346        stm8s_clk
     000083AE  A$stm8s_clkug/stm8s_clk$348        stm8s_clk
     000083AE  Sstm8s_clk$CLK_GetClockFreq$98     stm8s_clk
     000083AF  A$stm8s_clkug/stm8s_clk$350        stm8s_clk
     000083AF  Sstm8s_clk$CLK_GetClockFreq$99     stm8s_clk
     000083B1  A$stm8s_clkug/stm8s_clk$352        stm8s_clk
     000083B1  Sstm8s_clk$CLK_GetClockFreq$100    stm8s_clk
     000083B3  A$stm8s_clkug/stm8s_clk$354        stm8s_clk
     000083B3  Sstm8s_clk$CLK_GetClockFreq$101    stm8s_clk
     000083B5  A$stm8s_clkug/stm8s_clk$356        stm8s_clk
     000083B5  Sstm8s_clk$CLK_GetClockFreq$102    stm8s_clk
     000083B7  A$stm8s_clkug/stm8s_clk$358        stm8s_clk
     000083B7  Sstm8s_clk$CLK_GetClockFreq$103    stm8s_clk
     000083B9  A$stm8s_clkug/stm8s_clk$360        stm8s_clk
     000083B9  Sstm8s_clk$CLK_GetClockFreq$104    stm8s_clk
     000083BC  A$stm8s_clkug/stm8s_clk$361        stm8s_clk
     000083BE  A$stm8s_clkug/stm8s_clk$363        stm8s_clk
     000083BE  Sstm8s_clk$CLK_GetClockFreq$105    stm8s_clk
     000083C0  A$stm8s_clkug/stm8s_clk$364        stm8s_clk
     000083C2  A$stm8s_clkug/stm8s_clk$368        stm8s_clk
     000083C2  Sstm8s_clk$CLK_GetClockFreq$106    stm8s_clk
     000083C4  A$stm8s_clkug/stm8s_clk$369        stm8s_clk
     000083C6  A$stm8s_clkug/stm8s_clk$370        stm8s_clk
     000083C8  A$stm8s_clkug/stm8s_clk$375        stm8s_clk
     000083C8  Sstm8s_clk$CLK_GetClockFreq$107    stm8s_clk
     000083C8  Sstm8s_clk$CLK_GetClockFreq$108    stm8s_clk
     000083C8  Sstm8s_clk$CLK_GetClockFreq$109    stm8s_clk
     000083CB  A$stm8s_clkug/stm8s_clk$376        stm8s_clk
     000083CD  A$stm8s_clkug/stm8s_clk$377        stm8s_clk
ASxxxx Linker V03.00 + NoICE + sdld,  page 25.
Hexadecimal  [32-Bits]

Area                                    Addr        Size        Decimal Bytes (Attributes)
--------------------------------        ----        ----        ------- ----- ------------
CODE                                000080C2    00001419 =        5145. bytes (REL,CON)

      Value  Global                              Global Defined In Module
      -----  --------------------------------   ------------------------
     000083D1  A$stm8s_clkug/stm8s_clk$379        stm8s_clk
     000083D1  Sstm8s_clk$CLK_GetClockFreq$110    stm8s_clk
     000083D3  A$stm8s_clkug/stm8s_clk$384        stm8s_clk
     000083D3  Sstm8s_clk$CLK_GetClockFreq$111    stm8s_clk
     000083D3  Sstm8s_clk$CLK_GetClockFreq$112    stm8s_clk
     000083D6  A$stm8s_clkug/stm8s_clk$385        stm8s_clk
     000083D8  A$stm8s_clkug/stm8s_clk$386        stm8s_clk
     000083DC  A$stm8s_clkug/stm8s_clk$391        stm8s_clk
     000083DC  Sstm8s_clk$CLK_GetClockFreq$113    stm8s_clk
     000083DC  Sstm8s_clk$CLK_GetClockFreq$114    stm8s_clk
     000083DE  A$stm8s_clkug/stm8s_clk$394        stm8s_clk
     000083DE  Sstm8s_clk$CLK_GetClockFreq$115    stm8s_clk
     000083E0  A$stm8s_clkug/stm8s_clk$398        stm8s_clk
     000083E0  Sstm8s_clk$CLK_GetClockFreq$116    stm8s_clk
     000083E0  Sstm8s_clk$CLK_GetClockFreq$117    stm8s_clk
     000083E0  XG$CLK_GetClockFreq$0$0            stm8s_clk
     000083E1  A$stm8s_spiug/stm8s_spi$63         stm8s_spi
     000083E1  Sstm8s_clk$CLK_GetClockFreq$118    stm8s_clk
     000083E1  Sstm8s_spi$SPI_DeInit$0            stm8s_spi
     000083E1  Sstm8s_spi$SPI_DeInit$1            stm8s_spi
     000083E1  Sstm8s_spi$SPI_DeInit$2            stm8s_spi
     000083E1  _SPI_DeInit                        stm8s_spi
     000083E5  A$stm8s_spiug/stm8s_spi$66         stm8s_spi
     000083E5  Sstm8s_spi$SPI_DeInit$3            stm8s_spi
     000083E9  A$stm8s_spiug/stm8s_spi$69         stm8s_spi
     000083E9  Sstm8s_spi$SPI_DeInit$4            stm8s_spi
     000083ED  A$stm8s_spiug/stm8s_spi$72         stm8s_spi
     000083ED  Sstm8s_spi$SPI_DeInit$5            stm8s_spi
     000083F1  A$stm8s_spiug/stm8s_spi$75         stm8s_spi
     000083F1  Sstm8s_spi$SPI_DeInit$6            stm8s_spi
     000083F5  A$stm8s_spiug/stm8s_spi$80         stm8s_spi
     000083F5  Sstm8s_spi$SPI_DeInit$7            stm8s_spi
     000083F5  Sstm8s_spi$SPI_DeInit$8            stm8s_spi
     000083F5  XG$SPI_DeInit$0$0                  stm8s_spi
     000083F6  A$stm8s_spiug/stm8s_spi$89         stm8s_spi
     000083F6  Sstm8s_spi$SPI_DeInit$9            stm8s_spi
     000083F6  Sstm8s_spi$SPI_Init$10             stm8s_spi
     000083F6  Sstm8s_spi$SPI_Init$11             stm8s_spi
     000083F6  _SPI_Init                          stm8s_spi
     000083F7  A$stm8s_spiug/stm8s_spi$93         stm8s_spi
     000083F7  Sstm8s_spi$SPI_Init$12             stm8s_spi
     000083F7  Sstm8s_spi$SPI_Init$13             stm8s_spi
     000083F9  A$stm8s_spiug/stm8s_spi$94         stm8s_spi
     000083FB  A$stm8s_spiug/stm8s_spi$95         stm8s_spi
     000083FD  A$stm8s_spiug/stm8s_spi$98         stm8s_spi
     000083FD  Sstm8s_spi$SPI_Init$14             stm8s_spi
     000083FF  A$stm8s_spiug/stm8s_spi$99         stm8s_spi
     00008401  A$stm8s_spiug/stm8s_spi$100        stm8s_spi
     00008403  A$stm8s_spiug/stm8s_spi$101        stm8s_spi
     00008406  A$stm8s_spiug/stm8s_spi$104        stm8s_spi
     00008406  Sstm8s_spi$SPI_Init$15             stm8s_spi
ASxxxx Linker V03.00 + NoICE + sdld,  page 26.
Hexadecimal  [32-Bits]

Area                                    Addr        Size        Decimal Bytes (Attributes)
--------------------------------        ----        ----        ------- ----- ------------
CODE                                000080C2    00001419 =        5145. bytes (REL,CON)

      Value  Global                              Global Defined In Module
      -----  --------------------------------   ------------------------
     00008408  A$stm8s_spiug/stm8s_spi$105        stm8s_spi
     0000840A  A$stm8s_spiug/stm8s_spi$106        stm8s_spi
     0000840D  A$stm8s_spiug/stm8s_spi$109        stm8s_spi
     0000840D  Sstm8s_spi$SPI_Init$16             stm8s_spi
     00008410  A$stm8s_spiug/stm8s_spi$112        stm8s_spi
     00008410  Sstm8s_spi$SPI_Init$17             stm8s_spi
     00008411  A$stm8s_spiug/stm8s_spi$114        stm8s_spi
     00008411  Sstm8s_spi$SPI_Init$18             stm8s_spi
     00008413  A$stm8s_spiug/stm8s_spi$115        stm8s_spi
     00008415  A$stm8s_spiug/stm8s_spi$116        stm8s_spi
     00008416  A$stm8s_spiug/stm8s_spi$118        stm8s_spi
     00008416  Sstm8s_spi$SPI_Init$19             stm8s_spi
     00008418  A$stm8s_spiug/stm8s_spi$123        stm8s_spi
     00008418  Sstm8s_spi$SPI_Init$20             stm8s_spi
     00008418  Sstm8s_spi$SPI_Init$21             stm8s_spi
     00008418  Sstm8s_spi$SPI_Init$22             stm8s_spi
     0000841A  A$stm8s_spiug/stm8s_spi$124        stm8s_spi
     0000841D  A$stm8s_spiug/stm8s_spi$126        stm8s_spi
     0000841D  Sstm8s_spi$SPI_Init$23             stm8s_spi
     0000841F  A$stm8s_spiug/stm8s_spi$131        stm8s_spi
     0000841F  Sstm8s_spi$SPI_Init$24             stm8s_spi
     0000841F  Sstm8s_spi$SPI_Init$25             stm8s_spi
     00008421  A$stm8s_spiug/stm8s_spi$132        stm8s_spi
     00008424  A$stm8s_spiug/stm8s_spi$137        stm8s_spi
     00008424  Sstm8s_spi$SPI_Init$26             stm8s_spi
     00008424  Sstm8s_spi$SPI_Init$27             stm8s_spi
     00008427  A$stm8s_spiug/stm8s_spi$138        stm8s_spi
     00008429  A$stm8s_spiug/stm8s_spi$139        stm8s_spi
     0000842C  A$stm8s_spiug/stm8s_spi$142        stm8s_spi
     0000842C  Sstm8s_spi$SPI_Init$28             stm8s_spi
     0000842F  A$stm8s_spiug/stm8s_spi$143        stm8s_spi
     00008431  A$stm8s_spiug/stm8s_spi$144        stm8s_spi
     00008432  A$stm8s_spiug/stm8s_spi$147        stm8s_spi
     00008432  Sstm8s_spi$SPI_Init$29             stm8s_spi
     00008433  A$stm8s_spiug/stm8s_spi$151        stm8s_spi
     00008433  Sstm8s_spi$SPI_Init$30             stm8s_spi
     00008433  Sstm8s_spi$SPI_Init$31             stm8s_spi
     00008433  XG$SPI_Init$0$0                    stm8s_spi
     00008434  A$stm8s_spiug/stm8s_spi$162        stm8s_spi
     00008434  Sstm8s_spi$SPI_Cmd$33              stm8s_spi
     00008434  Sstm8s_spi$SPI_Cmd$34              stm8s_spi
     00008434  Sstm8s_spi$SPI_Cmd$35              stm8s_spi
     00008434  Sstm8s_spi$SPI_Init$32             stm8s_spi
     00008434  _SPI_Cmd                           stm8s_spi
     00008437  A$stm8s_spiug/stm8s_spi$165        stm8s_spi
     00008437  Sstm8s_spi$SPI_Cmd$36              stm8s_spi
     00008439  A$stm8s_spiug/stm8s_spi$166        stm8s_spi
     0000843B  A$stm8s_spiug/stm8s_spi$170        stm8s_spi
     0000843B  Sstm8s_spi$SPI_Cmd$37              stm8s_spi
     0000843B  Sstm8s_spi$SPI_Cmd$38              stm8s_spi
     0000843D  A$stm8s_spiug/stm8s_spi$171        stm8s_spi
ASxxxx Linker V03.00 + NoICE + sdld,  page 27.
Hexadecimal  [32-Bits]

Area                                    Addr        Size        Decimal Bytes (Attributes)
--------------------------------        ----        ----        ------- ----- ------------
CODE                                000080C2    00001419 =        5145. bytes (REL,CON)

      Value  Global                              Global Defined In Module
      -----  --------------------------------   ------------------------
     00008440  A$stm8s_spiug/stm8s_spi$173        stm8s_spi
     00008440  Sstm8s_spi$SPI_Cmd$39              stm8s_spi
     00008442  A$stm8s_spiug/stm8s_spi$178        stm8s_spi
     00008442  Sstm8s_spi$SPI_Cmd$40              stm8s_spi
     00008442  Sstm8s_spi$SPI_Cmd$41              stm8s_spi
     00008444  A$stm8s_spiug/stm8s_spi$179        stm8s_spi
     00008447  A$stm8s_spiug/stm8s_spi$186        stm8s_spi
     00008447  Sstm8s_spi$SPI_Cmd$42              stm8s_spi
     00008447  Sstm8s_spi$SPI_Cmd$43              stm8s_spi
     00008447  Sstm8s_spi$SPI_Cmd$44              stm8s_spi
     00008447  XG$SPI_Cmd$0$0                     stm8s_spi
     00008448  A$stm8s_spiug/stm8s_spi$197        stm8s_spi
     00008448  Sstm8s_spi$SPI_Cmd$45              stm8s_spi
     00008448  Sstm8s_spi$SPI_SendData$46         stm8s_spi
     00008448  Sstm8s_spi$SPI_SendData$47         stm8s_spi
     00008448  Sstm8s_spi$SPI_SendData$48         stm8s_spi
     00008448  _SPI_SendData                      stm8s_spi
     0000844B  A$stm8s_spiug/stm8s_spi$198        stm8s_spi
     0000844D  A$stm8s_spiug/stm8s_spi$199        stm8s_spi
     0000844E  A$stm8s_spiug/stm8s_spi$204        stm8s_spi
     0000844E  Sstm8s_spi$SPI_SendData$49         stm8s_spi
     0000844E  Sstm8s_spi$SPI_SendData$50         stm8s_spi
     0000844E  XG$SPI_SendData$0$0                stm8s_spi
     0000844F  A$stm8s_spiug/stm8s_spi$215        stm8s_spi
     0000844F  Sstm8s_spi$SPI_GetFlagStatus$52    stm8s_spi
     0000844F  Sstm8s_spi$SPI_GetFlagStatus$53    stm8s_spi
     0000844F  Sstm8s_spi$SPI_GetFlagStatus$54    stm8s_spi
     0000844F  Sstm8s_spi$SPI_SendData$51         stm8s_spi
     0000844F  _SPI_GetFlagStatus                 stm8s_spi
     00008452  A$stm8s_spiug/stm8s_spi$216        stm8s_spi
     00008454  A$stm8s_spiug/stm8s_spi$217        stm8s_spi
     00008456  A$stm8s_spiug/stm8s_spi$221        stm8s_spi
     00008456  Sstm8s_spi$SPI_GetFlagStatus$55    stm8s_spi
     00008456  Sstm8s_spi$SPI_GetFlagStatus$56    stm8s_spi
     00008458  A$stm8s_spiug/stm8s_spi$223        stm8s_spi
     00008458  Sstm8s_spi$SPI_GetFlagStatus$57    stm8s_spi
     0000845A  A$stm8s_spiug/stm8s_spi$228        stm8s_spi
     0000845A  Sstm8s_spi$SPI_GetFlagStatus$58    stm8s_spi
     0000845A  Sstm8s_spi$SPI_GetFlagStatus$59    stm8s_spi
     0000845B  A$stm8s_spiug/stm8s_spi$237        stm8s_spi
     0000845B  Sstm8s_spi$SPI_GetFlagStatus$60    stm8s_spi
     0000845B  Sstm8s_spi$SPI_GetFlagStatus$61    stm8s_spi
     0000845B  Sstm8s_spi$SPI_GetFlagStatus$62    stm8s_spi
     0000845B  Sstm8s_spi$SPI_GetFlagStatus$63    stm8s_spi
     0000845B  XG$SPI_GetFlagStatus$0$0           stm8s_spi
     0000845C  A$stm8s_spiug/stm8s_spi$248        stm8s_spi
     0000845C  Sstm8s_spi$SPI_ClearFlag$65        stm8s_spi
     0000845C  Sstm8s_spi$SPI_ClearFlag$66        stm8s_spi
     0000845C  Sstm8s_spi$SPI_ClearFlag$67        stm8s_spi
     0000845C  Sstm8s_spi$SPI_GetFlagStatus$64    stm8s_spi
     0000845C  _SPI_ClearFlag                     stm8s_spi
ASxxxx Linker V03.00 + NoICE + sdld,  page 28.
Hexadecimal  [32-Bits]

Area                                    Addr        Size        Decimal Bytes (Attributes)
--------------------------------        ----        ----        ------- ----- ------------
CODE                                000080C2    00001419 =        5145. bytes (REL,CON)

      Value  Global                              Global Defined In Module
      -----  --------------------------------   ------------------------
     0000845E  A$stm8s_spiug/stm8s_spi$249        stm8s_spi
     0000845F  A$stm8s_spiug/stm8s_spi$250        stm8s_spi
     00008462  A$stm8s_spiug/stm8s_spi$255        stm8s_spi
     00008462  Sstm8s_spi$SPI_ClearFlag$68        stm8s_spi
     00008462  Sstm8s_spi$SPI_ClearFlag$69        stm8s_spi
     00008462  XG$SPI_ClearFlag$0$0               stm8s_spi
     00008463  A$stm8s_uart1/stm8s_uart1$67       stm8s_uart1
     00008463  Sstm8s_spi$SPI_ClearFlag$70        stm8s_spi
     00008463  Sstm8s_uart1$UART1_DeInit$0        stm8s_uart1
     00008463  Sstm8s_uart1$UART1_DeInit$1        stm8s_uart1
     00008463  Sstm8s_uart1$UART1_DeInit$2        stm8s_uart1
     00008463  _UART1_DeInit                      stm8s_uart1
     00008466  A$stm8s_uart1/stm8s_uart1$70       stm8s_uart1
     00008466  Sstm8s_uart1$UART1_DeInit$3        stm8s_uart1
     00008469  A$stm8s_uart1/stm8s_uart1$73       stm8s_uart1
     00008469  Sstm8s_uart1$UART1_DeInit$4        stm8s_uart1
     0000846D  A$stm8s_uart1/stm8s_uart1$76       stm8s_uart1
     0000846D  Sstm8s_uart1$UART1_DeInit$5        stm8s_uart1
     00008471  A$stm8s_uart1/stm8s_uart1$79       stm8s_uart1
     00008471  Sstm8s_uart1$UART1_DeInit$6        stm8s_uart1
     00008475  A$stm8s_uart1/stm8s_uart1$82       stm8s_uart1
     00008475  Sstm8s_uart1$UART1_DeInit$7        stm8s_uart1
     00008479  A$stm8s_uart1/stm8s_uart1$85       stm8s_uart1
     00008479  Sstm8s_uart1$UART1_DeInit$8        stm8s_uart1
     0000847D  A$stm8s_uart1/stm8s_uart1$88       stm8s_uart1
     0000847D  Sstm8s_uart1$UART1_DeInit$9        stm8s_uart1
     00008481  A$stm8s_uart1/stm8s_uart1$91       stm8s_uart1
     00008481  Sstm8s_uart1$UART1_DeInit$10       stm8s_uart1
     00008485  A$stm8s_uart1/stm8s_uart1$94       stm8s_uart1
     00008485  Sstm8s_uart1$UART1_DeInit$11       stm8s_uart1
     00008489  A$stm8s_uart1/stm8s_uart1$97       stm8s_uart1
     00008489  Sstm8s_uart1$UART1_DeInit$12       stm8s_uart1
     0000848D  A$stm8s_uart1/stm8s_uart1$102      stm8s_uart1
     0000848D  Sstm8s_uart1$UART1_DeInit$13       stm8s_uart1
     0000848D  Sstm8s_uart1$UART1_DeInit$14       stm8s_uart1
     0000848D  XG$UART1_DeInit$0$0                stm8s_uart1
     0000848E  A$stm8s_uart1/stm8s_uart1$111      stm8s_uart1
     0000848E  Sstm8s_uart1$UART1_DeInit$15       stm8s_uart1
     0000848E  Sstm8s_uart1$UART1_Init$16         stm8s_uart1
     0000848E  Sstm8s_uart1$UART1_Init$17         stm8s_uart1
     0000848E  _UART1_Init                        stm8s_uart1
     00008490  A$stm8s_uart1/stm8s_uart1$115      stm8s_uart1
     00008490  Sstm8s_uart1$UART1_Init$18         stm8s_uart1
     00008490  Sstm8s_uart1$UART1_Init$19         stm8s_uart1
     00008494  A$stm8s_uart1/stm8s_uart1$118      stm8s_uart1
     00008494  Sstm8s_uart1$UART1_Init$20         stm8s_uart1
     00008497  A$stm8s_uart1/stm8s_uart1$119      stm8s_uart1
     00008499  A$stm8s_uart1/stm8s_uart1$120      stm8s_uart1
     0000849C  A$stm8s_uart1/stm8s_uart1$123      stm8s_uart1
     0000849C  Sstm8s_uart1$UART1_Init$21         stm8s_uart1
     0000849F  A$stm8s_uart1/stm8s_uart1$124      stm8s_uart1
ASxxxx Linker V03.00 + NoICE + sdld,  page 29.
Hexadecimal  [32-Bits]

Area                                    Addr        Size        Decimal Bytes (Attributes)
--------------------------------        ----        ----        ------- ----- ------------
CODE                                000080C2    00001419 =        5145. bytes (REL,CON)

      Value  Global                              Global Defined In Module
      -----  --------------------------------   ------------------------
     000084A1  A$stm8s_uart1/stm8s_uart1$125      stm8s_uart1
     000084A4  A$stm8s_uart1/stm8s_uart1$128      stm8s_uart1
     000084A4  Sstm8s_uart1$UART1_Init$22         stm8s_uart1
     000084A7  A$stm8s_uart1/stm8s_uart1$129      stm8s_uart1
     000084A9  A$stm8s_uart1/stm8s_uart1$130      stm8s_uart1
     000084AC  A$stm8s_uart1/stm8s_uart1$133      stm8s_uart1
     000084AC  Sstm8s_uart1$UART1_Init$23         stm8s_uart1
     000084AF  A$stm8s_uart1/stm8s_uart1$134      stm8s_uart1
     000084B1  A$stm8s_uart1/stm8s_uart1$135      stm8s_uart1
     000084B4  A$stm8s_uart1/stm8s_uart1$138      stm8s_uart1
     000084B4  Sstm8s_uart1$UART1_Init$24         stm8s_uart1
     000084B7  A$stm8s_uart1/stm8s_uart1$139      stm8s_uart1
     000084B9  A$stm8s_uart1/stm8s_uart1$140      stm8s_uart1
     000084BC  A$stm8s_uart1/stm8s_uart1$143      stm8s_uart1
     000084BC  Sstm8s_uart1$UART1_Init$25         stm8s_uart1
     000084BF  A$stm8s_uart1/stm8s_uart1$144      stm8s_uart1
     000084C3  A$stm8s_uart1/stm8s_uart1$147      stm8s_uart1
     000084C3  Sstm8s_uart1$UART1_Init$26         stm8s_uart1
     000084C6  A$stm8s_uart1/stm8s_uart1$148      stm8s_uart1
     000084C8  A$stm8s_uart1/stm8s_uart1$149      stm8s_uart1
     000084CB  A$stm8s_uart1/stm8s_uart1$152      stm8s_uart1
     000084CB  Sstm8s_uart1$UART1_Init$27         stm8s_uart1
     000084CE  A$stm8s_uart1/stm8s_uart1$153      stm8s_uart1
     000084D0  A$stm8s_uart1/stm8s_uart1$154      stm8s_uart1
     000084D3  A$stm8s_uart1/stm8s_uart1$157      stm8s_uart1
     000084D3  Sstm8s_uart1$UART1_Init$28         stm8s_uart1
     000084D6  A$stm8s_uart1/stm8s_uart1$158      stm8s_uart1
     000084D8  A$stm8s_uart1/stm8s_uart1$159      stm8s_uart1
     000084DA  A$stm8s_uart1/stm8s_uart1$160      stm8s_uart1
     000084DC  A$stm8s_uart1/stm8s_uart1$161      stm8s_uart1
     000084DE  A$stm8s_uart1/stm8s_uart1$162      stm8s_uart1
     000084E0  A$stm8s_uart1/stm8s_uart1$164      stm8s_uart1
     000084E1  A$stm8s_uart1/stm8s_uart1$165      stm8s_uart1
     000084E3  A$stm8s_uart1/stm8s_uart1$166      stm8s_uart1
     000084E5  A$stm8s_uart1/stm8s_uart1$167      stm8s_uart1
     000084E6  A$stm8s_uart1/stm8s_uart1$168      stm8s_uart1
     000084E8  A$stm8s_uart1/stm8s_uart1$169      stm8s_uart1
     000084EA  A$stm8s_uart1/stm8s_uart1$170      stm8s_uart1
     000084EB  A$stm8s_uart1/stm8s_uart1$172      stm8s_uart1
     000084EB  Sstm8s_uart1$UART1_Init$29         stm8s_uart1
     000084ED  A$stm8s_uart1/stm8s_uart1$173      stm8s_uart1
     000084EE  A$stm8s_uart1/stm8s_uart1$175      stm8s_uart1
     000084EE  Sstm8s_uart1$UART1_Init$30         stm8s_uart1
     000084F0  A$stm8s_uart1/stm8s_uart1$176      stm8s_uart1
     000084F1  A$stm8s_uart1/stm8s_uart1$178      stm8s_uart1
     000084F1  Sstm8s_uart1$UART1_Init$31         stm8s_uart1
     000084F3  A$stm8s_uart1/stm8s_uart1$180      stm8s_uart1
     000084F3  Sstm8s_uart1$UART1_Init$32         stm8s_uart1
     000084F6  A$stm8s_uart1/stm8s_uart1$181      stm8s_uart1
     000084F8  A$stm8s_uart1/stm8s_uart1$183      stm8s_uart1
     000084F8  Sstm8s_uart1$UART1_Init$33         stm8s_uart1
ASxxxx Linker V03.00 + NoICE + sdld,  page 30.
Hexadecimal  [32-Bits]

Area                                    Addr        Size        Decimal Bytes (Attributes)
--------------------------------        ----        ----        ------- ----- ------------
CODE                                000080C2    00001419 =        5145. bytes (REL,CON)

[...]
     0000924A  A$gpsld/Debug/gps$543              gps
     0000924B  A$gpsld/Debug/gps$544              gps
     0000924D  A$gpsld/Debug/gps$545              gps
     0000924F  A$gpsld/Debug/gps$546              gps
     00009251  A$gpsld/Debug/gps$547              gps
     00009254  A$gpsld/Debug/gps$548              gps
     00009255  A$gpsld/Debug/gps$549              gps
     00009257  A$gpsld/Debug/gps$550              gps
     00009259  A$gpsld/Debug/gps$551              gps
     0000925A  A$gpsld/Debug/gps$552              gps
     0000925B  A$gpsld/Debug/gps$553              gps
     0000925C  A$gpsld/Debug/gps$554              gps
     0000925E  A$gpsld/Debug/gps$555              gps
     00009260  A$gpsld/Debug/gps$556              gps
     00009262  A$gpsld/Debug/gps$557              gps
     00009263  A$gpsld/Debug/gps$558              gps
     00009265  A$gpsld/Debug/gps$559              gps
     00009267  A$gpsld/Debug/gps$560              gps
     00009268  A$gpsld/Debug/gps$561              gps
     0000926A  A$gpsld/Debug/gps$562              gps
     0000926C  A$gpsld/Debug/gps$563              gps
     0000926E  A$gpsld/Debug/gps$564              gps
     00009270  A$gpsld/Debug/gps$565              gps
     00009271  A$gpsld/Debug/gps$566              gps
     00009273  A$gpsld/Debug/gps$567              gps
     00009274  A$gpsld/Debug/gps$568              gps
     00009276  A$gpsld/Debug/gps$569              gps
     00009278  A$gpsld/Debug/gps$570              gps
     0000927A  A$gpsld/Debug/gps$571              gps
     0000927B  A$gpsld/Debug/gps$572              gps
     0000927D  A$gpsld/Debug/gps$573              gps
     0000927E  A$gpsld/Debug/gps$574              gps
ASxxxx Linker V03.00 + NoICE + sdld,  page 87.
Hexadecimal  [32-Bits]

Area                                    Addr        Size        Decimal Bytes (Attributes)
--------------------------------        ----        ----        ------- ----- ------------
CODE                                000080C2    00001419 =        5145. bytes (REL,CON)

      Value  Global                              Global Defined In Module
      -----  --------------------------------   ------------------------
     00009280  A$gpsld/Debug/gps$575              gps
     00009281  A$gpsld/Debug/gps$576              gps
     00009282  A$gpsld/Debug/gps$577              gps
     00009284  A$gpsld/Debug/gps$578              gps
     00009286  A$gpsld/Debug/gps$579              gps
     00009288  A$gpsld/Debug/gps$580              gps
     0000928A  A$gpsld/Debug/gps$583              gps
     0000928C  A$gpsld/Debug/gps$585              gps
     0000928D  A$gpsld/Debug/gps$586              gps
     0000928F  A$gpsld/Debug/gps$587              gps
     00009291  A$gpsld/Debug/gps$588              gps
     00009293  A$gpsld/Debug/gps$589              gps
     00009295  A$gpsld/Debug/gps$590              gps
     00009297  A$gpsld/Debug/gps$594              gps
     00009297  Sgps$checksum$133                  gps
     00009297  Sgps$checksum$134                  gps
     00009299  A$gpsld/Debug/gps$595              gps
     0000929B  A$gpsld/Debug/gps$596              gps
     0000929D  A$gpsld/Debug/gps$598              gps
     0000929D  Sgps$checksum$135                  gps
     0000929E  A$gpsld/Debug/gps$599              gps
     000092A0  A$gpsld/Debug/gps$601              gps
     000092A2  A$gpsld/Debug/gps$602              gps
     000092A3  A$gpsld/Debug/gps$603              gps
     000092A4  A$gpsld/Debug/gps$604              gps
     000092A5  A$gpsld/Debug/gps$605              gps
     000092A6  A$gpsld/Debug/gps$606              gps
     000092A7  A$gpsld/Debug/gps$607              gps
     000092A9  A$gpsld/Debug/gps$608              gps
     000092AB  A$gpsld/Debug/gps$609              gps
     000092AC  A$gpsld/Debug/gps$610              gps
     000092AD  A$gpsld/Debug/gps$611              gps
     000092AE  A$gpsld/Debug/gps$612              gps
     000092B0  A$gpsld/Debug/gps$613              gps
     000092B2  A$gpsld/Debug/gps$616              gps
     000092B4  A$gpsld/Debug/gps$618              gps
     000092B5  A$gpsld/Debug/gps$619              gps
     000092B6  A$gpsld/Debug/gps$620              gps
     000092B8  A$gpsld/Debug/gps$622              gps
     000092B8  Sgps$checksum$136                  gps
     000092BA  A$gpsld/Debug/gps$624              gps
     000092BA  Sgps$checksum$137                  gps
     000092BB  A$gpsld/Debug/gps$626              gps
     000092BB  Sgps$checksum$138                  gps
     000092BE  A$gpsld/Debug/gps$627              gps
     000092C0  A$gpsld/Debug/gps$629              gps
     000092C0  Sgps$checksum$139                  gps
     000092C2  A$gpsld/Debug/gps$630              gps
     000092C4  A$gpsld/Debug/gps$631              gps
     000092C5  A$gpsld/Debug/gps$632              gps
     000092C7  A$gpsld/Debug/gps$633              gps
ASxxxx Linker V03.00 + NoICE + sdld,  page 88.
Hexadecimal  [32-Bits]

Area                                    Addr        Size        Decimal Bytes (Attributes)
--------------------------------        ----        ----        ------- ----- ------------
CODE                                000080C2    00001419 =        5145. bytes (REL,CON)

      Value  Global                              Global Defined In Module
      -----  --------------------------------   ------------------------
     000092C9  A$gpsld/Debug/gps$634              gps
     000092CC  A$gpsld/Debug/gps$638              gps
     000092CC  Sgps$checksum$140                  gps
     000092CE  A$gpsld/Debug/gps$639              gps
     000092CF  A$gpsld/Debug/gps$640              gps
     000092D0  A$gpsld/Debug/gps$641              gps
     000092D2  A$gpsld/Debug/gps$642              gps
     000092D4  A$gpsld/Debug/gps$643              gps
     000092D5  A$gpsld/Debug/gps$644              gps
     000092D6  A$gpsld/Debug/gps$645              gps
     000092D7  A$gpsld/Debug/gps$646              gps
     000092D9  A$gpsld/Debug/gps$647              gps
     000092DA  A$gpsld/Debug/gps$648              gps
     000092DD  A$gpsld/Debug/gps$649              gps
     000092DE  A$gpsld/Debug/gps$650              gps
     000092E0  A$gpsld/Debug/gps$651              gps
     000092E2  A$gpsld/Debug/gps$652              gps
     000092E3  A$gpsld/Debug/gps$653              gps
     000092E5  A$gpsld/Debug/gps$654              gps
     000092E7  A$gpsld/Debug/gps$655              gps
     000092E9  A$gpsld/Debug/gps$656              gps
     000092EB  A$gpsld/Debug/gps$657              gps
     000092ED  A$gpsld/Debug/gps$658              gps
     000092EF  A$gpsld/Debug/gps$659              gps
     000092F1  A$gpsld/Debug/gps$660              gps
     000092F3  A$gpsld/Debug/gps$661              gps
     000092F4  A$gpsld/Debug/gps$662              gps
     000092F5  A$gpsld/Debug/gps$663              gps
     000092F6  A$gpsld/Debug/gps$664              gps
     000092F8  A$gpsld/Debug/gps$665              gps
     000092F9  A$gpsld/Debug/gps$666              gps
     000092FC  A$gpsld/Debug/gps$667              gps
     000092FD  A$gpsld/Debug/gps$668              gps
     000092FE  A$gpsld/Debug/gps$669              gps
     000092FF  A$gpsld/Debug/gps$670              gps
     00009301  A$gpsld/Debug/gps$671              gps
     00009303  A$gpsld/Debug/gps$672              gps
     00009305  A$gpsld/Debug/gps$673              gps
     00009306  A$gpsld/Debug/gps$674              gps
     00009308  A$gpsld/Debug/gps$677              gps
     00009308  Sgps$checksum$141                  gps
     0000930A  A$gpsld/Debug/gps$678              gps
     0000930C  A$gpsld/Debug/gps$679              gps
     0000930D  A$gpsld/Debug/gps$680              gps
     0000930E  A$gpsld/Debug/gps$681              gps
     0000930F  A$gpsld/Debug/gps$682              gps
     00009311  A$gpsld/Debug/gps$683              gps
     00009312  A$gpsld/Debug/gps$684              gps
     00009315  A$gpsld/Debug/gps$685              gps
     00009316  A$gpsld/Debug/gps$686              gps
     00009318  A$gpsld/Debug/gps$687              gps
ASxxxx Linker V03.00 + NoICE + sdld,  page 89.
Hexadecimal  [32-Bits]

Area                                    Addr        Size        Decimal Bytes (Attributes)
--------------------------------        ----        ----        ------- ----- ------------
CODE                                000080C2    00001419 =        5145. bytes (REL,CON)

      Value  Global                              Global Defined In Module
      -----  --------------------------------   ------------------------
     00009319  A$gpsld/Debug/gps$688              gps
     0000931A  A$gpsld/Debug/gps$689              gps
     0000931B  A$gpsld/Debug/gps$690              gps
     0000931C  A$gpsld/Debug/gps$691              gps
     0000931E  A$gpsld/Debug/gps$692              gps
     00009320  A$gpsld/Debug/gps$693              gps
     00009322  A$gpsld/Debug/gps$694              gps
     00009324  A$gpsld/Debug/gps$695              gps
     00009326  A$gpsld/Debug/gps$696              gps
     00009327  A$gpsld/Debug/gps$697              gps
     00009328  A$gpsld/Debug/gps$698              gps
     00009329  A$gpsld/Debug/gps$699              gps
     0000932B  A$gpsld/Debug/gps$700              gps
     0000932C  A$gpsld/Debug/gps$701              gps
     0000932F  A$gpsld/Debug/gps$702              gps
     00009330  A$gpsld/Debug/gps$703              gps
     00009331  A$gpsld/Debug/gps$704              gps
     00009332  A$gpsld/Debug/gps$705              gps
     00009334  A$gpsld/Debug/gps$706              gps
     00009335  A$gpsld/Debug/gps$707              gps
     00009337  A$gpsld/Debug/gps$708              gps
     00009339  A$gpsld/Debug/gps$709              gps
     0000933B  A$gpsld/Debug/gps$711              gps
     0000933D  A$gpsld/Debug/gps$712              gps
     0000933F  A$gpsld/Debug/gps$714              gps
     00009340  A$gpsld/Debug/gps$715              gps
     00009341  A$gpsld/Debug/gps$716              gps
     00009342  A$gpsld/Debug/gps$717              gps
     00009344  A$gpsld/Debug/gps$718              gps
     00009345  A$gpsld/Debug/gps$720              gps
     00009347  A$gpsld/Debug/gps$721              gps
     0000934A  A$gpsld/Debug/gps$722              gps
     0000934B  A$gpsld/Debug/gps$723              gps
     0000934D  A$gpsld/Debug/gps$724              gps
     0000934E  A$gpsld/Debug/gps$725              gps
     00009350  A$gpsld/Debug/gps$726              gps
     00009351  A$gpsld/Debug/gps$727              gps
     00009353  A$gpsld/Debug/gps$728              gps
     00009355  A$gpsld/Debug/gps$731              gps
     00009355  Sgps$checksum$142                  gps
     00009357  A$gpsld/Debug/gps$732              gps
     00009358  A$gpsld/Debug/gps$733              gps
     0000935A  A$gpsld/Debug/gps$734              gps
     0000935D  A$gpsld/Debug/gps$738              gps
     0000935D  Sgps$checksum$143                  gps
     00009360  A$gpsld/Debug/gps$739              gps
     00009362  A$gpsld/Debug/gps$740              gps
     00009364  A$gpsld/Debug/gps$741              gps
     00009365  A$gpsld/Debug/gps$742              gps
     00009367  A$gpsld/Debug/gps$743              gps
     00009368  A$gpsld/Debug/gps$744              gps
ASxxxx Linker V03.00 + NoICE + sdld,  page 90.
Hexadecimal  [32-Bits]

Area                                    Addr        Size        Decimal Bytes (Attributes)
--------------------------------        ----        ----        ------- ----- ------------
CODE                                000080C2    00001419 =        5145. bytes (REL,CON)

      Value  Global                              Global Defined In Module
      -----  --------------------------------   ------------------------
     0000936A  A$gpsld/Debug/gps$745              gps
     0000936C  A$gpsld/Debug/gps$746              gps
     0000936E  A$gpsld/Debug/gps$747              gps
     00009371  A$gpsld/Debug/gps$748              gps
     00009372  A$gpsld/Debug/gps$749              gps
     00009373  A$gpsld/Debug/gps$750              gps
     00009375  A$gpsld/Debug/gps$751              gps
     00009377  A$gpsld/Debug/gps$752              gps
     00009379  A$gpsld/Debug/gps$753              gps
     0000937A  A$gpsld/Debug/gps$754              gps
     0000937C  A$gpsld/Debug/gps$757              gps
     0000937C  Sgps$checksum$144                  gps
     0000937F  A$gpsld/Debug/gps$758              gps
     00009380  A$gpsld/Debug/gps$759              gps
     00009382  A$gpsld/Debug/gps$760              gps
     00009384  A$gpsld/Debug/gps$761              gps
     00009385  A$gpsld/Debug/gps$762              gps
     00009387  A$gpsld/Debug/gps$763              gps
     00009389  A$gpsld/Debug/gps$764              gps
     0000938B  A$gpsld/Debug/gps$765              gps
     0000938C  A$gpsld/Debug/gps$766              gps
     0000938E  A$gpsld/Debug/gps$767              gps
     00009391  A$gpsld/Debug/gps$768              gps
     00009392  A$gpsld/Debug/gps$769              gps
     00009394  A$gpsld/Debug/gps$770              gps
     00009395  A$gpsld/Debug/gps$771              gps
     00009396  A$gpsld/Debug/gps$772              gps
     00009398  A$gpsld/Debug/gps$773              gps
     0000939A  A$gpsld/Debug/gps$774              gps
     0000939C  A$gpsld/Debug/gps$775              gps
     0000939E  A$gpsld/Debug/gps$778              gps
     000093A0  A$gpsld/Debug/gps$780              gps
     000093A1  A$gpsld/Debug/gps$781              gps
     000093A3  A$gpsld/Debug/gps$782              gps
     000093A4  A$gpsld/Debug/gps$783              gps
     000093A6  A$gpsld/Debug/gps$784              gps
     000093A8  A$gpsld/Debug/gps$785              gps
     000093A9  A$gpsld/Debug/gps$786              gps
     000093AB  A$gpsld/Debug/gps$787              gps
     000093AD  A$gpsld/Debug/gps$791              gps
     000093AD  Sgps$checksum$145                  gps
     000093AD  Sgps$checksum$146                  gps
     000093AF  A$gpsld/Debug/gps$792              gps
     000093B1  A$gpsld/Debug/gps$796              gps
     000093B1  Sgps$checksum$147                  gps
     000093B2  A$gpsld/Debug/gps$800              gps
     000093B2  Sgps$checksum$148                  gps
     000093B4  A$gpsld/Debug/gps$804              gps
     000093B4  Sgps$checksum$149                  gps
     000093B4  Sgps$checksum$150                  gps
     000093B4  XFgps$checksum$0$0                 gps
ASxxxx Linker V03.00 + NoICE + sdld,  page 91.
Hexadecimal  [32-Bits]

Area                                    Addr        Size        Decimal Bytes (Attributes)
--------------------------------        ----        ----        ------- ----- ------------
CODE                                000080C2    00001419 =        5145. bytes (REL,CON)

      Value  Global                              Global Defined In Module
      -----  --------------------------------   ------------------------
     000093B5  Sgps$checksum$151                  gps
     000093B5  __divulong                         
     0000940F  _strchr                            _strchr
     00009435  __modsint                          
     0000944B  __mullong                          
     000094C7  __divsint                          

ASxxxx Linker V03.00 + NoICE + sdld,  page 92.
Hexadecimal  [32-Bits]

Area                                    Addr        Size        Decimal Bytes (Attributes)
--------------------------------        ----        ----        ------- ----- ------------
.debug_line                         00000000    00001A40 =        6720. bytes (REL,CON)

      Value  Global                              Global Defined In Module
      -----  --------------------------------   ------------------------
ASxxxx Linker V03.00 + NoICE + sdld,  page 93.
Hexadecimal  [32-Bits]

Area                                    Addr        Size        Decimal Bytes (Attributes)
--------------------------------        ----        ----        ------- ----- ------------
.debug_loc                          00000000    00001874 =        6260. bytes (REL,CON)

      Value  Global                              Global Defined In Module
      -----  --------------------------------   ------------------------
ASxxxx Linker V03.00 + NoICE + sdld,  page 94.
Hexadecimal  [32-Bits]

Area                                    Addr        Size        Decimal Bytes (Attributes)
--------------------------------        ----        ----        ------- ----- ------------
.debug_abbrev                       00000000    000006D2 =        1746. bytes (REL,CON)

      Value  Global                              Global Defined In Module
      -----  --------------------------------   ------------------------
ASxxxx Linker V03.00 + NoICE + sdld,  page 95.
Hexadecimal  [32-Bits]

Area                                    Addr        Size        Decimal Bytes (Attributes)
--------------------------------        ----        ----        ------- ----- ------------
.debug_info                         00000000    00001EF3 =        7923. bytes (REL,CON)

      Value  Global                              Global Defined In Module
      -----  --------------------------------   ------------------------
ASxxxx Linker V03.00 + NoICE + sdld,  page 96.
Hexadecimal  [32-Bits]

Area                                    Addr        Size        Decimal Bytes (Attributes)
--------------------------------        ----        ----        ------- ----- ------------
.debug_pubnames                     00000000    000006A6 =        1702. bytes (REL,CON)

      Value  Global                              Global Defined In Module
      -----  --------------------------------   ------------------------
ASxxxx Linker V03.00 + NoICE + sdld,  page 97.
Hexadecimal  [32-Bits]

Area                                    Addr        Size        Decimal Bytes (Attributes)
--------------------------------        ----        ----        ------- ----- ------------
.debug_frame                        00000000    00001599 =        5529. bytes (REL,CON)

      Value  Global                              Global Defined In Module
      -----  --------------------------------   ------------------------
ASxxxx Linker V03.00 + NoICE + sdld,  page 98.

Files Linked                              [ module(s) ]

Build/Debug/main.rel                      [ main ]
Build/Debug/stm8s_gpio.rel                [ stm8s_gpio ]
Build/Debug/stm8s_clk.rel                 [ stm8s_clk ]
Build/Debug/stm8s_spi.rel                 [ stm8s_spi ]
Build/Debug/stm8s_uart1.rel               [ stm8s_uart1 ]
Build/Debug/stm8s_beep.rel                [ stm8s_beep ]
Build/Debug/stm8s_exti.rel                [ stm8s_exti ]
Build/Debug/stm8s_itc.rel                 [ stm8s_itc ]
Build/Debug/stm8s_tim4.rel                [ stm8s_tim4 ]
Build/Debug/soft_i2c.rel                  [ soft_i2c ]
Build/Debug/nixie.rel                     [ nixie ]
Build/Debug/ds3231.rel                    [ ds3231 ]
Build/Debug/gps.rel                       [ gps ]


Libraries Linked                          [ object file ]

C:\Program Files\SDCC\bin\..\lib\stm8/stm8.lib
                                          [ _divulong.rel ]
C:\Program Files\SDCC\bin\..\lib\stm8/stm8.lib
                                          [ _strchr.rel ]
C:\Program Files\SDCC\bin\..\lib\stm8/stm8.lib
                                          [ _modsint.rel ]
C:\Program Files\SDCC\bin\..\lib\stm8/stm8.lib
                                          [ _mullong.rel ]
C:\Program Files\SDCC\bin\..\lib\stm8/stm8.lib
                                          [ _divsint.rel ]

ASxxxx Linker V03.00 + NoICE + sdld,  page 99.

User Base Address Definitions

HOME = 0x8000
DATA = 0x0001
SSEG = 0xffffffff

